Component: ARM Compiler 5.06 update 6 (build 750) Tool: armlink [4d35ed]

==============================================================================

Section Cross References

    main.o(i.main) refers to nrf_log_frontend.o(i.nrf_log_init) for nrf_log_init
    main.o(i.main) refers to app_error.o(i.app_error_handler_bare) for app_error_handler_bare
    main.o(i.main) refers to nrf_log_frontend.o(i.nrf_log_frontend_std_0) for nrf_log_frontend_std_0
    main.o(i.main) refers to nrf_log_frontend.o(i.nrf_log_frontend_dequeue) for nrf_log_frontend_dequeue
    main.o(i.main) refers to 9324_lib.o(i.twi_init) for twi_init
    main.o(i.main) refers to 9324_lib.o(i.SX9324_read_whoami) for SX9324_read_whoami
    main.o(i.main) refers to system_nrf51.o(.data) for SystemCoreClock
    main.o(i.main) refers to main.o(.data) for .data
    boards.o(i.bsp_board_button_idx_to_pin) refers to boards.o(.constdata) for .constdata
    boards.o(i.bsp_board_button_state_get) refers to boards.o(.constdata) for .constdata
    boards.o(i.bsp_board_buttons_init) refers to boards.o(i.nrf_gpio_cfg) for nrf_gpio_cfg
    boards.o(i.bsp_board_buttons_init) refers to boards.o(.constdata) for .constdata
    boards.o(i.bsp_board_led_idx_to_pin) refers to boards.o(.constdata) for .constdata
    boards.o(i.bsp_board_led_invert) refers to boards.o(.constdata) for .constdata
    boards.o(i.bsp_board_led_off) refers to boards.o(i.nrf_gpio_pin_write) for nrf_gpio_pin_write
    boards.o(i.bsp_board_led_off) refers to boards.o(.constdata) for .constdata
    boards.o(i.bsp_board_led_on) refers to boards.o(i.nrf_gpio_pin_write) for nrf_gpio_pin_write
    boards.o(i.bsp_board_led_on) refers to boards.o(.constdata) for .constdata
    boards.o(i.bsp_board_led_state_get) refers to boards.o(.constdata) for .constdata
    boards.o(i.bsp_board_leds_init) refers to boards.o(i.nrf_gpio_cfg) for nrf_gpio_cfg
    boards.o(i.bsp_board_leds_init) refers to boards.o(i.bsp_board_leds_off) for bsp_board_leds_off
    boards.o(i.bsp_board_leds_init) refers to boards.o(.constdata) for .constdata
    boards.o(i.bsp_board_leds_off) refers to boards.o(i.bsp_board_led_off) for bsp_board_led_off
    boards.o(i.bsp_board_leds_on) refers to boards.o(i.bsp_board_led_on) for bsp_board_led_on
    boards.o(i.bsp_board_pin_to_button_idx) refers to boards.o(.constdata) for .constdata
    boards.o(i.bsp_board_pin_to_led_idx) refers to boards.o(.constdata) for .constdata
    nrf_drv_uart.o(i.UART0_IRQHandler) refers to nrf_drv_uart.o(i.uart_irq_handler) for uart_irq_handler
    nrf_drv_uart.o(i.UART0_IRQHandler) refers to nrf_drv_uart.o(.bss) for .bss
    nrf_drv_uart.o(i.apply_config) refers to nrf_drv_uart.o(i.nrf_gpio_cfg_output) for nrf_gpio_cfg_output
    nrf_drv_uart.o(i.apply_config) refers to nrf_drv_uart.o(i.nrf_gpio_cfg_input) for nrf_gpio_cfg_input
    nrf_drv_uart.o(i.nrf_drv_uart_init) refers to nrf_drv_uart.o(i.apply_config) for apply_config
    nrf_drv_uart.o(i.nrf_drv_uart_init) refers to nrf_drv_common.o(i.nrf_drv_common_irq_enable) for nrf_drv_common_irq_enable
    nrf_drv_uart.o(i.nrf_drv_uart_init) refers to nrf_drv_uart.o(.bss) for .bss
    nrf_drv_uart.o(i.nrf_drv_uart_rx) refers to nrf_drv_uart.o(i.nrf_drv_uart_rx_for_uart) for nrf_drv_uart_rx_for_uart
    nrf_drv_uart.o(i.nrf_drv_uart_rx) refers to nrf_drv_uart.o(.bss) for .bss
    nrf_drv_uart.o(i.nrf_drv_uart_rx_disable) refers to nrf_drv_uart.o(.bss) for .bss
    nrf_drv_uart.o(i.nrf_drv_uart_rx_enable) refers to nrf_drv_uart.o(i.rx_enable) for rx_enable
    nrf_drv_uart.o(i.nrf_drv_uart_rx_enable) refers to nrf_drv_uart.o(.bss) for .bss
    nrf_drv_uart.o(i.nrf_drv_uart_rx_for_uart) refers to nrf_drv_uart.o(i.rx_enable) for rx_enable
    nrf_drv_uart.o(i.nrf_drv_uart_rx_for_uart) refers to nrf_drv_uart.o(i.nrf_uart_event_check) for nrf_uart_event_check
    nrf_drv_uart.o(i.nrf_drv_uart_rx_for_uart) refers to nrf_drv_uart.o(i.rx_byte) for rx_byte
    nrf_drv_uart.o(i.nrf_drv_uart_rx_for_uart) refers to nrf_drv_uart.o(.bss) for .bss
    nrf_drv_uart.o(i.nrf_drv_uart_tx) refers to nrf_drv_uart.o(i.nrf_drv_uart_tx_in_progress) for nrf_drv_uart_tx_in_progress
    nrf_drv_uart.o(i.nrf_drv_uart_tx) refers to nrf_drv_uart.o(i.nrf_drv_uart_tx_for_uart) for nrf_drv_uart_tx_for_uart
    nrf_drv_uart.o(i.nrf_drv_uart_tx) refers to nrf_drv_uart.o(.bss) for .bss
    nrf_drv_uart.o(i.nrf_drv_uart_tx_abort) refers to nrf_drv_uart.o(i.tx_done_event) for tx_done_event
    nrf_drv_uart.o(i.nrf_drv_uart_tx_abort) refers to nrf_drv_uart.o(.bss) for .bss
    nrf_drv_uart.o(i.nrf_drv_uart_tx_for_uart) refers to nrf_drv_uart.o(i.tx_byte) for tx_byte
    nrf_drv_uart.o(i.nrf_drv_uart_tx_for_uart) refers to nrf_drv_uart.o(i.nrf_uart_event_check) for nrf_uart_event_check
    nrf_drv_uart.o(i.nrf_drv_uart_tx_for_uart) refers to nrf_drv_uart.o(.bss) for .bss
    nrf_drv_uart.o(i.nrf_drv_uart_tx_in_progress) refers to nrf_drv_uart.o(.bss) for .bss
[...]
    printf3.o(i.__0vfprintf$3) refers to printf3.o(i._printf_core) for _printf_core
    printf3.o(i.__0vfprintf$3) refers to retarget.o(i.fputc) for fputc
    printf3.o(i.__0vprintf$3) refers to printf3.o(i._printf_core) for _printf_core
    printf3.o(i.__0vprintf$3) refers to retarget.o(i.fputc) for fputc
    printf3.o(i.__0vprintf$3) refers to retarget.o(.data) for __stdout
    printf3.o(i.__0vsnprintf$3) refers to printf3.o(i._printf_core) for _printf_core
    printf3.o(i.__0vsnprintf$3) refers to printf3.o(i._snputc) for _snputc
    printf3.o(i.__0vsprintf$3) refers to printf3.o(i._printf_core) for _printf_core
    printf3.o(i.__0vsprintf$3) refers to printf3.o(i._sputc) for _sputc
    printf3.o(i._printf_core) refers to uidiv.o(.text) for __aeabi_uidivmod
    printf4.o(i.__0fprintf$4) refers to printf4.o(i._printf_core) for _printf_core
    printf4.o(i.__0fprintf$4) refers to retarget.o(i.fputc) for fputc
    printf4.o(i.__0printf$4) refers to printf4.o(i._printf_core) for _printf_core
    printf4.o(i.__0printf$4) refers to retarget.o(i.fputc) for fputc
    printf4.o(i.__0printf$4) refers to retarget.o(.data) for __stdout
    printf4.o(i.__0snprintf$4) refers to printf4.o(i._printf_core) for _printf_core
    printf4.o(i.__0snprintf$4) refers to printf4.o(i._snputc) for _snputc
    printf4.o(i.__0sprintf$4) refers to printf4.o(i._printf_core) for _printf_core
    printf4.o(i.__0sprintf$4) refers to printf4.o(i._sputc) for _sputc
    printf4.o(i.__0vfprintf$4) refers to printf4.o(i._printf_core) for _printf_core
    printf4.o(i.__0vfprintf$4) refers to retarget.o(i.fputc) for fputc
    printf4.o(i.__0vprintf$4) refers to printf4.o(i._printf_core) for _printf_core
    printf4.o(i.__0vprintf$4) refers to retarget.o(i.fputc) for fputc
    printf4.o(i.__0vprintf$4) refers to retarget.o(.data) for __stdout
    printf4.o(i.__0vsnprintf$4) refers to printf4.o(i._printf_core) for _printf_core
    printf4.o(i.__0vsnprintf$4) refers to printf4.o(i._snputc) for _snputc
    printf4.o(i.__0vsprintf$4) refers to printf4.o(i._printf_core) for _printf_core
    printf4.o(i.__0vsprintf$4) refers to printf4.o(i._sputc) for _sputc
    printf4.o(i._printf_core) refers to uldiv.o(.text) for __aeabi_uldivmod
    printf5.o(i.__0fprintf$5) refers to printf5.o(i._printf_core) for _printf_core
    printf5.o(i.__0fprintf$5) refers to retarget.o(i.fputc) for fputc
    printf5.o(i.__0printf$5) refers to printf5.o(i._printf_core) for _printf_core
    printf5.o(i.__0printf$5) refers to retarget.o(i.fputc) for fputc
    printf5.o(i.__0printf$5) refers to retarget.o(.data) for __stdout
    printf5.o(i.__0snprintf$5) refers to printf5.o(i._printf_core) for _printf_core
    printf5.o(i.__0snprintf$5) refers to printf5.o(i._snputc) for _snputc
    printf5.o(i.__0sprintf$5) refers to printf5.o(i._printf_core) for _printf_core
    printf5.o(i.__0sprintf$5) refers to printf5.o(i._sputc) for _sputc
    printf5.o(i.__0vfprintf$5) refers to printf5.o(i._printf_core) for _printf_core
    printf5.o(i.__0vfprintf$5) refers to retarget.o(i.fputc) for fputc
    printf5.o(i.__0vprintf$5) refers to printf5.o(i._printf_core) for _printf_core
    printf5.o(i.__0vprintf$5) refers to retarget.o(i.fputc) for fputc
    printf5.o(i.__0vprintf$5) refers to retarget.o(.data) for __stdout
    printf5.o(i.__0vsnprintf$5) refers to printf5.o(i._printf_core) for _printf_core
    printf5.o(i.__0vsnprintf$5) refers to printf5.o(i._snputc) for _snputc
    printf5.o(i.__0vsprintf$5) refers to printf5.o(i._printf_core) for _printf_core
    printf5.o(i.__0vsprintf$5) refers to printf5.o(i._sputc) for _sputc
    printf5.o(i._printf_core) refers to uldiv.o(.text) for __aeabi_uldivmod
    printf6.o(i.__0fprintf$6) refers to printf6.o(i._printf_core) for _printf_core
    printf6.o(i.__0fprintf$6) refers to retarget.o(i.fputc) for fputc
    printf6.o(i.__0printf$6) refers to printf6.o(i._printf_core) for _printf_core
    printf6.o(i.__0printf$6) refers to retarget.o(i.fputc) for fputc
    printf6.o(i.__0printf$6) refers to retarget.o(.data) for __stdout
    printf6.o(i.__0snprintf$6) refers to printf6.o(i._printf_core) for _printf_core
    printf6.o(i.__0snprintf$6) refers to printf6.o(i._snputc) for _snputc
    printf6.o(i.__0sprintf$6) refers to printf6.o(i._printf_core) for _printf_core
    printf6.o(i.__0sprintf$6) refers to printf6.o(i._sputc) for _sputc
    printf6.o(i.__0vfprintf$6) refers to printf6.o(i._printf_core) for _printf_core
    printf6.o(i.__0vfprintf$6) refers to retarget.o(i.fputc) for fputc
    printf6.o(i.__0vprintf$6) refers to printf6.o(i._printf_core) for _printf_core
    printf6.o(i.__0vprintf$6) refers to retarget.o(i.fputc) for fputc
    printf6.o(i.__0vprintf$6) refers to retarget.o(.data) for __stdout
    printf6.o(i.__0vsnprintf$6) refers to printf6.o(i._printf_core) for _printf_core
    printf6.o(i.__0vsnprintf$6) refers to printf6.o(i._snputc) for _snputc
    printf6.o(i.__0vsprintf$6) refers to printf6.o(i._printf_core) for _printf_core
    printf6.o(i.__0vsprintf$6) refers to printf6.o(i._sputc) for _sputc
    printf6.o(i._printf_core) refers to printf6.o(i._printf_pre_padding) for _printf_pre_padding
    printf6.o(i._printf_core) refers to printf6.o(i._printf_post_padding) for _printf_post_padding
    printf6.o(i._printf_core) refers to uidiv.o(.text) for __aeabi_uidivmod
    printf7.o(i.__0fprintf$7) refers to printf7.o(i._printf_core) for _printf_core
    printf7.o(i.__0fprintf$7) refers to retarget.o(i.fputc) for fputc
    printf7.o(i.__0printf$7) refers to printf7.o(i._printf_core) for _printf_core
    printf7.o(i.__0printf$7) refers to retarget.o(i.fputc) for fputc
    printf7.o(i.__0printf$7) refers to retarget.o(.data) for __stdout
    printf7.o(i.__0snprintf$7) refers to printf7.o(i._printf_core) for _printf_core
    printf7.o(i.__0snprintf$7) refers to printf7.o(i._snputc) for _snputc
    printf7.o(i.__0sprintf$7) refers to printf7.o(i._printf_core) for _printf_core
    printf7.o(i.__0sprintf$7) refers to printf7.o(i._sputc) for _sputc
    printf7.o(i.__0vfprintf$7) refers to printf7.o(i._printf_core) for _printf_core
    printf7.o(i.__0vfprintf$7) refers to retarget.o(i.fputc) for fputc
    printf7.o(i.__0vprintf$7) refers to printf7.o(i._printf_core) for _printf_core
    printf7.o(i.__0vprintf$7) refers to retarget.o(i.fputc) for fputc
    printf7.o(i.__0vprintf$7) refers to retarget.o(.data) for __stdout
    printf7.o(i.__0vsnprintf$7) refers to printf7.o(i._printf_core) for _printf_core
    printf7.o(i.__0vsnprintf$7) refers to printf7.o(i._snputc) for _snputc
    printf7.o(i.__0vsprintf$7) refers to printf7.o(i._printf_core) for _printf_core
    printf7.o(i.__0vsprintf$7) refers to printf7.o(i._sputc) for _sputc
    printf7.o(i._printf_core) refers to printf7.o(i._printf_pre_padding) for _printf_pre_padding
    printf7.o(i._printf_core) refers to printf7.o(i._printf_post_padding) for _printf_post_padding
    printf7.o(i._printf_core) refers to uldiv.o(.text) for __aeabi_uldivmod
    printf8.o(i.__0fprintf$8) refers to printf8.o(i._printf_core) for _printf_core
    printf8.o(i.__0fprintf$8) refers to retarget.o(i.fputc) for fputc
    printf8.o(i.__0printf$8) refers to printf8.o(i._printf_core) for _printf_core
    printf8.o(i.__0printf$8) refers to retarget.o(i.fputc) for fputc
    printf8.o(i.__0printf$8) refers to retarget.o(.data) for __stdout
    printf8.o(i.__0snprintf$8) refers to printf8.o(i._printf_core) for _printf_core
    printf8.o(i.__0snprintf$8) refers to printf8.o(i._snputc) for _snputc
    printf8.o(i.__0sprintf$8) refers to printf8.o(i._printf_core) for _printf_core
    printf8.o(i.__0sprintf$8) refers to printf8.o(i._sputc) for _sputc
    printf8.o(i.__0vfprintf$8) refers to printf8.o(i._printf_core) for _printf_core
    printf8.o(i.__0vfprintf$8) refers to retarget.o(i.fputc) for fputc
    printf8.o(i.__0vprintf$8) refers to printf8.o(i._printf_core) for _printf_core
    printf8.o(i.__0vprintf$8) refers to retarget.o(i.fputc) for fputc
    printf8.o(i.__0vprintf$8) refers to retarget.o(.data) for __stdout
    printf8.o(i.__0vsnprintf$8) refers to printf8.o(i._printf_core) for _printf_core
    printf8.o(i.__0vsnprintf$8) refers to printf8.o(i._snputc) for _snputc
    printf8.o(i.__0vsprintf$8) refers to printf8.o(i._printf_core) for _printf_core
    printf8.o(i.__0vsprintf$8) refers to printf8.o(i._sputc) for _sputc
    printf8.o(i._printf_core) refers to printf8.o(i._printf_pre_padding) for _printf_pre_padding
    printf8.o(i._printf_core) refers to printf8.o(i._printf_post_padding) for _printf_post_padding
    printf8.o(i._printf_core) refers to uldiv.o(.text) for __aeabi_uldivmod
    printfa.o(i.__0fprintf) refers (Special) to iusefp.o(.text) for __I$use$fp
    printfa.o(i.__0fprintf) refers to printfa.o(i._printf_core) for _printf_core
    printfa.o(i.__0fprintf) refers to retarget.o(i.fputc) for fputc
    printfa.o(i.__0printf) refers (Special) to iusefp.o(.text) for __I$use$fp
    printfa.o(i.__0printf) refers to printfa.o(i._printf_core) for _printf_core
    printfa.o(i.__0printf) refers to retarget.o(i.fputc) for fputc
    printfa.o(i.__0printf) refers to retarget.o(.data) for __stdout
    printfa.o(i.__0snprintf) refers (Special) to iusefp.o(.text) for __I$use$fp
    printfa.o(i.__0snprintf) refers to printfa.o(i._printf_core) for _printf_core
    printfa.o(i.__0snprintf) refers to printfa.o(i._snputc) for _snputc
    printfa.o(i.__0sprintf) refers (Special) to iusefp.o(.text) for __I$use$fp
    printfa.o(i.__0sprintf) refers to printfa.o(i._printf_core) for _printf_core
    printfa.o(i.__0sprintf) refers to printfa.o(i._sputc) for _sputc
    printfa.o(i.__0vfprintf) refers (Special) to iusefp.o(.text) for __I$use$fp
    printfa.o(i.__0vfprintf) refers to printfa.o(i._printf_core) for _printf_core
    printfa.o(i.__0vfprintf) refers to retarget.o(i.fputc) for fputc
    printfa.o(i.__0vprintf) refers (Special) to iusefp.o(.text) for __I$use$fp
    printfa.o(i.__0vprintf) refers to printfa.o(i._printf_core) for _printf_core
    printfa.o(i.__0vprintf) refers to retarget.o(i.fputc) for fputc
    printfa.o(i.__0vprintf) refers to retarget.o(.data) for __stdout
    printfa.o(i.__0vsnprintf) refers (Special) to iusefp.o(.text) for __I$use$fp
    printfa.o(i.__0vsnprintf) refers to printfa.o(i._printf_core) for _printf_core
    printfa.o(i.__0vsnprintf) refers to printfa.o(i._snputc) for _snputc
    printfa.o(i.__0vsprintf) refers (Special) to iusefp.o(.text) for __I$use$fp
    printfa.o(i.__0vsprintf) refers to printfa.o(i._printf_core) for _printf_core
    printfa.o(i.__0vsprintf) refers to printfa.o(i._sputc) for _sputc
    printfa.o(i._fp_digits) refers (Special) to iusefp.o(.text) for __I$use$fp
    printfa.o(i._fp_digits) refers to dmul.o(.text) for __aeabi_dmul
    printfa.o(i._fp_digits) refers to ddiv.o(.text) for __aeabi_ddiv
    printfa.o(i._fp_digits) refers to cdrcmple.o(.text) for __aeabi_cdrcmple
    printfa.o(i._fp_digits) refers to dadd.o(.text) for __aeabi_dadd
    printfa.o(i._fp_digits) refers to dfixul.o(.text) for __aeabi_d2ulz
    printfa.o(i._fp_digits) refers to uldiv.o(.text) for __aeabi_uldivmod
    printfa.o(i._printf_core) refers (Special) to iusefp.o(.text) for __I$use$fp
    printfa.o(i._printf_core) refers to printfa.o(i._printf_pre_padding) for _printf_pre_padding
    printfa.o(i._printf_core) refers to uldiv.o(.text) for __aeabi_uldivmod
    printfa.o(i._printf_core) refers to printfa.o(i._printf_post_padding) for _printf_post_padding
    printfa.o(i._printf_core) refers to printfa.o(i._fp_digits) for _fp_digits
    printfa.o(i._printf_core) refers to uidiv.o(.text) for __aeabi_uidivmod
    printfa.o(i._printf_post_padding) refers (Special) to iusefp.o(.text) for __I$use$fp
    printfa.o(i._printf_pre_padding) refers (Special) to iusefp.o(.text) for __I$use$fp
    printfa.o(i._snputc) refers (Special) to iusefp.o(.text) for __I$use$fp
    printfa.o(i._sputc) refers (Special) to iusefp.o(.text) for __I$use$fp
    entry2.o(.ARM.Collect$$$$00000001) refers to entry2.o(.ARM.Collect$$$$00002712) for __lit__00000000
    entry2.o(.ARM.Collect$$$$00002712) refers to arm_startup_nrf51.o(STACK) for __initial_sp
    entry2.o(__vectab_stack_and_reset_area) refers to arm_startup_nrf51.o(STACK) for __initial_sp
    entry2.o(__vectab_stack_and_reset_area) refers to entry.o(.ARM.Collect$$$$00000000) for __main
    entry5.o(.ARM.Collect$$$$00000004) refers to init.o(.text) for __scatterload
    entry9a.o(.ARM.Collect$$$$0000000B) refers to main.o(i.main) for main
    entry9b.o(.ARM.Collect$$$$0000000C) refers to main.o(i.main) for main
    uldiv.o(.text) refers to llushr.o(.text) for __aeabi_llsr
    uldiv.o(.text) refers to llshl.o(.text) for __aeabi_llsl
    dadd.o(.text) refers to llshl.o(.text) for __aeabi_llsl
    dadd.o(.text) refers to llsshr.o(.text) for __aeabi_lasr
    dadd.o(.text) refers to depilogue.o(.text) for _double_epilogue
    dmul.o(.text) refers to depilogue.o(.text) for _double_epilogue
    ddiv.o(.text) refers to depilogue.o(.text) for _double_round
    dfixul.o(.text) refers to llushr.o(.text) for __aeabi_llsr
    dfixul.o(.text) refers to llshl.o(.text) for __aeabi_llsl
    init.o(.text) refers to entry5.o(.ARM.Collect$$$$00000004) for __main_after_scatterload
    depilogue.o(.text) refers to depilogue.o(i.__ARM_clz) for __ARM_clz
    depilogue.o(.text) refers to llshl.o(.text) for __aeabi_llsl
    depilogue.o(.text) refers to llushr.o(.text) for __aeabi_llsr


==============================================================================

Removing Unused input sections from the image.

    Removing main.o(.rev16_text), (4 bytes).
    Removing main.o(.revsh_text), (4 bytes).
    Removing boards.o(.rev16_text), (4 bytes).
    Removing boards.o(.revsh_text), (4 bytes).
    Removing boards.o(i.bsp_board_button_idx_to_pin), (12 bytes).
    Removing boards.o(i.bsp_board_button_state_get), (32 bytes).
    Removing boards.o(i.bsp_board_buttons_init), (36 bytes).
    Removing boards.o(i.bsp_board_led_idx_to_pin), (12 bytes).
    Removing boards.o(i.bsp_board_led_invert), (32 bytes).
    Removing boards.o(i.bsp_board_led_off), (20 bytes).
    Removing boards.o(i.bsp_board_led_on), (20 bytes).
    Removing boards.o(i.bsp_board_led_state_get), (32 bytes).
    Removing boards.o(i.bsp_board_leds_init), (40 bytes).
    Removing boards.o(i.bsp_board_leds_off), (18 bytes).
    Removing boards.o(i.bsp_board_leds_on), (18 bytes).
    Removing boards.o(i.bsp_board_pin_to_button_idx), (36 bytes).
    Removing boards.o(i.bsp_board_pin_to_led_idx), (36 bytes).
    Removing boards.o(i.nrf_gpio_cfg), (40 bytes).
    Removing boards.o(i.nrf_gpio_pin_write), (24 bytes).
    Removing boards.o(.constdata), (8 bytes).
    Removing nrf_drv_common.o(.rev16_text), (4 bytes).
    Removing nrf_drv_common.o(.revsh_text), (4 bytes).
    Removing nrf_drv_uart.o(.rev16_text), (4 bytes).
    Removing nrf_drv_uart.o(.revsh_text), (4 bytes).
    Removing nrf_drv_uart.o(i.nrf_drv_uart_errorsrc_get), (24 bytes).
    Removing nrf_drv_uart.o(i.nrf_drv_uart_rx), (92 bytes).
    Removing nrf_drv_uart.o(i.nrf_drv_uart_rx_abort), (22 bytes).
    Removing nrf_drv_uart.o(i.nrf_drv_uart_rx_disable), (28 bytes).
    Removing nrf_drv_uart.o(i.nrf_drv_uart_rx_enable), (44 bytes).
    Removing nrf_drv_uart.o(i.nrf_drv_uart_rx_for_uart), (168 bytes).
    Removing nrf_drv_uart.o(i.nrf_drv_uart_tx_abort), (48 bytes).
    Removing nrf_drv_uart.o(i.rx_enable), (26 bytes).
    Removing nrf_drv_uart.o(.constdata), (18 bytes).
    Removing nrf_drv_uart.o(.constdata), (25 bytes).
    Removing nrf_drv_uart.o(.constdata), (16 bytes).
    Removing nrf_drv_uart.o(.constdata), (25 bytes).
    Removing nrf_drv_uart.o(.constdata), (16 bytes).
    Removing nrf_drv_twi.o(.rev16_text), (4 bytes).
    Removing nrf_drv_twi.o(.revsh_text), (4 bytes).
    Removing nrf_drv_twi.o(i.nrf_drv_twi_data_count_get), (20 bytes).
    Removing nrf_drv_twi.o(i.nrf_drv_twi_disable), (56 bytes).
    Removing nrf_drv_twi.o(i.nrf_drv_twi_start_task_get), (16 bytes).
    Removing nrf_drv_twi.o(i.nrf_drv_twi_stopped_event_get), (8 bytes).
    Removing nrf_drv_twi.o(i.nrf_drv_twi_uninit), (104 bytes).
    Removing nrf_drv_twi.o(.constdata), (17 bytes).
    Removing nrf_drv_twi.o(.constdata), (9 bytes).
    Removing nrf_drv_twi.o(.constdata), (17 bytes).
    Removing nrf_drv_timer.o(.rev16_text), (4 bytes).
    Removing nrf_drv_timer.o(.revsh_text), (4 bytes).
    Removing nrf_drv_timer.o(i.nrf_drv_timer_capture), (28 bytes).
    Removing nrf_drv_timer.o(i.nrf_drv_timer_clear), (8 bytes).
    Removing nrf_drv_timer.o(i.nrf_drv_timer_compare), (42 bytes).
    Removing nrf_drv_timer.o(i.nrf_drv_timer_compare_int_disable), (18 bytes).
    Removing nrf_drv_timer.o(i.nrf_drv_timer_compare_int_enable), (34 bytes).
    Removing nrf_drv_timer.o(i.nrf_drv_timer_disable), (24 bytes).
    Removing nrf_drv_timer.o(i.nrf_drv_timer_enable), (28 bytes).
    Removing nrf_drv_timer.o(i.nrf_drv_timer_extended_compare), (46 bytes).
    Removing nrf_drv_timer.o(i.nrf_drv_timer_increment), (8 bytes).
    Removing nrf_drv_timer.o(i.nrf_drv_timer_init), (156 bytes).
    Removing nrf_drv_timer.o(i.nrf_drv_timer_pause), (8 bytes).
    Removing nrf_drv_timer.o(i.nrf_drv_timer_resume), (8 bytes).
    Removing nrf_drv_timer.o(i.nrf_drv_timer_uninit), (88 bytes).
    Removing nrf_drv_timer.o(.constdata), (19 bytes).
    Removing nrf_drv_gpiote.o(.rev16_text), (4 bytes).
    Removing nrf_drv_gpiote.o(.revsh_text), (4 bytes).
    Removing nrf_drv_gpiote.o(i.channel_free), (28 bytes).
    Removing nrf_drv_gpiote.o(i.channel_port_alloc), (68 bytes).
    Removing nrf_drv_gpiote.o(i.nrf_drv_gpiote_in_event_addr_get), (40 bytes).
    Removing nrf_drv_gpiote.o(i.nrf_drv_gpiote_in_event_disable), (72 bytes).
    Removing nrf_drv_gpiote.o(i.nrf_drv_gpiote_in_event_enable), (152 bytes).
    Removing nrf_drv_gpiote.o(i.nrf_drv_gpiote_in_init), (168 bytes).
    Removing nrf_drv_gpiote.o(i.nrf_drv_gpiote_in_is_set), (20 bytes).
    Removing nrf_drv_gpiote.o(i.nrf_drv_gpiote_in_uninit), (72 bytes).
    Removing nrf_drv_gpiote.o(i.nrf_drv_gpiote_init), (92 bytes).
    Removing nrf_drv_gpiote.o(i.nrf_drv_gpiote_is_init), (16 bytes).
    Removing nrf_drv_gpiote.o(i.nrf_drv_gpiote_out_clear), (16 bytes).
    Removing nrf_drv_gpiote.o(i.nrf_drv_gpiote_out_init), (152 bytes).
    Removing nrf_drv_gpiote.o(i.nrf_drv_gpiote_out_set), (16 bytes).
    Removing nrf_drv_gpiote.o(i.nrf_drv_gpiote_out_task_addr_get), (20 bytes).
    Removing nrf_drv_gpiote.o(i.nrf_drv_gpiote_out_task_disable), (32 bytes).
    Removing nrf_drv_gpiote.o(i.nrf_drv_gpiote_out_task_enable), (48 bytes).
    Removing nrf_drv_gpiote.o(i.nrf_drv_gpiote_out_task_force), (44 bytes).
    Removing nrf_drv_gpiote.o(i.nrf_drv_gpiote_out_task_trigger), (24 bytes).
    Removing nrf_drv_gpiote.o(i.nrf_drv_gpiote_out_toggle), (24 bytes).
    Removing nrf_drv_gpiote.o(i.nrf_drv_gpiote_out_uninit), (68 bytes).
    Removing nrf_drv_gpiote.o(i.nrf_drv_gpiote_uninit), (56 bytes).
    Removing nrf_drv_gpiote.o(i.nrf_gpio_cfg), (40 bytes).
    Removing nrf_drv_gpiote.o(i.nrf_gpio_cfg_default), (18 bytes).
    Removing nrf_drv_gpiote.o(i.pin_in_use_by_port), (24 bytes).
    Removing nrf_drv_gpiote.o(i.pin_in_use_by_te), (24 bytes).
    Removing nrf_drv_gpiote.o(.constdata), (20 bytes).
    Removing nrf_drv_gpiote.o(.constdata), (24 bytes).
    Removing nrf_drv_gpiote.o(.constdata), (23 bytes).
    Removing app_error.o(.rev16_text), (4 bytes).
    Removing app_error.o(.revsh_text), (4 bytes).
    Removing app_error.o(i.app_error_handler), (28 bytes).
    Removing app_error.o(i.app_error_save_and_stop), (100 bytes).
    Removing app_error.o(.bss), (32 bytes).
    Removing app_error_weak.o(.rev16_text), (4 bytes).
    Removing app_error_weak.o(.revsh_text), (4 bytes).
    Removing app_fifo.o(.rev16_text), (4 bytes).
    Removing app_fifo.o(.revsh_text), (4 bytes).
    Removing app_fifo.o(i.app_fifo_flush), (8 bytes).
    Removing app_fifo.o(i.app_fifo_init), (36 bytes).
    Removing app_fifo.o(i.app_fifo_peek), (34 bytes).
    Removing app_fifo.o(i.app_fifo_read), (72 bytes).
    Removing app_fifo.o(i.app_fifo_write), (78 bytes).
    Removing app_uart_fifo.o(.rev16_text), (4 bytes).
    Removing app_uart_fifo.o(.revsh_text), (4 bytes).
    Removing app_uart_fifo.o(i.app_uart_close), (16 bytes).
    Removing app_uart_fifo.o(i.app_uart_flush), (28 bytes).
    Removing app_uart_fifo.o(i.app_uart_get), (56 bytes).
    Removing app_uart_fifo.o(i.app_uart_init), (176 bytes).
    Removing app_uart_fifo.o(i.uart_event_handler), (168 bytes).
    Removing app_uart_fifo.o(.constdata), (32 bytes).
    Removing app_util_platform.o(.rev16_text), (4 bytes).
    Removing app_util_platform.o(.revsh_text), (4 bytes).
    Removing nrf_assert.o(.rev16_text), (4 bytes).
    Removing nrf_assert.o(.revsh_text), (4 bytes).
    Removing nrf_assert.o(i.assert_nrf_callback), (24 bytes).
    Removing retarget.o(.rev16_text), (4 bytes).
    Removing retarget.o(.revsh_text), (4 bytes).
    Removing retarget.o(i.fgetc), (18 bytes).
    Removing retarget.o(.data), (4 bytes).
    Removing sdk_errors.o(.conststring), (403 bytes).
    Removing sdk_errors.o(.conststring), (282 bytes).
    Removing sdk_errors.o(.conststring), (88 bytes).
    Removing sdk_errors.o(.data), (72 bytes).
    Removing sdk_errors.o(.data), (36 bytes).
    Removing sdk_errors.o(.data), (12 bytes).
    Removing 9324_lib.o(.rev16_text), (4 bytes).
    Removing 9324_lib.o(.revsh_text), (4 bytes).
    Removing 9324_lib.o(i.SX9324_init), (144 bytes).
    Removing 9324_lib.o(i.SX9324_read_DiffValue), (76 bytes).
    Removing 9324_lib.o(i.timer_event_handler), (28 bytes).
    Removing 9324_lib.o(i.timer_set), (88 bytes).
    Removing 9324_lib.o(i.uart_error_handle), (20 bytes).
    Removing 9324_lib.o(i.uart_init), (68 bytes).
    Removing 9324_lib.o(.bss), (512 bytes).
    Removing nrf_log_backend_serial.o(.rev16_text), (4 bytes).
    Removing nrf_log_backend_serial.o(.revsh_text), (4 bytes).
    Removing nrf_log_backend_serial.o(i.nrf_log_backend_getchar), (56 bytes).
    Removing nrf_log_backend_serial.o(.constdata), (5 bytes).
    Removing nrf_log_frontend.o(.rev16_text), (4 bytes).
    Removing nrf_log_frontend.o(.revsh_text), (4 bytes).
    Removing nrf_log_frontend.o(i.cont_buf_prealloc), (108 bytes).
    Removing nrf_log_frontend.o(i.nrf_log_frontend_hexdump), (148 bytes).
    Removing nrf_log_frontend.o(i.nrf_log_frontend_std_1), (96 bytes).
    Removing nrf_log_frontend.o(i.nrf_log_frontend_std_2), (108 bytes).
    Removing nrf_log_frontend.o(i.nrf_log_frontend_std_3), (124 bytes).
    Removing nrf_log_frontend.o(i.nrf_log_frontend_std_4), (140 bytes).
    Removing nrf_log_frontend.o(i.nrf_log_frontend_std_5), (152 bytes).
    Removing nrf_log_frontend.o(i.nrf_log_frontend_std_6), (168 bytes).
    Removing nrf_log_frontend.o(i.nrf_log_getchar), (8 bytes).
    Removing nrf_log_frontend.o(i.nrf_log_push), (84 bytes).
    Removing segger_rtt.o(.rev16_text), (4 bytes).
    Removing segger_rtt.o(.revsh_text), (4 bytes).
    Removing segger_rtt.o(i.SEGGER_RTT_ConfigDownBuffer), (88 bytes).
    Removing segger_rtt.o(i.SEGGER_RTT_ConfigUpBuffer), (88 bytes).
    Removing segger_rtt.o(i.SEGGER_RTT_GetKey), (28 bytes).
    Removing segger_rtt.o(i.SEGGER_RTT_HasData), (20 bytes).
    Removing segger_rtt.o(i.SEGGER_RTT_HasKey), (36 bytes).
    Removing segger_rtt.o(i.SEGGER_RTT_Init), (20 bytes).
    Removing segger_rtt.o(i.SEGGER_RTT_Read), (38 bytes).
    Removing segger_rtt.o(i.SEGGER_RTT_ReadNoLock), (128 bytes).
    Removing segger_rtt.o(i.SEGGER_RTT_SetNameDownBuffer), (60 bytes).
    Removing segger_rtt.o(i.SEGGER_RTT_SetNameUpBuffer), (60 bytes).
    Removing segger_rtt.o(i.SEGGER_RTT_SetTerminal), (128 bytes).
    Removing segger_rtt.o(i.SEGGER_RTT_TerminalOut), (168 bytes).
    Removing segger_rtt.o(i.SEGGER_RTT_WaitKey), (12 bytes).
    Removing segger_rtt.o(i.SEGGER_RTT_Write), (56 bytes).
    Removing segger_rtt.o(i.SEGGER_RTT_WriteNoLock), (92 bytes).
    Removing segger_rtt.o(i.SEGGER_RTT_WriteSkipNoLock), (108 bytes).
    Removing segger_rtt.o(i.SEGGER_RTT_WriteString), (24 bytes).
    Removing segger_rtt.o(i._DoInit), (104 bytes).
    Removing segger_rtt.o(i._GetAvailWriteSpace), (22 bytes).
    Removing segger_rtt.o(i._PostTerminalSwitch), (32 bytes).
    Removing segger_rtt.o(i._WriteBlocking), (96 bytes).
    Removing segger_rtt.o(i._WriteNoCheck), (60 bytes).
    Removing segger_rtt.o(.bss), (200 bytes).
    Removing segger_rtt.o(.data), (17 bytes).
    Removing arm_startup_nrf51.o(HEAP), (2048 bytes).
    Removing system_nrf51.o(.rev16_text), (4 bytes).
    Removing system_nrf51.o(.revsh_text), (4 bytes).
    Removing system_nrf51.o(i.SystemCoreClockUpdate), (16 bytes).
    Removing dadd.o(.text), (356 bytes).
    Removing dmul.o(.text), (208 bytes).
    Removing ddiv.o(.text), (240 bytes).
    Removing dfixul.o(.text), (64 bytes).
    Removing cdrcmple.o(.text), (40 bytes).
    Removing depilogue.o(.text), (190 bytes).
    Removing depilogue.o(i.__ARM_clz), (46 bytes).

192 unused section(s) (total 12112 bytes) removed from the image.

==============================================================================

Image Symbol Table

    Local Symbols

    Symbol Name                              Value     Ov Type        Size  Object(Section)

    RESET                                    0x00000000   Section      192  arm_startup_nrf51.o(RESET)
    ../clib/microlib/ctype/ctype.c           0x00000000   Number         0  ctype_o.o ABSOLUTE
    ../clib/microlib/ctype/ctype.c           0x00000000   Number         0  isgraph_o.o ABSOLUTE
    ../clib/microlib/ctype/ctype.c           0x00000000   Number         0  islower_o.o ABSOLUTE
    ../clib/microlib/ctype/ctype.c           0x00000000   Number         0  isprint_o.o ABSOLUTE
    ../clib/microlib/ctype/ctype.c           0x00000000   Number         0  isxdigit_o.o ABSOLUTE
    ../clib/microlib/ctype/ctype.c           0x00000000   Number         0  isupper_o.o ABSOLUTE
    ../clib/microlib/ctype/ctype.c           0x00000000   Number         0  isalpha_o.o ABSOLUTE
    ../clib/microlib/ctype/ctype.c           0x00000000   Number         0  ispunct_o.o ABSOLUTE
    ../clib/microlib/ctype/ctype.c           0x00000000   Number         0  isblank_o.o ABSOLUTE
    ../clib/microlib/ctype/ctype.c           0x00000000   Number         0  iscntrl_o.o ABSOLUTE
    ../clib/microlib/ctype/ctype.c           0x00000000   Number         0  isdigit_o.o ABSOLUTE
    ../clib/microlib/ctype/ctype.c           0x00000000   Number         0  isalnum_o.o ABSOLUTE
    ../clib/microlib/ctype/ctype.c           0x00000000   Number         0  isspace_o.o ABSOLUTE
    ../clib/microlib/division.c              0x00000000   Number         0  uidiv.o ABSOLUTE
    ../clib/microlib/division.c              0x00000000   Number         0  uldiv.o ABSOLUTE
    ../clib/microlib/init/entry.s            0x00000000   Number         0  entry9b.o ABSOLUTE
    ../clib/microlib/init/entry.s            0x00000000   Number         0  entry5.o ABSOLUTE
    ../clib/microlib/init/entry.s            0x00000000   Number         0  entry11b.o ABSOLUTE
    ../clib/microlib/init/entry.s            0x00000000   Number         0  entry2.o ABSOLUTE
    ../clib/microlib/init/entry.s            0x00000000   Number         0  entry.o ABSOLUTE
    ../clib/microlib/init/entry.s            0x00000000   Number         0  entry9a.o ABSOLUTE
    ../clib/microlib/init/entry.s            0x00000000   Number         0  entry10a.o ABSOLUTE
    ../clib/microlib/init/entry.s            0x00000000   Number         0  entry8b.o ABSOLUTE
    ../clib/microlib/init/entry.s            0x00000000   Number         0  entry8a.o ABSOLUTE
    ../clib/microlib/init/entry.s            0x00000000   Number         0  entry7b.o ABSOLUTE
    ../clib/microlib/init/entry.s            0x00000000   Number         0  entry7a.o ABSOLUTE
    ../clib/microlib/init/entry.s            0x00000000   Number         0  entry11a.o ABSOLUTE
    ../clib/microlib/init/entry.s            0x00000000   Number         0  entry10b.o ABSOLUTE
    ../clib/microlib/longlong.c              0x00000000   Number         0  llsshr.o ABSOLUTE
    ../clib/microlib/longlong.c              0x00000000   Number         0  llushr.o ABSOLUTE
    ../clib/microlib/longlong.c              0x00000000   Number         0  llshl.o ABSOLUTE
    ../clib/microlib/printf/printf.c         0x00000000   Number         0  printf1.o ABSOLUTE
    ../clib/microlib/printf/printf.c         0x00000000   Number         0  printf7.o ABSOLUTE
    ../clib/microlib/printf/printf.c         0x00000000   Number         0  printf0.o ABSOLUTE
    ../clib/microlib/printf/printf.c         0x00000000   Number         0  printf3.o ABSOLUTE
    ../clib/microlib/printf/printf.c         0x00000000   Number         0  printf4.o ABSOLUTE
    ../clib/microlib/printf/printf.c         0x00000000   Number         0  printf2.o ABSOLUTE
    ../clib/microlib/printf/printf.c         0x00000000   Number         0  printf5.o ABSOLUTE
    ../clib/microlib/printf/printf.c         0x00000000   Number         0  printfb.o ABSOLUTE
    ../clib/microlib/printf/printf.c         0x00000000   Number         0  printf6.o ABSOLUTE
    ../clib/microlib/printf/printf.c         0x00000000   Number         0  printfa.o ABSOLUTE
    ../clib/microlib/printf/printf.c         0x00000000   Number         0  printf8.o ABSOLUTE
    ../clib/microlib/printf/stubs.s          0x00000000   Number         0  stubs.o ABSOLUTE
    ../clib/microlib/string/memcpy.c         0x00000000   Number         0  memcpyb.o ABSOLUTE
    ../clib/microlib/string/memcpy.c         0x00000000   Number         0  memcpya.o ABSOLUTE
    ../clib/microlib/string/strcpy.c         0x00000000   Number         0  strcpy.o ABSOLUTE
    ../clib/microlib/string/strlen.c         0x00000000   Number         0  strlen.o ABSOLUTE
    ../clib/microlib/stubs.s                 0x00000000   Number         0  iusefp.o ABSOLUTE
    ../fplib/microlib/fpadd.c                0x00000000   Number         0  dadd.o ABSOLUTE
    ../fplib/microlib/fpdiv.c                0x00000000   Number         0  ddiv.o ABSOLUTE
    ../fplib/microlib/fpepilogue.c           0x00000000   Number         0  depilogue.o ABSOLUTE
    ../fplib/microlib/fpfix.c                0x00000000   Number         0  dfixul.o ABSOLUTE
    ../fplib/microlib/fpmul.c                0x00000000   Number         0  dmul.o ABSOLUTE
    ..\..\..\..\..\..\components\boards\boards.c 0x00000000   Number         0  boards.o ABSOLUTE
    ..\..\..\..\..\..\components\drivers_nrf\common\nrf_drv_common.c 0x00000000   Number         0  nrf_drv_common.o ABSOLUTE
    ..\..\..\..\..\..\components\drivers_nrf\gpiote\nrf_drv_gpiote.c 0x00000000   Number         0  nrf_drv_gpiote.o ABSOLUTE
    ..\..\..\..\..\..\components\drivers_nrf\timer\nrf_drv_timer.c 0x00000000   Number         0  nrf_drv_timer.o ABSOLUTE
    ..\..\..\..\..\..\components\drivers_nrf\twi_master\nrf_drv_twi.c 0x00000000   Number         0  nrf_drv_twi.o ABSOLUTE
    ..\..\..\..\..\..\components\drivers_nrf\uart\nrf_drv_uart.c 0x00000000   Number         0  nrf_drv_uart.o ABSOLUTE
    ..\..\..\..\..\..\components\libraries\fifo\app_fifo.c 0x00000000   Number         0  app_fifo.o ABSOLUTE
    ..\..\..\..\..\..\components\libraries\log\src\nrf_log_backend_serial.c 0x00000000   Number         0  nrf_log_backend_serial.o ABSOLUTE
    ..\..\..\..\..\..\components\libraries\log\src\nrf_log_frontend.c 0x00000000   Number         0  nrf_log_frontend.o ABSOLUTE
    ..\..\..\..\..\..\components\libraries\uart\app_uart_fifo.c 0x00000000   Number         0  app_uart_fifo.o ABSOLUTE
    ..\..\..\..\..\..\components\libraries\uart\retarget.c 0x00000000   Number         0  retarget.o ABSOLUTE
    ..\..\..\..\..\..\components\libraries\util\app_error.c 0x00000000   Number         0  app_error.o ABSOLUTE
    ..\..\..\..\..\..\components\libraries\util\app_error_weak.c 0x00000000   Number         0  app_error_weak.o ABSOLUTE
    ..\..\..\..\..\..\components\libraries\util\app_util_platform.c 0x00000000   Number         0  app_util_platform.o ABSOLUTE
    ..\..\..\..\..\..\components\libraries\util\nrf_assert.c 0x00000000   Number         0  nrf_assert.o ABSOLUTE
    ..\..\..\..\..\..\components\libraries\util\sdk_errors.c 0x00000000   Number         0  sdk_errors.o ABSOLUTE
    ..\..\..\..\..\..\external\segger_rtt\RTT_Syscalls_KEIL.c 0x00000000   Number         0  rtt_syscalls_keil.o ABSOLUTE
    ..\..\..\..\..\..\external\segger_rtt\SEGGER_RTT.c 0x00000000   Number         0  segger_rtt.o ABSOLUTE
    ..\..\..\..\..\..\external\segger_rtt\SEGGER_RTT_printf.c 0x00000000   Number         0  segger_rtt_printf.o ABSOLUTE
    ..\..\..\9324\9324_LIB.c                 0x00000000   Number         0  9324_lib.o ABSOLUTE
    ..\..\..\main.c                          0x00000000   Number         0  main.o ABSOLUTE
    ..\\..\\..\\..\\..\\..\\components\\boards\\boards.c 0x00000000   Number         0  boards.o ABSOLUTE
    ..\\..\\..\\..\\..\\..\\components\\drivers_nrf\\common\\nrf_drv_common.c 0x00000000   Number         0  nrf_drv_common.o ABSOLUTE
    ..\\..\\..\\..\\..\\..\\components\\drivers_nrf\\gpiote\\nrf_drv_gpiote.c 0x00000000   Number         0  nrf_drv_gpiote.o ABSOLUTE
    ..\\..\\..\\..\\..\\..\\components\\drivers_nrf\\timer\\nrf_drv_timer.c 0x00000000   Number         0  nrf_drv_timer.o ABSOLUTE
    ..\\..\\..\\..\\..\\..\\components\\drivers_nrf\\twi_master\\nrf_drv_twi.c 0x00000000   Number         0  nrf_drv_twi.o ABSOLUTE
    ..\\..\\..\\..\\..\\..\\components\\drivers_nrf\\uart\\nrf_drv_uart.c 0x00000000   Number         0  nrf_drv_uart.o ABSOLUTE
    ..\\..\\..\\..\\..\\..\\components\\libraries\\fifo\\app_fifo.c 0x00000000   Number         0  app_fifo.o ABSOLUTE
    ..\\..\\..\\..\\..\\..\\components\\libraries\\log\\src\\nrf_log_backend_serial.c 0x00000000   Number         0  nrf_log_backend_serial.o ABSOLUTE
    ..\\..\\..\\..\\..\\..\\components\\libraries\\log\\src\\nrf_log_frontend.c 0x00000000   Number         0  nrf_log_frontend.o ABSOLUTE
    ..\\..\\..\\..\\..\\..\\components\\libraries\\uart\\app_uart_fifo.c 0x00000000   Number         0  app_uart_fifo.o ABSOLUTE
    ..\\..\\..\\..\\..\\..\\components\\libraries\\uart\\retarget.c 0x00000000   Number         0  retarget.o ABSOLUTE
    ..\\..\\..\\..\\..\\..\\components\\libraries\\util\\app_error.c 0x00000000   Number         0  app_error.o ABSOLUTE
    ..\\..\\..\\..\\..\\..\\components\\libraries\\util\\app_error_weak.c 0x00000000   Number         0  app_error_weak.o ABSOLUTE
    ..\\..\\..\\..\\..\\..\\components\\libraries\\util\\app_util_platform.c 0x00000000   Number         0  app_util_platform.o ABSOLUTE
    ..\\..\\..\\..\\..\\..\\components\\libraries\\util\\nrf_assert.c 0x00000000   Number         0  nrf_assert.o ABSOLUTE
    ..\\..\\..\\..\\..\\..\\external\\segger_rtt\\SEGGER_RTT.c 0x00000000   Number         0  segger_rtt.o ABSOLUTE
    ..\\..\\..\\9324\\9324_LIB.c             0x00000000   Number         0  9324_lib.o ABSOLUTE
    ..\\..\\..\\main.c                       0x00000000   Number         0  main.o ABSOLUTE
    RTE\Device\nRF51422_xxAC\arm_startup_nrf51.s 0x00000000   Number         0  arm_startup_nrf51.o ABSOLUTE
    RTE\Device\nRF51422_xxAC\system_nrf51.c  0x00000000   Number         0  system_nrf51.o ABSOLUTE
    RTE\\Device\\nRF51422_xxAC\\system_nrf51.c 0x00000000   Number         0  system_nrf51.o ABSOLUTE
    cdrcmple.s                               0x00000000   Number         0  cdrcmple.o ABSOLUTE
    dc.s                                     0x00000000   Number         0  dc.o ABSOLUTE
    handlers.s                               0x00000000   Number         0  handlers.o ABSOLUTE
    init.s                                   0x00000000   Number         0  init.o ABSOLUTE
    .ARM.Collect$$$$00000000                 0x000000c0   Section        0  entry.o(.ARM.Collect$$$$00000000)
    .ARM.Collect$$$$00000001                 0x000000c0   Section        4  entry2.o(.ARM.Collect$$$$00000001)
    .ARM.Collect$$$$00000004                 0x000000c4   Section        4  entry5.o(.ARM.Collect$$$$00000004)
    .ARM.Collect$$$$00000008                 0x000000c8   Section        0  entry7b.o(.ARM.Collect$$$$00000008)
    .ARM.Collect$$$$0000000A                 0x000000c8   Section        0  entry8b.o(.ARM.Collect$$$$0000000A)
    .ARM.Collect$$$$0000000B                 0x000000c8   Section        8  entry9a.o(.ARM.Collect$$$$0000000B)
    .ARM.Collect$$$$0000000D                 0x000000d0   Section        0  entry10a.o(.ARM.Collect$$$$0000000D)
    .ARM.Collect$$$$0000000F                 0x000000d0   Section        0  entry11a.o(.ARM.Collect$$$$0000000F)
    .ARM.Collect$$$$00002712                 0x000000d0   Section        4  entry2.o(.ARM.Collect$$$$00002712)
    __lit__00000000                          0x000000d0   Data           4  entry2.o(.ARM.Collect$$$$00002712)
    .text                                    0x000000d4   Section       56  arm_startup_nrf51.o(.text)
    .text                                    0x0000010c   Section        0  ctype_o.o(.text)
    .text                                    0x00000114   Section        0  memcpya.o(.text)
    .text                                    0x00000138   Section        0  strlen.o(.text)
    .text                                    0x00000146   Section        0  uldiv.o(.text)
    .text                                    0x000001a8   Section       36  init.o(.text)
    .text                                    0x000001cc   Section        0  llshl.o(.text)
    .text                                    0x000001ec   Section        0  llushr.o(.text)
    i.GPIOTE_IRQHandler                      0x00000210   Section        0  nrf_drv_gpiote.o(i.GPIOTE_IRQHandler)
    i.SPI0_TWI0_IRQHandler                   0x00000378   Section        0  nrf_drv_twi.o(i.SPI0_TWI0_IRQHandler)
    i.SX9324_read_whoami                     0x0000038c   Section        0  9324_lib.o(i.SX9324_read_whoami)
    i.SystemInit                             0x0000040c   Section        0  system_nrf51.o(i.SystemInit)
    i.TIMER0_IRQHandler                      0x000004ac   Section        0  nrf_drv_timer.o(i.TIMER0_IRQHandler)
    i.UART0_IRQHandler                       0x000004f0   Section        0  nrf_drv_uart.o(i.UART0_IRQHandler)
    i.__0printf$8                            0x00000504   Section        0  printf8.o(i.__0printf$8)
    i.__0snprintf$8                          0x00000524   Section        0  printf8.o(i.__0snprintf$8)
    i.__ARM_common_switch8                   0x00000558   Section        0  nrf_log_backend_serial.o(i.__ARM_common_switch8)
    i.__scatterload_copy                     0x00000572   Section       14  handlers.o(i.__scatterload_copy)
    i.__scatterload_null                     0x00000580   Section        2  handlers.o(i.__scatterload_null)
    i.__scatterload_zeroinit                 0x00000582   Section       14  handlers.o(i.__scatterload_zeroinit)
    i._printf_core                           0x00000590   Section        0  printf8.o(i._printf_core)
    _printf_core                             0x00000591   Thumb Code  1020  printf8.o(i._printf_core)
    i._printf_post_padding                   0x000009b8   Section        0  printf8.o(i._printf_post_padding)
    _printf_post_padding                     0x000009b9   Thumb Code    32  printf8.o(i._printf_post_padding)
    i._printf_pre_padding                    0x000009d8   Section        0  printf8.o(i._printf_pre_padding)
    _printf_pre_padding                      0x000009d9   Thumb Code    44  printf8.o(i._printf_pre_padding)
    i._snputc                                0x00000a04   Section        0  printf8.o(i._snputc)
    _snputc                                  0x00000a05   Thumb Code    22  printf8.o(i._snputc)
    i.app_error_fault_handler                0x00000a1c   Section        0  app_error_weak.o(i.app_error_fault_handler)
    i.app_error_handler_bare                 0x00000a64   Section        0  app_error.o(i.app_error_handler_bare)
    i.app_fifo_get                           0x00000a7c   Section        0  app_fifo.o(i.app_fifo_get)
    i.app_fifo_put                           0x00000a92   Section        0  app_fifo.o(i.app_fifo_put)
    i.app_uart_put                           0x00000aac   Section        0  app_uart_fifo.o(i.app_uart_put)
    i.app_util_critical_region_enter         0x00000aec   Section        0  app_util_platform.o(i.app_util_critical_region_enter)
    i.app_util_critical_region_exit          0x00000af4   Section        0  app_util_platform.o(i.app_util_critical_region_exit)
    i.app_util_disable_irq                   0x00000afc   Section        0  app_util_platform.o(i.app_util_disable_irq)
    i.app_util_enable_irq                    0x00000b0c   Section        0  app_util_platform.o(i.app_util_enable_irq)
    i.apply_config                           0x00000b20   Section        0  nrf_drv_uart.o(i.apply_config)
    apply_config                             0x00000b21   Thumb Code   128  nrf_drv_uart.o(i.apply_config)
    i.buf_len_update                         0x00000ba4   Section        0  nrf_log_backend_serial.o(i.buf_len_update)
    buf_len_update                           0x00000ba5   Thumb Code    18  nrf_log_backend_serial.o(i.buf_len_update)
    i.buf_prealloc                           0x00000bb8   Section        0  nrf_log_frontend.o(i.buf_prealloc)
    buf_prealloc                             0x00000bb9   Thumb Code    90  nrf_log_frontend.o(i.buf_prealloc)
    i.buffer_is_empty                        0x00000c20   Section        0  nrf_log_frontend.o(i.buffer_is_empty)
    i.channel_port_get                       0x00000c34   Section        0  nrf_drv_gpiote.o(i.channel_port_get)
    channel_port_get                         0x00000c35   Thumb Code    10  nrf_drv_gpiote.o(i.channel_port_get)
    i.fifo_get                               0x00000c44   Section        0  app_fifo.o(i.fifo_get)
    fifo_get                                 0x00000c45   Thumb Code    20  app_fifo.o(i.fifo_get)
    i.fifo_put                               0x00000c58   Section        0  app_fifo.o(i.fifo_put)
    fifo_put                                 0x00000c59   Thumb Code    18  app_fifo.o(i.fifo_put)
    i.fputc                                  0x00000c6a   Section        0  retarget.o(i.fputc)
    i.irq_handler_twi                        0x00000c78   Section        0  nrf_drv_twi.o(i.irq_handler_twi)
    irq_handler_twi                          0x00000c79   Thumb Code   172  nrf_drv_twi.o(i.irq_handler_twi)
    i.is_manual_peripheral_setup_needed      0x00000d24   Section        0  system_nrf51.o(i.is_manual_peripheral_setup_needed)
    is_manual_peripheral_setup_needed        0x00000d25   Thumb Code    66  system_nrf51.o(i.is_manual_peripheral_setup_needed)
    i.main                                   0x00000d6c   Section        0  main.o(i.main)
    i.nrf_bitmask_bit_is_set                 0x00000df8   Section        0  nrf_drv_gpiote.o(i.nrf_bitmask_bit_is_set)
    nrf_bitmask_bit_is_set                   0x00000df9   Thumb Code    16  nrf_drv_gpiote.o(i.nrf_bitmask_bit_is_set)
    i.nrf_delay_us                           0x00000e08   Section        0  nrf_drv_twi.o(i.nrf_delay_us)
    nrf_delay_us                             0x00000e09   Thumb Code    38  nrf_drv_twi.o(i.nrf_delay_us)
    i.nrf_delay_us                           0x00000e38   Section        0  9324_lib.o(i.nrf_delay_us)
    nrf_delay_us                             0x00000e39   Thumb Code    38  9324_lib.o(i.nrf_delay_us)
    i.nrf_drv_common_irq_enable              0x00000e68   Section        0  nrf_drv_common.o(i.nrf_drv_common_irq_enable)
    i.nrf_drv_twi_enable                     0x00000ec8   Section        0  nrf_drv_twi.o(i.nrf_drv_twi_enable)
    i.nrf_drv_twi_init                       0x00000ee8   Section        0  nrf_drv_twi.o(i.nrf_drv_twi_init)
    i.nrf_drv_twi_rx                         0x00000f70   Section        0  nrf_drv_twi.o(i.nrf_drv_twi_rx)
    i.nrf_drv_twi_tx                         0x00000f94   Section        0  nrf_drv_twi.o(i.nrf_drv_twi_tx)
    i.nrf_drv_twi_xfer                       0x00000fb8   Section        0  nrf_drv_twi.o(i.nrf_drv_twi_xfer)
    i.nrf_drv_uart_init                      0x00000fe0   Section        0  nrf_drv_uart.o(i.nrf_drv_uart_init)
    i.nrf_drv_uart_tx                        0x00001060   Section        0  nrf_drv_uart.o(i.nrf_drv_uart_tx)
    i.nrf_drv_uart_tx_for_uart               0x00001094   Section        0  nrf_drv_uart.o(i.nrf_drv_uart_tx_for_uart)
    nrf_drv_uart_tx_for_uart                 0x00001095   Thumb Code   134  nrf_drv_uart.o(i.nrf_drv_uart_tx_for_uart)
    i.nrf_drv_uart_tx_in_progress            0x00001120   Section        0  nrf_drv_uart.o(i.nrf_drv_uart_tx_in_progress)
    i.nrf_drv_uart_uninit                    0x00001138   Section        0  nrf_drv_uart.o(i.nrf_drv_uart_uninit)
    i.nrf_gpio_cfg                           0x000011d0   Section        0  nrf_drv_uart.o(i.nrf_gpio_cfg)
    nrf_gpio_cfg                             0x000011d1   Thumb Code    40  nrf_drv_uart.o(i.nrf_gpio_cfg)
    i.nrf_gpio_cfg_default                   0x000011f8   Section        0  nrf_drv_uart.o(i.nrf_gpio_cfg_default)
    nrf_gpio_cfg_default                     0x000011f9   Thumb Code    18  nrf_drv_uart.o(i.nrf_gpio_cfg_default)
    i.nrf_gpio_cfg_input                     0x0000120a   Section        0  nrf_drv_uart.o(i.nrf_gpio_cfg_input)
    nrf_gpio_cfg_input                       0x0000120b   Thumb Code    18  nrf_drv_uart.o(i.nrf_gpio_cfg_input)
    i.nrf_gpio_cfg_output                    0x0000121c   Section        0  nrf_drv_uart.o(i.nrf_gpio_cfg_output)
    nrf_gpio_cfg_output                      0x0000121d   Thumb Code    20  nrf_drv_uart.o(i.nrf_gpio_cfg_output)
    i.nrf_gpio_cfg_sense_set                 0x00001230   Section        0  nrf_drv_gpiote.o(i.nrf_gpio_cfg_sense_set)
    nrf_gpio_cfg_sense_set                   0x00001231   Thumb Code    34  nrf_drv_gpiote.o(i.nrf_gpio_cfg_sense_set)
    i.nrf_gpio_pin_set                       0x00001254   Section        0  nrf_drv_twi.o(i.nrf_gpio_pin_set)
    nrf_gpio_pin_set                         0x00001255   Thumb Code    10  nrf_drv_twi.o(i.nrf_gpio_pin_set)
    i.nrf_gpio_ports_read                    0x00001264   Section        0  nrf_drv_gpiote.o(i.nrf_gpio_ports_read)
    nrf_gpio_ports_read                      0x00001265   Thumb Code    36  nrf_drv_gpiote.o(i.nrf_gpio_ports_read)
    i.nrf_gpiote_event_clear                 0x0000128c   Section        0  nrf_drv_gpiote.o(i.nrf_gpiote_event_clear)
    nrf_gpiote_event_clear                   0x0000128d   Thumb Code    10  nrf_drv_gpiote.o(i.nrf_gpiote_event_clear)
    i.nrf_gpiote_event_is_set                0x0000129c   Section        0  nrf_drv_gpiote.o(i.nrf_gpiote_event_is_set)
    nrf_gpiote_event_is_set                  0x0000129d   Thumb Code    14  nrf_drv_gpiote.o(i.nrf_gpiote_event_is_set)
    i.nrf_log_backend_hexdump_handler_get    0x000012b0   Section        0  nrf_log_backend_serial.o(i.nrf_log_backend_hexdump_handler_get)
    i.nrf_log_backend_init                   0x000012b8   Section        0  nrf_log_backend_serial.o(i.nrf_log_backend_init)
    i.nrf_log_backend_serial_hexdump_handler 0x00001330   Section        0  nrf_log_backend_serial.o(i.nrf_log_backend_serial_hexdump_handler)
    nrf_log_backend_serial_hexdump_handler   0x00001331   Thumb Code   306  nrf_log_backend_serial.o(i.nrf_log_backend_serial_hexdump_handler)
    i.nrf_log_backend_serial_std_handler     0x00001462   Section        0  nrf_log_backend_serial.o(i.nrf_log_backend_serial_std_handler)
    nrf_log_backend_serial_std_handler       0x00001463   Thumb Code   260  nrf_log_backend_serial.o(i.nrf_log_backend_serial_std_handler)
    i.nrf_log_backend_std_handler_get        0x00001568   Section        0  nrf_log_backend_serial.o(i.nrf_log_backend_std_handler_get)
    i.nrf_log_blocking_backend_set           0x00001570   Section        0  nrf_log_frontend.o(i.nrf_log_blocking_backend_set)
    i.nrf_log_frontend_dequeue               0x0000157c   Section        0  nrf_log_frontend.o(i.nrf_log_frontend_dequeue)
    i.nrf_log_frontend_init                  0x000016c8   Section        0  nrf_log_frontend.o(i.nrf_log_frontend_init)
    i.nrf_log_frontend_std_0                 0x000016e0   Section        0  nrf_log_frontend.o(i.nrf_log_frontend_std_0)
    i.nrf_log_handlers_set                   0x0000172c   Section        0  nrf_log_frontend.o(i.nrf_log_handlers_set)
    i.nrf_log_init                           0x00001738   Section        0  nrf_log_frontend.o(i.nrf_log_init)
    i.nrf_twi_event_check                    0x0000175c   Section        0  nrf_drv_twi.o(i.nrf_twi_event_check)
    nrf_twi_event_check                      0x0000175d   Thumb Code    10  nrf_drv_twi.o(i.nrf_twi_event_check)
    i.nrf_uart_event_check                   0x00001766   Section        0  nrf_drv_uart.o(i.nrf_uart_event_check)
    nrf_uart_event_check                     0x00001767   Thumb Code    10  nrf_drv_uart.o(i.nrf_uart_event_check)
    i.nrf_uart_int_enable_check              0x00001770   Section        0  nrf_drv_uart.o(i.nrf_uart_int_enable_check)
    nrf_uart_int_enable_check                0x00001771   Thumb Code    16  nrf_drv_uart.o(i.nrf_uart_int_enable_check)
    i.rx_byte                                0x00001780   Section        0  nrf_drv_uart.o(i.rx_byte)
    rx_byte                                  0x00001781   Thumb Code    38  nrf_drv_uart.o(i.rx_byte)
    i.rx_done_event                          0x000017a6   Section        0  nrf_drv_uart.o(i.rx_done_event)
    rx_done_event                            0x000017a7   Thumb Code    20  nrf_drv_uart.o(i.rx_done_event)
    i.serial_is_busy                         0x000017bc   Section        0  nrf_log_backend_serial.o(i.serial_is_busy)
    serial_is_busy                           0x000017bd   Thumb Code    10  nrf_log_backend_serial.o(i.serial_is_busy)
    i.serial_tx                              0x000017cc   Section        0  nrf_log_backend_serial.o(i.serial_tx)
    serial_tx                                0x000017cd   Thumb Code    36  nrf_log_backend_serial.o(i.serial_tx)
    i.timestamp_process                      0x000017f8   Section        0  nrf_log_backend_serial.o(i.timestamp_process)
    timestamp_process                        0x000017f9   Thumb Code    42  nrf_log_backend_serial.o(i.timestamp_process)
    i.twi_clear_bus                          0x0000182c   Section        0  nrf_drv_twi.o(i.twi_clear_bus)
    twi_clear_bus                            0x0000182d   Thumb Code   138  nrf_drv_twi.o(i.twi_clear_bus)
    i.twi_handler                            0x000018c4   Section        0  9324_lib.o(i.twi_handler)
    i.twi_init                               0x00001918   Section        0  9324_lib.o(i.twi_init)
    i.twi_process_error                      0x0000194c   Section        0  nrf_drv_twi.o(i.twi_process_error)
    twi_process_error                        0x0000194d   Thumb Code    28  nrf_drv_twi.o(i.twi_process_error)
    i.twi_rx_start_transfer                  0x0000196c   Section        0  nrf_drv_twi.o(i.twi_rx_start_transfer)
    twi_rx_start_transfer                    0x0000196d   Thumb Code   154  nrf_drv_twi.o(i.twi_rx_start_transfer)
    i.twi_send_byte                          0x00001a0c   Section        0  nrf_drv_twi.o(i.twi_send_byte)
    twi_send_byte                            0x00001a0d   Thumb Code    46  nrf_drv_twi.o(i.twi_send_byte)
    i.twi_transfer                           0x00001a3a   Section        0  nrf_drv_twi.o(i.twi_transfer)
    twi_transfer                             0x00001a3b   Thumb Code   264  nrf_drv_twi.o(i.twi_transfer)
    i.twi_tx_start_transfer                  0x00001b44   Section        0  nrf_drv_twi.o(i.twi_tx_start_transfer)
    twi_tx_start_transfer                    0x00001b45   Thumb Code   152  nrf_drv_twi.o(i.twi_tx_start_transfer)
    i.twi_xfer                               0x00001be0   Section        0  nrf_drv_twi.o(i.twi_xfer)
    twi_xfer                                 0x00001be1   Thumb Code   140  nrf_drv_twi.o(i.twi_xfer)
    i.tx_byte                                0x00001c6c   Section        0  nrf_drv_uart.o(i.tx_byte)
    tx_byte                                  0x00001c6d   Thumb Code    30  nrf_drv_uart.o(i.tx_byte)
    i.tx_done_event                          0x00001c8a   Section        0  nrf_drv_uart.o(i.tx_done_event)
    tx_done_event                            0x00001c8b   Thumb Code    24  nrf_drv_uart.o(i.tx_done_event)
    i.uart_event_handler                     0x00001ca4   Section        0  nrf_log_backend_serial.o(i.uart_event_handler)
    uart_event_handler                       0x00001ca5   Thumb Code    12  nrf_log_backend_serial.o(i.uart_event_handler)
    i.uart_irq_handler                       0x00001cb4   Section        0  nrf_drv_uart.o(i.uart_irq_handler)
    uart_irq_handler                         0x00001cb5   Thumb Code   296  nrf_drv_uart.o(i.uart_irq_handler)
    .constdata                               0x00001ddc   Section       12  nrf_drv_twi.o(.constdata)
    .constdata                               0x00001de8   Section        4  nrf_drv_gpiote.o(.constdata)
    .constdata                               0x00001dec   Section      120  9324_lib.o(.constdata)
    m_twi                                    0x00001dec   Data           8  9324_lib.o(.constdata)
    Sensor_Timer                             0x00001df4   Data           8  9324_lib.o(.constdata)
    PSENSOR_INIT_REGISTERS                   0x00001e04   Data          54  9324_lib.o(.constdata)
    .constdata                               0x00001e64   Section       32  nrf_log_backend_serial.o(.constdata)
    .constdata                               0x00001e84   Section       36  nrf_log_frontend.o(.constdata)
    .constdata                               0x00001ea8   Section      129  ctype_o.o(.constdata)
    .constdata                               0x00001f2c   Section        4  ctype_o.o(.constdata)
    table                                    0x00001f2c   Data           4  ctype_o.o(.constdata)
    .conststring                             0x00001f30   Section       11  nrf_log_frontend.o(.conststring)
    .data                                    0x20000000   Section        1  main.o(.data)
    .data                                    0x20000004   Section       16  app_uart_fifo.o(.data)
    tx_buffer                                0x20000004   Data           1  app_uart_fifo.o(.data)
    rx_buffer                                0x20000005   Data           1  app_uart_fifo.o(.data)
    m_rx_ovf                                 0x20000006   Data           1  app_uart_fifo.o(.data)
    m_event_handler                          0x20000008   Data           4  app_uart_fifo.o(.data)
    app_uart_inst                            0x2000000c   Data           8  app_uart_fifo.o(.data)
    .data                                    0x20000014   Section        4  app_util_platform.o(.data)
    m_in_critical_region                     0x20000014   Data           4  app_util_platform.o(.data)
    .data                                    0x20000018   Section        4  retarget.o(.data)
    .data                                    0x2000001c   Section        2  9324_lib.o(.data)
    m_sample                                 0x2000001c   Data           2  9324_lib.o(.data)
    .data                                    0x20000020   Section       12  nrf_log_backend_serial.o(.data)
    m_initialized                            0x20000020   Data           1  nrf_log_backend_serial.o(.data)
    m_blocking_mode                          0x20000021   Data           1  nrf_log_backend_serial.o(.data)
    m_rx_done                                0x20000022   Data           1  nrf_log_backend_serial.o(.data)
    m_uart                                   0x20000024   Data           8  nrf_log_backend_serial.o(.data)
    .data                                    0x2000002c   Section        4  nrf_log_frontend.o(.data)
    m_overflow_info                          0x2000002c   Data           4  nrf_log_frontend.o(.data)
    .data                                    0x20000030   Section        4  system_nrf51.o(.data)
    __tagsym$$used                           0x20000030   Number         0  system_nrf51.o(.data)
    .bss                                     0x20000034   Section       28  nrf_drv_uart.o(.bss)
    m_cb                                     0x20000034   Data          28  nrf_drv_uart.o(.bss)
    .bss                                     0x20000050   Section       40  nrf_drv_twi.o(.bss)
    m_cb                                     0x20000050   Data          40  nrf_drv_twi.o(.bss)
    .bss                                     0x20000078   Section       12  nrf_drv_timer.o(.bss)
    m_cb                                     0x20000078   Data          12  nrf_drv_timer.o(.bss)
    .bss                                     0x20000084   Section       56  nrf_drv_gpiote.o(.bss)
    m_cb                                     0x20000084   Data          56  nrf_drv_gpiote.o(.bss)
    .bss                                     0x200000bc   Section       32  app_uart_fifo.o(.bss)
    m_rx_fifo                                0x200000bc   Data          16  app_uart_fifo.o(.bss)
    m_tx_fifo                                0x200000cc   Data          16  app_uart_fifo.o(.bss)
    .bss                                     0x200000dc   Section      256  nrf_log_backend_serial.o(.bss)
    m_uart_buffer                            0x200000dc   Data         256  nrf_log_backend_serial.o(.bss)
    .bss                                     0x200001dc   Section     1048  nrf_log_frontend.o(.bss)
    m_log_data                               0x200001dc   Data        1048  nrf_log_frontend.o(.bss)
    STACK                                    0x200005f8   Section     2048  arm_startup_nrf51.o(STACK)

    Global Symbols

    Symbol Name                              Value     Ov Type        Size  Object(Section)

    BuildAttributes$$THM_ISAv3M$S$PE$A:L22$X:L11$S22$IEEE1$IW$USESV6$~STKCKD$USESV7$~SHL$OSPACE$ROPI$EBA8$MICROLIB$REQ8$PRES8$EABIv2 0x00000000   Number         0  anon$$obj.o ABSOLUTE
    __ARM_use_no_argv                        0x00000000   Number         0  main.o ABSOLUTE
    __Vectors                                0x00000000   Data           4  arm_startup_nrf51.o(RESET)
    _printf_a                                0x00000000   Number         0  stubs.o ABSOLUTE
    _printf_c                                0x00000000   Number         0  stubs.o ABSOLUTE
    _printf_charcount                        0x00000000   Number         0  stubs.o ABSOLUTE
    _printf_d                                0x00000000   Number         0  stubs.o ABSOLUTE
    _printf_e                                0x00000000   Number         0  stubs.o ABSOLUTE
    _printf_f                                0x00000000   Number         0  stubs.o ABSOLUTE
    _printf_flags                            0x00000000   Number         0  stubs.o ABSOLUTE
    _printf_fp_dec                           0x00000000   Number         0  stubs.o ABSOLUTE
    _printf_fp_hex                           0x00000000   Number         0  stubs.o ABSOLUTE
    _printf_g                                0x00000000   Number         0  stubs.o ABSOLUTE
    _printf_i                                0x00000000   Number         0  stubs.o ABSOLUTE
    _printf_int_dec                          0x00000000   Number         0  stubs.o ABSOLUTE
    _printf_l                                0x00000000   Number         0  stubs.o ABSOLUTE
    _printf_lc                               0x00000000   Number         0  stubs.o ABSOLUTE
    _printf_ll                               0x00000000   Number         0  stubs.o ABSOLUTE
    _printf_lld                              0x00000000   Number         0  stubs.o ABSOLUTE
    _printf_lli                              0x00000000   Number         0  stubs.o ABSOLUTE
    _printf_llo                              0x00000000   Number         0  stubs.o ABSOLUTE
    _printf_llu                              0x00000000   Number         0  stubs.o ABSOLUTE
    _printf_llx                              0x00000000   Number         0  stubs.o ABSOLUTE
    _printf_longlong_dec                     0x00000000   Number         0  stubs.o ABSOLUTE
    _printf_longlong_hex                     0x00000000   Number         0  stubs.o ABSOLUTE
    _printf_longlong_oct                     0x00000000   Number         0  stubs.o ABSOLUTE
    _printf_ls                               0x00000000   Number         0  stubs.o ABSOLUTE
    _printf_mbtowc                           0x00000000   Number         0  stubs.o ABSOLUTE
    _printf_n                                0x00000000   Number         0  stubs.o ABSOLUTE
    _printf_o                                0x00000000   Number         0  stubs.o ABSOLUTE
    _printf_p                                0x00000000   Number         0  stubs.o ABSOLUTE
    _printf_percent                          0x00000000   Number         0  stubs.o ABSOLUTE
    _printf_pre_padding                      0x00000000   Number         0  stubs.o ABSOLUTE
    _printf_return_value                     0x00000000   Number         0  stubs.o ABSOLUTE
    _printf_s                                0x00000000   Number         0  stubs.o ABSOLUTE
    _printf_sizespec                         0x00000000   Number         0  stubs.o ABSOLUTE
    _printf_str                              0x00000000   Number         0  stubs.o ABSOLUTE
    _printf_truncate_signed                  0x00000000   Number         0  stubs.o ABSOLUTE
    _printf_truncate_unsigned                0x00000000   Number         0  stubs.o ABSOLUTE
    _printf_u                                0x00000000   Number         0  stubs.o ABSOLUTE
    _printf_wc                               0x00000000   Number         0  stubs.o ABSOLUTE
    _printf_wctomb                           0x00000000   Number         0  stubs.o ABSOLUTE
    _printf_widthprec                        0x00000000   Number         0  stubs.o ABSOLUTE
    _printf_x                                0x00000000   Number         0  stubs.o ABSOLUTE
    __cpp_initialize__aeabi_                  - Undefined Weak Reference
    __cxa_finalize                            - Undefined Weak Reference
    __decompress                              - Undefined Weak Reference
    _clock_init                               - Undefined Weak Reference
    _microlib_exit                            - Undefined Weak Reference
    __Vectors_End                            0x000000c0   Data           0  arm_startup_nrf51.o(RESET)
    __Vectors_Size                           0x000000c0   Number         0  arm_startup_nrf51.o ABSOLUTE
    __main                                   0x000000c1   Thumb Code     0  entry.o(.ARM.Collect$$$$00000000)
    _main_stk                                0x000000c1   Thumb Code     0  entry2.o(.ARM.Collect$$$$00000001)
    _main_scatterload                        0x000000c5   Thumb Code     0  entry5.o(.ARM.Collect$$$$00000004)
    __main_after_scatterload                 0x000000c9   Thumb Code     0  entry5.o(.ARM.Collect$$$$00000004)
    _main_clock                              0x000000c9   Thumb Code     0  entry7b.o(.ARM.Collect$$$$00000008)
    _main_cpp_init                           0x000000c9   Thumb Code     0  entry8b.o(.ARM.Collect$$$$0000000A)
    _main_init                               0x000000c9   Thumb Code     0  entry9a.o(.ARM.Collect$$$$0000000B)
    __rt_final_cpp                           0x000000d1   Thumb Code     0  entry10a.o(.ARM.Collect$$$$0000000D)
    __rt_final_exit                          0x000000d1   Thumb Code     0  entry11a.o(.ARM.Collect$$$$0000000F)
    Reset_Handler                            0x000000d5   Thumb Code    26  arm_startup_nrf51.o(.text)
    NMI_Handler                              0x000000ef   Thumb Code     2  arm_startup_nrf51.o(.text)
    HardFault_Handler                        0x000000f1   Thumb Code     2  arm_startup_nrf51.o(.text)
    SVC_Handler                              0x000000f3   Thumb Code     2  arm_startup_nrf51.o(.text)
    PendSV_Handler                           0x000000f5   Thumb Code     2  arm_startup_nrf51.o(.text)
    SysTick_Handler                          0x000000f7   Thumb Code     2  arm_startup_nrf51.o(.text)
    ADC_IRQHandler                           0x000000f9   Thumb Code     0  arm_startup_nrf51.o(.text)
    CCM_AAR_IRQHandler                       0x000000f9   Thumb Code     0  arm_startup_nrf51.o(.text)
    ECB_IRQHandler                           0x000000f9   Thumb Code     0  arm_startup_nrf51.o(.text)
    LPCOMP_IRQHandler                        0x000000f9   Thumb Code     0  arm_startup_nrf51.o(.text)
    POWER_CLOCK_IRQHandler                   0x000000f9   Thumb Code     0  arm_startup_nrf51.o(.text)
    QDEC_IRQHandler                          0x000000f9   Thumb Code     0  arm_startup_nrf51.o(.text)
    RADIO_IRQHandler                         0x000000f9   Thumb Code     0  arm_startup_nrf51.o(.text)
    RNG_IRQHandler                           0x000000f9   Thumb Code     0  arm_startup_nrf51.o(.text)
    RTC0_IRQHandler                          0x000000f9   Thumb Code     0  arm_startup_nrf51.o(.text)
    RTC1_IRQHandler                          0x000000f9   Thumb Code     0  arm_startup_nrf51.o(.text)
    SPI1_TWI1_IRQHandler                     0x000000f9   Thumb Code     0  arm_startup_nrf51.o(.text)
    SWI0_IRQHandler                          0x000000f9   Thumb Code     0  arm_startup_nrf51.o(.text)
    SWI1_IRQHandler                          0x000000f9   Thumb Code     0  arm_startup_nrf51.o(.text)
    SWI2_IRQHandler                          0x000000f9   Thumb Code     0  arm_startup_nrf51.o(.text)
    SWI3_IRQHandler                          0x000000f9   Thumb Code     0  arm_startup_nrf51.o(.text)
    SWI4_IRQHandler                          0x000000f9   Thumb Code     0  arm_startup_nrf51.o(.text)
    SWI5_IRQHandler                          0x000000f9   Thumb Code     0  arm_startup_nrf51.o(.text)
    TEMP_IRQHandler                          0x000000f9   Thumb Code     0  arm_startup_nrf51.o(.text)
    TIMER1_IRQHandler                        0x000000f9   Thumb Code     0  arm_startup_nrf51.o(.text)
    TIMER2_IRQHandler                        0x000000f9   Thumb Code     0  arm_startup_nrf51.o(.text)
    WDT_IRQHandler                           0x000000f9   Thumb Code     0  arm_startup_nrf51.o(.text)
    __rt_ctype_table                         0x0000010d   Thumb Code     4  ctype_o.o(.text)
    __aeabi_memcpy                           0x00000115   Thumb Code    36  memcpya.o(.text)
    __aeabi_memcpy4                          0x00000115   Thumb Code     0  memcpya.o(.text)
    __aeabi_memcpy8                          0x00000115   Thumb Code     0  memcpya.o(.text)
    strlen                                   0x00000139   Thumb Code    14  strlen.o(.text)
    __aeabi_uldivmod                         0x00000147   Thumb Code    96  uldiv.o(.text)
    __scatterload                            0x000001a9   Thumb Code    28  init.o(.text)
    __scatterload_rt2                        0x000001a9   Thumb Code     0  init.o(.text)
    __aeabi_llsl                             0x000001cd   Thumb Code    32  llshl.o(.text)
    _ll_shift_l                              0x000001cd   Thumb Code     0  llshl.o(.text)
    __aeabi_llsr                             0x000001ed   Thumb Code    34  llushr.o(.text)
    _ll_ushift_r                             0x000001ed   Thumb Code     0  llushr.o(.text)
    GPIOTE_IRQHandler                        0x00000211   Thumb Code   346  nrf_drv_gpiote.o(i.GPIOTE_IRQHandler)
    SPI0_TWI0_IRQHandler                     0x00000379   Thumb Code    12  nrf_drv_twi.o(i.SPI0_TWI0_IRQHandler)
    SX9324_read_whoami                       0x0000038d   Thumb Code    86  9324_lib.o(i.SX9324_read_whoami)
    SystemInit                               0x0000040d   Thumb Code   130  system_nrf51.o(i.SystemInit)
    TIMER0_IRQHandler                        0x000004ad   Thumb Code    60  nrf_drv_timer.o(i.TIMER0_IRQHandler)
    UART0_IRQHandler                         0x000004f1   Thumb Code    12  nrf_drv_uart.o(i.UART0_IRQHandler)
    __0printf$8                              0x00000505   Thumb Code    24  printf8.o(i.__0printf$8)
    __1printf$8                              0x00000505   Thumb Code     0  printf8.o(i.__0printf$8)
    __2printf                                0x00000505   Thumb Code     0  printf8.o(i.__0printf$8)
    __0snprintf$8                            0x00000525   Thumb Code    46  printf8.o(i.__0snprintf$8)
    __1snprintf$8                            0x00000525   Thumb Code     0  printf8.o(i.__0snprintf$8)
    __2snprintf                              0x00000525   Thumb Code     0  printf8.o(i.__0snprintf$8)
    __ARM_common_switch8                     0x00000559   Thumb Code    26  nrf_log_backend_serial.o(i.__ARM_common_switch8)
    __scatterload_copy                       0x00000573   Thumb Code    14  handlers.o(i.__scatterload_copy)
    __scatterload_null                       0x00000581   Thumb Code     2  handlers.o(i.__scatterload_null)
    __scatterload_zeroinit                   0x00000583   Thumb Code    14  handlers.o(i.__scatterload_zeroinit)
    app_error_fault_handler                  0x00000a1d   Thumb Code    38  app_error_weak.o(i.app_error_fault_handler)
    app_error_handler_bare                   0x00000a65   Thumb Code    20  app_error.o(i.app_error_handler_bare)
    app_fifo_get                             0x00000a7d   Thumb Code    22  app_fifo.o(i.app_fifo_get)
    app_fifo_put                             0x00000a93   Thumb Code    26  app_fifo.o(i.app_fifo_put)
    app_uart_put                             0x00000aad   Thumb Code    56  app_uart_fifo.o(i.app_uart_put)
    app_util_critical_region_enter           0x00000aed   Thumb Code     8  app_util_platform.o(i.app_util_critical_region_enter)
    app_util_critical_region_exit            0x00000af5   Thumb Code     8  app_util_platform.o(i.app_util_critical_region_exit)
    app_util_disable_irq                     0x00000afd   Thumb Code    12  app_util_platform.o(i.app_util_disable_irq)
    app_util_enable_irq                      0x00000b0d   Thumb Code    14  app_util_platform.o(i.app_util_enable_irq)
    buffer_is_empty                          0x00000c21   Thumb Code    16  nrf_log_frontend.o(i.buffer_is_empty)
    fputc                                    0x00000c6b   Thumb Code    14  retarget.o(i.fputc)
    main                                     0x00000d6d   Thumb Code    94  main.o(i.main)
    nrf_drv_common_irq_enable                0x00000e69   Thumb Code    78  nrf_drv_common.o(i.nrf_drv_common_irq_enable)
    nrf_drv_twi_enable                       0x00000ec9   Thumb Code    28  nrf_drv_twi.o(i.nrf_drv_twi_enable)
    nrf_drv_twi_init                         0x00000ee9   Thumb Code   124  nrf_drv_twi.o(i.nrf_drv_twi_init)
    nrf_drv_twi_rx                           0x00000f71   Thumb Code    30  nrf_drv_twi.o(i.nrf_drv_twi_rx)
    nrf_drv_twi_tx                           0x00000f95   Thumb Code    36  nrf_drv_twi.o(i.nrf_drv_twi_tx)
    nrf_drv_twi_xfer                         0x00000fb9   Thumb Code    36  nrf_drv_twi.o(i.nrf_drv_twi_xfer)
    nrf_drv_uart_init                        0x00000fe1   Thumb Code   118  nrf_drv_uart.o(i.nrf_drv_uart_init)
    nrf_drv_uart_tx                          0x00001061   Thumb Code    46  nrf_drv_uart.o(i.nrf_drv_uart_tx)
    nrf_drv_uart_tx_in_progress              0x00001121   Thumb Code    20  nrf_drv_uart.o(i.nrf_drv_uart_tx_in_progress)
    nrf_drv_uart_uninit                      0x00001139   Thumb Code   140  nrf_drv_uart.o(i.nrf_drv_uart_uninit)
    nrf_log_backend_hexdump_handler_get      0x000012b1   Thumb Code     4  nrf_log_backend_serial.o(i.nrf_log_backend_hexdump_handler_get)
    nrf_log_backend_init                     0x000012b9   Thumb Code   102  nrf_log_backend_serial.o(i.nrf_log_backend_init)
    nrf_log_backend_std_handler_get          0x00001569   Thumb Code     4  nrf_log_backend_serial.o(i.nrf_log_backend_std_handler_get)
    nrf_log_blocking_backend_set             0x00001571   Thumb Code    10  nrf_log_frontend.o(i.nrf_log_blocking_backend_set)
    nrf_log_frontend_dequeue                 0x0000157d   Thumb Code   318  nrf_log_frontend.o(i.nrf_log_frontend_dequeue)
    nrf_log_frontend_init                    0x000016c9   Thumb Code    20  nrf_log_frontend.o(i.nrf_log_frontend_init)
    nrf_log_frontend_std_0                   0x000016e1   Thumb Code    68  nrf_log_frontend.o(i.nrf_log_frontend_std_0)
    nrf_log_handlers_set                     0x0000172d   Thumb Code     8  nrf_log_frontend.o(i.nrf_log_handlers_set)
    nrf_log_init                             0x00001739   Thumb Code    36  nrf_log_frontend.o(i.nrf_log_init)
    twi_handler                              0x000018c5   Thumb Code    64  9324_lib.o(i.twi_handler)
    twi_init                                 0x00001919   Thumb Code    42  9324_lib.o(i.twi_init)
    __ctype_table                            0x00001ea8   Data         129  ctype_o.o(.constdata)
    Region$$Table$$Base                      0x00001f3c   Number         0  anon$$obj.o(Region$$Table)
    Region$$Table$$Limit                     0x00001f5c   Number         0  anon$$obj.o(Region$$Table)
    m_xfer_done                              0x20000000   Data           1  main.o(.data)
    __stdout                                 0x20000018   Data           4  retarget.o(.data)
    SystemCoreClock                          0x20000030   Data           4  system_nrf51.o(.data)
    __initial_sp                             0x20000df8   Data           0  arm_startup_nrf51.o(STACK)



==============================================================================

Memory Map of the image

  Image Entry point : 0x000000c1

  Load Region LR_IROM1 (Base: 0x00000000, Size: 0x00001f90, Max: 0x00040000, ABSOLUTE)

    Execution Region ER_IROM1 (Exec base: 0x00000000, Load base: 0x00000000, Size: 0x00001f5c, Max: 0x00040000, ABSOLUTE)

    Exec Addr    Load Addr    Size         Type   Attr      Idx    E Section Name        Object

    0x00000000   0x00000000   0x000000c0   Data   RO         1747    RESET               arm_startup_nrf51.o
    0x000000c0   0x000000c0   0x00000000   Code   RO         1789  * .ARM.Collect$$$$00000000  mc_p.l(entry.o)
    0x000000c0   0x000000c0   0x00000004   Code   RO         2089    .ARM.Collect$$$$00000001  mc_p.l(entry2.o)
    0x000000c4   0x000000c4   0x00000004   Code   RO         2092    .ARM.Collect$$$$00000004  mc_p.l(entry5.o)
    0x000000c8   0x000000c8   0x00000000   Code   RO         2094    .ARM.Collect$$$$00000008  mc_p.l(entry7b.o)
    0x000000c8   0x000000c8   0x00000000   Code   RO         2096    .ARM.Collect$$$$0000000A  mc_p.l(entry8b.o)
    0x000000c8   0x000000c8   0x00000008   Code   RO         2097    .ARM.Collect$$$$0000000B  mc_p.l(entry9a.o)
    0x000000d0   0x000000d0   0x00000000   Code   RO         2099    .ARM.Collect$$$$0000000D  mc_p.l(entry10a.o)
    0x000000d0   0x000000d0   0x00000000   Code   RO         2101    .ARM.Collect$$$$0000000F  mc_p.l(entry11a.o)
    0x000000d0   0x000000d0   0x00000004   Code   RO         2090    .ARM.Collect$$$$00002712  mc_p.l(entry2.o)
    0x000000d4   0x000000d4   0x00000038   Code   RO         1748    .text               arm_startup_nrf51.o
    0x0000010c   0x0000010c   0x00000008   Code   RO         1792    .text               mc_p.l(ctype_o.o)
    0x00000114   0x00000114   0x00000024   Code   RO         1820    .text               mc_p.l(memcpya.o)
    0x00000138   0x00000138   0x0000000e   Code   RO         1822    .text               mc_p.l(strlen.o)
    0x00000146   0x00000146   0x00000060   Code   RO         2105    .text               mc_p.l(uldiv.o)
    0x000001a6   0x000001a6   0x00000002   PAD
    0x000001a8   0x000001a8   0x00000024   Code   RO         2118    .text               mc_p.l(init.o)
    0x000001cc   0x000001cc   0x00000020   Code   RO         2120    .text               mc_p.l(llshl.o)
    0x000001ec   0x000001ec   0x00000022   Code   RO         2122    .text               mc_p.l(llushr.o)
    0x0000020e   0x0000020e   0x00000002   PAD
    0x00000210   0x00000210   0x00000168   Code   RO          767    i.GPIOTE_IRQHandler  nrf_drv_gpiote.o
    0x00000378   0x00000378   0x00000014   Code   RO          508    i.SPI0_TWI0_IRQHandler  nrf_drv_twi.o
    0x0000038c   0x0000038c   0x00000080   Code   RO         1290    i.SX9324_read_whoami  9324_lib.o
    0x0000040c   0x0000040c   0x000000a0   Code   RO         1755    i.SystemInit        system_nrf51.o
    0x000004ac   0x000004ac   0x00000044   Code   RO          661    i.TIMER0_IRQHandler  nrf_drv_timer.o
    0x000004f0   0x000004f0   0x00000014   Code   RO          315    i.UART0_IRQHandler  nrf_drv_uart.o
    0x00000504   0x00000504   0x00000020   Code   RO         2035    i.__0printf$8       mc_p.l(printf8.o)
    0x00000524   0x00000524   0x00000034   Code   RO         2036    i.__0snprintf$8     mc_p.l(printf8.o)
    0x00000558   0x00000558   0x0000001a   Code   RO         1448    i.__ARM_common_switch8  nrf_log_backend_serial.o
    0x00000572   0x00000572   0x0000000e   Code   RO         2132    i.__scatterload_copy  mc_p.l(handlers.o)
    0x00000580   0x00000580   0x00000002   Code   RO         2133    i.__scatterload_null  mc_p.l(handlers.o)
    0x00000582   0x00000582   0x0000000e   Code   RO         2134    i.__scatterload_zeroinit  mc_p.l(handlers.o)
    0x00000590   0x00000590   0x00000428   Code   RO         2042    i._printf_core      mc_p.l(printf8.o)
    0x000009b8   0x000009b8   0x00000020   Code   RO         2043    i._printf_post_padding  mc_p.l(printf8.o)
    0x000009d8   0x000009d8   0x0000002c   Code   RO         2044    i._printf_pre_padding  mc_p.l(printf8.o)
    0x00000a04   0x00000a04   0x00000016   Code   RO         2045    i._snputc           mc_p.l(printf8.o)
    0x00000a1a   0x00000a1a   0x00000002   PAD
    0x00000a1c   0x00000a1c   0x00000048   Code   RO         1018    i.app_error_fault_handler  app_error_weak.o
    0x00000a64   0x00000a64   0x00000018   Code   RO          980    i.app_error_handler_bare  app_error.o
    0x00000a7c   0x00000a7c   0x00000016   Code   RO         1042    i.app_fifo_get      app_fifo.o
    0x00000a92   0x00000a92   0x0000001a   Code   RO         1045    i.app_fifo_put      app_fifo.o
    0x00000aac   0x00000aac   0x00000040   Code   RO         1117    i.app_uart_put      app_uart_fifo.o
    0x00000aec   0x00000aec   0x00000008   Code   RO         1175    i.app_util_critical_region_enter  app_util_platform.o
    0x00000af4   0x00000af4   0x00000008   Code   RO         1176    i.app_util_critical_region_exit  app_util_platform.o
    0x00000afc   0x00000afc   0x00000010   Code   RO         1177    i.app_util_disable_irq  app_util_platform.o
    0x00000b0c   0x00000b0c   0x00000014   Code   RO         1178    i.app_util_enable_irq  app_util_platform.o
    0x00000b20   0x00000b20   0x00000084   Code   RO          316    i.apply_config      nrf_drv_uart.o
    0x00000ba4   0x00000ba4   0x00000012   Code   RO         1375    i.buf_len_update    nrf_log_backend_serial.o
    0x00000bb6   0x00000bb6   0x00000002   PAD
    0x00000bb8   0x00000bb8   0x00000068   Code   RO         1468    i.buf_prealloc      nrf_log_frontend.o
    0x00000c20   0x00000c20   0x00000014   Code   RO         1469    i.buffer_is_empty   nrf_log_frontend.o
    0x00000c34   0x00000c34   0x00000010   Code   RO          770    i.channel_port_get  nrf_drv_gpiote.o
    0x00000c44   0x00000c44   0x00000014   Code   RO         1048    i.fifo_get          app_fifo.o
    0x00000c58   0x00000c58   0x00000012   Code   RO         1049    i.fifo_put          app_fifo.o
    0x00000c6a   0x00000c6a   0x0000000e   Code   RO         1238    i.fputc             retarget.o
    0x00000c78   0x00000c78   0x000000ac   Code   RO          509    i.irq_handler_twi   nrf_drv_twi.o
    0x00000d24   0x00000d24   0x00000048   Code   RO         1756    i.is_manual_peripheral_setup_needed  system_nrf51.o
    0x00000d6c   0x00000d6c   0x0000008c   Code   RO            3    i.main              main.o
    0x00000df8   0x00000df8   0x00000010   Code   RO          771    i.nrf_bitmask_bit_is_set  nrf_drv_gpiote.o
    0x00000e08   0x00000e08   0x00000030   Code   RO          510    i.nrf_delay_us      nrf_drv_twi.o
    0x00000e38   0x00000e38   0x00000030   Code   RO         1291    i.nrf_delay_us      9324_lib.o
    0x00000e68   0x00000e68   0x00000060   Code   RO          279    i.nrf_drv_common_irq_enable  nrf_drv_common.o
    0x00000ec8   0x00000ec8   0x00000020   Code   RO          513    i.nrf_drv_twi_enable  nrf_drv_twi.o
    0x00000ee8   0x00000ee8   0x00000088   Code   RO          514    i.nrf_drv_twi_init  nrf_drv_twi.o
    0x00000f70   0x00000f70   0x00000024   Code   RO          515    i.nrf_drv_twi_rx    nrf_drv_twi.o
    0x00000f94   0x00000f94   0x00000024   Code   RO          518    i.nrf_drv_twi_tx    nrf_drv_twi.o
    0x00000fb8   0x00000fb8   0x00000028   Code   RO          520    i.nrf_drv_twi_xfer  nrf_drv_twi.o
    0x00000fe0   0x00000fe0   0x00000080   Code   RO          318    i.nrf_drv_uart_init  nrf_drv_uart.o
    0x00001060   0x00001060   0x00000034   Code   RO          324    i.nrf_drv_uart_tx   nrf_drv_uart.o
    0x00001094   0x00001094   0x0000008c   Code   RO          326    i.nrf_drv_uart_tx_for_uart  nrf_drv_uart.o
    0x00001120   0x00001120   0x00000018   Code   RO          327    i.nrf_drv_uart_tx_in_progress  nrf_drv_uart.o
    0x00001138   0x00001138   0x00000098   Code   RO          328    i.nrf_drv_uart_uninit  nrf_drv_uart.o
    0x000011d0   0x000011d0   0x00000028   Code   RO          329    i.nrf_gpio_cfg      nrf_drv_uart.o
    0x000011f8   0x000011f8   0x00000012   Code   RO          330    i.nrf_gpio_cfg_default  nrf_drv_uart.o
    0x0000120a   0x0000120a   0x00000012   Code   RO          331    i.nrf_gpio_cfg_input  nrf_drv_uart.o
    0x0000121c   0x0000121c   0x00000014   Code   RO          332    i.nrf_gpio_cfg_output  nrf_drv_uart.o
    0x00001230   0x00001230   0x00000022   Code   RO          793    i.nrf_gpio_cfg_sense_set  nrf_drv_gpiote.o
    0x00001252   0x00001252   0x00000002   PAD
    0x00001254   0x00001254   0x00000010   Code   RO          521    i.nrf_gpio_pin_set  nrf_drv_twi.o
    0x00001264   0x00001264   0x00000028   Code   RO          794    i.nrf_gpio_ports_read  nrf_drv_gpiote.o
    0x0000128c   0x0000128c   0x00000010   Code   RO          795    i.nrf_gpiote_event_clear  nrf_drv_gpiote.o
    0x0000129c   0x0000129c   0x00000014   Code   RO          796    i.nrf_gpiote_event_is_set  nrf_drv_gpiote.o
    0x000012b0   0x000012b0   0x00000008   Code   RO         1377    i.nrf_log_backend_hexdump_handler_get  nrf_log_backend_serial.o
    0x000012b8   0x000012b8   0x00000078   Code   RO         1378    i.nrf_log_backend_init  nrf_log_backend_serial.o
    0x00001330   0x00001330   0x00000132   Code   RO         1379    i.nrf_log_backend_serial_hexdump_handler  nrf_log_backend_serial.o
    0x00001462   0x00001462   0x00000104   Code   RO         1380    i.nrf_log_backend_serial_std_handler  nrf_log_backend_serial.o
    0x00001566   0x00001566   0x00000002   PAD
    0x00001568   0x00001568   0x00000008   Code   RO         1381    i.nrf_log_backend_std_handler_get  nrf_log_backend_serial.o
    0x00001570   0x00001570   0x0000000a   Code   RO         1471    i.nrf_log_blocking_backend_set  nrf_log_frontend.o
    0x0000157a   0x0000157a   0x00000002   PAD
    0x0000157c   0x0000157c   0x0000014c   Code   RO         1472    i.nrf_log_frontend_dequeue  nrf_log_frontend.o
    0x000016c8   0x000016c8   0x00000018   Code   RO         1474    i.nrf_log_frontend_init  nrf_log_frontend.o
    0x000016e0   0x000016e0   0x0000004c   Code   RO         1475    i.nrf_log_frontend_std_0  nrf_log_frontend.o
    0x0000172c   0x0000172c   0x0000000c   Code   RO         1483    i.nrf_log_handlers_set  nrf_log_frontend.o
    0x00001738   0x00001738   0x00000024   Code   RO         1484    i.nrf_log_init      nrf_log_frontend.o
    0x0000175c   0x0000175c   0x0000000a   Code   RO          522    i.nrf_twi_event_check  nrf_drv_twi.o
    0x00001766   0x00001766   0x0000000a   Code   RO          333    i.nrf_uart_event_check  nrf_drv_uart.o
    0x00001770   0x00001770   0x00000010   Code   RO          334    i.nrf_uart_int_enable_check  nrf_drv_uart.o
    0x00001780   0x00001780   0x00000026   Code   RO          335    i.rx_byte           nrf_drv_uart.o
    0x000017a6   0x000017a6   0x00000014   Code   RO          336    i.rx_done_event     nrf_drv_uart.o
    0x000017ba   0x000017ba   0x00000002   PAD
    0x000017bc   0x000017bc   0x00000010   Code   RO         1382    i.serial_is_busy    nrf_log_backend_serial.o
    0x000017cc   0x000017cc   0x0000002c   Code   RO         1383    i.serial_tx         nrf_log_backend_serial.o
    0x000017f8   0x000017f8   0x00000034   Code   RO         1384    i.timestamp_process  nrf_log_backend_serial.o
    0x0000182c   0x0000182c   0x00000098   Code   RO          523    i.twi_clear_bus     nrf_drv_twi.o
    0x000018c4   0x000018c4   0x00000054   Code   RO         1294    i.twi_handler       9324_lib.o
    0x00001918   0x00001918   0x00000034   Code   RO         1295    i.twi_init          9324_lib.o
    0x0000194c   0x0000194c   0x00000020   Code   RO          524    i.twi_process_error  nrf_drv_twi.o
    0x0000196c   0x0000196c   0x000000a0   Code   RO          525    i.twi_rx_start_transfer  nrf_drv_twi.o
    0x00001a0c   0x00001a0c   0x0000002e   Code   RO          526    i.twi_send_byte     nrf_drv_twi.o
    0x00001a3a   0x00001a3a   0x00000108   Code   RO          527    i.twi_transfer      nrf_drv_twi.o
    0x00001b42   0x00001b42   0x00000002   PAD
    0x00001b44   0x00001b44   0x0000009c   Code   RO          528    i.twi_tx_start_transfer  nrf_drv_twi.o
    0x00001be0   0x00001be0   0x0000008c   Code   RO          529    i.twi_xfer          nrf_drv_twi.o
    0x00001c6c   0x00001c6c   0x0000001e   Code   RO          338    i.tx_byte           nrf_drv_uart.o
    0x00001c8a   0x00001c8a   0x00000018   Code   RO          339    i.tx_done_event     nrf_drv_uart.o
    0x00001ca2   0x00001ca2   0x00000002   PAD
    0x00001ca4   0x00001ca4   0x00000010   Code   RO         1385    i.uart_event_handler  nrf_log_backend_serial.o
    0x00001cb4   0x00001cb4   0x00000128   Code   RO          340    i.uart_irq_handler  nrf_drv_uart.o
    0x00001ddc   0x00001ddc   0x0000000c   Data   RO          534    .constdata          nrf_drv_twi.o
    0x00001de8   0x00001de8   0x00000004   Data   RO          800    .constdata          nrf_drv_gpiote.o
    0x00001dec   0x00001dec   0x00000078   Data   RO         1299    .constdata          9324_lib.o
    0x00001e64   0x00001e64   0x00000020   Data   RO         1388    .constdata          nrf_log_backend_serial.o
    0x00001e84   0x00001e84   0x00000024   Data   RO         1487    .constdata          nrf_log_frontend.o
    0x00001ea8   0x00001ea8   0x00000081   Data   RO         1793    .constdata          mc_p.l(ctype_o.o)
    0x00001f29   0x00001f29   0x00000003   PAD
    0x00001f2c   0x00001f2c   0x00000004   Data   RO         1794    .constdata          mc_p.l(ctype_o.o)
    0x00001f30   0x00001f30   0x0000000b   Data   RO         1488    .conststring        nrf_log_frontend.o
    0x00001f3b   0x00001f3b   0x00000001   PAD
    0x00001f3c   0x00001f3c   0x00000020   Data   RO         2130    Region$$Table       anon$$obj.o


    Execution Region RW_IRAM1 (Exec base: 0x20000000, Load base: 0x00001f5c, Size: 0x00000df8, Max: 0x00008000, ABSOLUTE)

    Exec Addr    Load Addr    Size         Type   Attr      Idx    E Section Name        Object

    0x20000000   0x00001f5c   0x00000001   Data   RW            4    .data               main.o
    0x20000001   0x00001f5d   0x00000003   PAD
    0x20000004   0x00001f60   0x00000010   Data   RW         1121    .data               app_uart_fifo.o
    0x20000014   0x00001f70   0x00000004   Data   RW         1179    .data               app_util_platform.o
    0x20000018   0x00001f74   0x00000004   Data   RW         1239    .data               retarget.o
    0x2000001c   0x00001f78   0x00000002   Data   RW         1300    .data               9324_lib.o
    0x2000001e   0x00001f7a   0x00000002   PAD
    0x20000020   0x00001f7c   0x0000000c   Data   RW         1389    .data               nrf_log_backend_serial.o
    0x2000002c   0x00001f88   0x00000004   Data   RW         1489    .data               nrf_log_frontend.o
    0x20000030   0x00001f8c   0x00000004   Data   RW         1757    .data               system_nrf51.o
    0x20000034        -       0x0000001c   Zero   RW          341    .bss                nrf_drv_uart.o
    0x20000050        -       0x00000028   Zero   RW          530    .bss                nrf_drv_twi.o
    0x20000078        -       0x0000000c   Zero   RW          675    .bss                nrf_drv_timer.o
    0x20000084        -       0x00000038   Zero   RW          799    .bss                nrf_drv_gpiote.o
    0x200000bc        -       0x00000020   Zero   RW         1119    .bss                app_uart_fifo.o
    0x200000dc        -       0x00000100   Zero   RW         1386    .bss                nrf_log_backend_serial.o
    0x200001dc        -       0x00000418   Zero   RW         1486    .bss                nrf_log_frontend.o
    0x200005f4   0x00001f90   0x00000004   PAD
    0x200005f8        -       0x00000800   Zero   RW         1745    STACK               arm_startup_nrf51.o


==============================================================================

Image component sizes


      Code (inc. data)   RO Data    RW Data    ZI Data      Debug   Object Name

       312         82        120          2          0      10222   9324_lib.o
        24          4          0          0          0       2185   app_error.o
        72         34          0          0          0       7150   app_error_weak.o
        86          0          0          0          0       3914   app_fifo.o
        64          8          0         16         32       7499   app_uart_fifo.o
        52         10          0          4          0       3092   app_util_platform.o
        56         18        192          0       2048        692   arm_startup_nrf51.o
       140         46          0          1          0      33648   main.o
        96         18          0          0          0       8988   nrf_drv_common.o
       502         36          4          0         56      17148   nrf_drv_gpiote.o
        68          8          0          0         12       9722   nrf_drv_timer.o
      1496         78         12          0         40      29882   nrf_drv_twi.o
      1178         50          0          0         28      34449   nrf_drv_uart.o
       874         64         32         12        256      10723   nrf_log_backend_serial.o
       614         48         47          4       1048       9819   nrf_log_frontend.o
        14          0          0          4          0       2774   retarget.o
       232         36          0          4          0       2299   system_nrf51.o

    ----------------------------------------------------------------------
      5894        540        440         52       3524     194206   Object Totals
         0          0         32          0          0          0   (incl. Generated)
        14          0          1          5          4          0   (incl. Padding)

    ----------------------------------------------------------------------

      Code (inc. data)   RO Data    RW Data    ZI Data      Debug   Library Member Name

         8          4        133          0          0         60   ctype_o.o
         0          0          0          0          0          0   entry.o
         0          0          0          0          0          0   entry10a.o
         0          0          0          0          0          0   entry11a.o
         8          4          0          0          0          0   entry2.o
         4          0          0          0          0          0   entry5.o
         0          0          0          0          0          0   entry7b.o
         0          0          0          0          0          0   entry8b.o
         8          4          0          0          0          0   entry9a.o
        30          0          0          0          0          0   handlers.o
        36          8          0          0          0         68   init.o
        32          0          0          0          0         68   llshl.o
        34          0          0          0          0         68   llushr.o
        36          0          0          0          0         60   memcpya.o
      1246         58          0          0          0        468   printf8.o
        14          0          0          0          0         60   strlen.o
        96          0          0          0          0         84   uldiv.o

    ----------------------------------------------------------------------
      1558         78        136          0          0        936   Library Totals
         6          0          3          0          0          0   (incl. Padding)

    ----------------------------------------------------------------------

      Code (inc. data)   RO Data    RW Data    ZI Data      Debug   Library Name

      1552         78        133          0          0        936   mc_p.l

    ----------------------------------------------------------------------
      1558         78        136          0          0        936   Library Totals

    ----------------------------------------------------------------------

==============================================================================


      Code (inc. data)   RO Data    RW Data    ZI Data      Debug   

      7452        618        576         52       3524     191422   Grand Totals
      7452        618        576         52       3524     191422   ELF Image Totals
      7452        618        576         52          0          0   ROM Totals

==============================================================================

    Total RO  Size (Code + RO Data)                 8028 (   7.84kB)
    Total RW  Size (RW Data + ZI Data)              3576 (   3.49kB)
    Total ROM Size (Code + RO Data + RW Data)       8080 (   7.89kB)

==============================================================================

