Component: ARM Compiler 5.06 update 6 (build 750) Tool: armlink [4d35ed]

==============================================================================

Section Cross References

    main.o(i.SX9324_init) refers to main.o(i.SX9324_read_RegIrqSrc) for SX9324_read_RegIrqSrc
    main.o(i.SX9324_init) refers to printf8.o(i.__0printf$8) for __2printf
    main.o(i.SX9324_init) refers to nrf_drv_twi.o(i.nrf_drv_twi_tx) for nrf_drv_twi_tx
    main.o(i.SX9324_init) refers to app_error.o(i.app_error_handler_bare) for app_error_handler_bare
    main.o(i.SX9324_init) refers to main.o(i.nrf_delay_us) for nrf_delay_us
    main.o(i.SX9324_init) refers to main.o(.data) for .data
    main.o(i.SX9324_init) refers to main.o(.constdata) for .constdata
    main.o(i.SX9324_read_DiffValue) refers to nrf_drv_twi.o(i.nrf_drv_twi_tx) for nrf_drv_twi_tx
    main.o(i.SX9324_read_DiffValue) refers to app_error.o(i.app_error_handler_bare) for app_error_handler_bare
    main.o(i.SX9324_read_DiffValue) refers to main.o(i.nrf_delay_us) for nrf_delay_us
    main.o(i.SX9324_read_DiffValue) refers to printf8.o(i.__0printf$8) for __2printf
    main.o(i.SX9324_read_DiffValue) refers to nrf_drv_twi.o(i.nrf_drv_twi_rx) for nrf_drv_twi_rx
    main.o(i.SX9324_read_DiffValue) refers to main.o(.data) for .data
    main.o(i.SX9324_read_DiffValue) refers to main.o(.constdata) for .constdata
    main.o(i.SX9324_read_RegIrqSrc) refers to nrf_drv_twi.o(i.nrf_drv_twi_tx) for nrf_drv_twi_tx
    main.o(i.SX9324_read_RegIrqSrc) refers to app_error.o(i.app_error_handler_bare) for app_error_handler_bare
    main.o(i.SX9324_read_RegIrqSrc) refers to main.o(i.nrf_delay_us) for nrf_delay_us
    main.o(i.SX9324_read_RegIrqSrc) refers to printf8.o(i.__0printf$8) for __2printf
    main.o(i.SX9324_read_RegIrqSrc) refers to nrf_drv_twi.o(i.nrf_drv_twi_rx) for nrf_drv_twi_rx
    main.o(i.SX9324_read_RegIrqSrc) refers to main.o(.data) for .data
    main.o(i.SX9324_read_RegIrqSrc) refers to main.o(.constdata) for .constdata
    main.o(i.SX9324_read_whoami) refers to nrf_drv_twi.o(i.nrf_drv_twi_tx) for nrf_drv_twi_tx
    main.o(i.SX9324_read_whoami) refers to app_error.o(i.app_error_handler_bare) for app_error_handler_bare
    main.o(i.SX9324_read_whoami) refers to main.o(i.nrf_delay_us) for nrf_delay_us
    main.o(i.SX9324_read_whoami) refers to printf8.o(i.__0printf$8) for __2printf
    main.o(i.SX9324_read_whoami) refers to nrf_drv_twi.o(i.nrf_drv_twi_rx) for nrf_drv_twi_rx
    main.o(i.SX9324_read_whoami) refers to main.o(.data) for .data
    main.o(i.SX9324_read_whoami) refers to main.o(.constdata) for .constdata
    main.o(i.main) refers to main.o(i.nrf_gpio_cfg_output) for nrf_gpio_cfg_output
    main.o(i.main) refers to main.o(i.uart_init) for uart_init
    main.o(i.main) refers to main.o(i.twi_init) for twi_init
    main.o(i.main) refers to main.o(i.timer_init) for timer_init
    main.o(i.main) refers to printf8.o(i.__0printf$8) for __2printf
    main.o(i.main) refers to main.o(i.SX9324_init) for SX9324_init
    main.o(i.main) refers to main.o(i.nrf_gpio_pin_toggle) for nrf_gpio_pin_toggle
    main.o(i.main) refers to main.o(i.nrf_delay_us) for nrf_delay_us
    main.o(i.nrf_delay_us) refers to system_nrf51.o(.data) for SystemCoreClock
    main.o(i.timer_event_handler) refers to main.o(i.SX9324_read_DiffValue) for SX9324_read_DiffValue
    main.o(i.timer_event_handler) refers to main.o(.data) for .data
    main.o(i.timer_init) refers to nrf_drv_timer.o(i.nrf_drv_timer_init) for nrf_drv_timer_init
    main.o(i.timer_init) refers to app_error.o(i.app_error_handler_bare) for app_error_handler_bare
    main.o(i.timer_init) refers to nrf_drv_timer.o(i.nrf_drv_timer_extended_compare) for nrf_drv_timer_extended_compare
    main.o(i.timer_init) refers to nrf_drv_timer.o(i.nrf_drv_timer_enable) for nrf_drv_timer_enable
    main.o(i.timer_init) refers to printf8.o(i.__0printf$8) for __2printf
    main.o(i.timer_init) refers to main.o(.constdata) for .constdata
    main.o(i.timer_init) refers to main.o(i.timer_event_handler) for timer_event_handler
    main.o(i.twi_handler) refers to printf8.o(i.__0printf$8) for __2printf
    main.o(i.twi_handler) refers to main.o(.data) for .data
    main.o(i.twi_init) refers to nrf_drv_twi.o(i.nrf_drv_twi_init) for nrf_drv_twi_init
    main.o(i.twi_init) refers to app_error.o(i.app_error_handler_bare) for app_error_handler_bare
    main.o(i.twi_init) refers to nrf_drv_twi.o(i.nrf_drv_twi_enable) for nrf_drv_twi_enable
    main.o(i.twi_init) refers to printf8.o(i.__0printf$8) for __2printf
    main.o(i.twi_init) refers to main.o(.constdata) for .constdata
    main.o(i.twi_init) refers to main.o(i.twi_handler) for twi_handler
    main.o(i.uart_error_handle) refers to app_error.o(i.app_error_handler_bare) for app_error_handler_bare
    main.o(i.uart_init) refers to memcpya.o(.text) for __aeabi_memcpy4
    main.o(i.uart_init) refers to app_uart_fifo.o(i.app_uart_init) for app_uart_init
[...]
    printf2.o(i.__0vfprintf$2) refers to retarget.o(i.fputc) for fputc
    printf2.o(i.__0vprintf$2) refers to printf2.o(i._printf_core) for _printf_core
    printf2.o(i.__0vprintf$2) refers to retarget.o(i.fputc) for fputc
    printf2.o(i.__0vprintf$2) refers to retarget.o(.data) for __stdout
    printf2.o(i.__0vsnprintf$2) refers to printf2.o(i._printf_core) for _printf_core
    printf2.o(i.__0vsnprintf$2) refers to printf2.o(i._snputc) for _snputc
    printf2.o(i.__0vsprintf$2) refers to printf2.o(i._printf_core) for _printf_core
    printf2.o(i.__0vsprintf$2) refers to printf2.o(i._sputc) for _sputc
    printf3.o(i.__0fprintf$3) refers to printf3.o(i._printf_core) for _printf_core
    printf3.o(i.__0fprintf$3) refers to retarget.o(i.fputc) for fputc
    printf3.o(i.__0printf$3) refers to printf3.o(i._printf_core) for _printf_core
    printf3.o(i.__0printf$3) refers to retarget.o(i.fputc) for fputc
    printf3.o(i.__0printf$3) refers to retarget.o(.data) for __stdout
    printf3.o(i.__0snprintf$3) refers to printf3.o(i._printf_core) for _printf_core
    printf3.o(i.__0snprintf$3) refers to printf3.o(i._snputc) for _snputc
    printf3.o(i.__0sprintf$3) refers to printf3.o(i._printf_core) for _printf_core
    printf3.o(i.__0sprintf$3) refers to printf3.o(i._sputc) for _sputc
    printf3.o(i.__0vfprintf$3) refers to printf3.o(i._printf_core) for _printf_core
    printf3.o(i.__0vfprintf$3) refers to retarget.o(i.fputc) for fputc
    printf3.o(i.__0vprintf$3) refers to printf3.o(i._printf_core) for _printf_core
    printf3.o(i.__0vprintf$3) refers to retarget.o(i.fputc) for fputc
    printf3.o(i.__0vprintf$3) refers to retarget.o(.data) for __stdout
    printf3.o(i.__0vsnprintf$3) refers to printf3.o(i._printf_core) for _printf_core
    printf3.o(i.__0vsnprintf$3) refers to printf3.o(i._snputc) for _snputc
    printf3.o(i.__0vsprintf$3) refers to printf3.o(i._printf_core) for _printf_core
    printf3.o(i.__0vsprintf$3) refers to printf3.o(i._sputc) for _sputc
    printf3.o(i._printf_core) refers to uidiv.o(.text) for __aeabi_uidivmod
    printf4.o(i.__0fprintf$4) refers to printf4.o(i._printf_core) for _printf_core
    printf4.o(i.__0fprintf$4) refers to retarget.o(i.fputc) for fputc
    printf4.o(i.__0printf$4) refers to printf4.o(i._printf_core) for _printf_core
    printf4.o(i.__0printf$4) refers to retarget.o(i.fputc) for fputc
    printf4.o(i.__0printf$4) refers to retarget.o(.data) for __stdout
    printf4.o(i.__0snprintf$4) refers to printf4.o(i._printf_core) for _printf_core
    printf4.o(i.__0snprintf$4) refers to printf4.o(i._snputc) for _snputc
    printf4.o(i.__0sprintf$4) refers to printf4.o(i._printf_core) for _printf_core
    printf4.o(i.__0sprintf$4) refers to printf4.o(i._sputc) for _sputc
    printf4.o(i.__0vfprintf$4) refers to printf4.o(i._printf_core) for _printf_core
    printf4.o(i.__0vfprintf$4) refers to retarget.o(i.fputc) for fputc
    printf4.o(i.__0vprintf$4) refers to printf4.o(i._printf_core) for _printf_core
    printf4.o(i.__0vprintf$4) refers to retarget.o(i.fputc) for fputc
    printf4.o(i.__0vprintf$4) refers to retarget.o(.data) for __stdout
    printf4.o(i.__0vsnprintf$4) refers to printf4.o(i._printf_core) for _printf_core
    printf4.o(i.__0vsnprintf$4) refers to printf4.o(i._snputc) for _snputc
    printf4.o(i.__0vsprintf$4) refers to printf4.o(i._printf_core) for _printf_core
    printf4.o(i.__0vsprintf$4) refers to printf4.o(i._sputc) for _sputc
    printf4.o(i._printf_core) refers to uldiv.o(.text) for __aeabi_uldivmod
    printf5.o(i.__0fprintf$5) refers to printf5.o(i._printf_core) for _printf_core
    printf5.o(i.__0fprintf$5) refers to retarget.o(i.fputc) for fputc
    printf5.o(i.__0printf$5) refers to printf5.o(i._printf_core) for _printf_core
    printf5.o(i.__0printf$5) refers to retarget.o(i.fputc) for fputc
    printf5.o(i.__0printf$5) refers to retarget.o(.data) for __stdout
    printf5.o(i.__0snprintf$5) refers to printf5.o(i._printf_core) for _printf_core
    printf5.o(i.__0snprintf$5) refers to printf5.o(i._snputc) for _snputc
    printf5.o(i.__0sprintf$5) refers to printf5.o(i._printf_core) for _printf_core
    printf5.o(i.__0sprintf$5) refers to printf5.o(i._sputc) for _sputc
    printf5.o(i.__0vfprintf$5) refers to printf5.o(i._printf_core) for _printf_core
    printf5.o(i.__0vfprintf$5) refers to retarget.o(i.fputc) for fputc
    printf5.o(i.__0vprintf$5) refers to printf5.o(i._printf_core) for _printf_core
    printf5.o(i.__0vprintf$5) refers to retarget.o(i.fputc) for fputc
    printf5.o(i.__0vprintf$5) refers to retarget.o(.data) for __stdout
    printf5.o(i.__0vsnprintf$5) refers to printf5.o(i._printf_core) for _printf_core
    printf5.o(i.__0vsnprintf$5) refers to printf5.o(i._snputc) for _snputc
    printf5.o(i.__0vsprintf$5) refers to printf5.o(i._printf_core) for _printf_core
    printf5.o(i.__0vsprintf$5) refers to printf5.o(i._sputc) for _sputc
    printf5.o(i._printf_core) refers to uldiv.o(.text) for __aeabi_uldivmod
    printf6.o(i.__0fprintf$6) refers to printf6.o(i._printf_core) for _printf_core
    printf6.o(i.__0fprintf$6) refers to retarget.o(i.fputc) for fputc
    printf6.o(i.__0printf$6) refers to printf6.o(i._printf_core) for _printf_core
    printf6.o(i.__0printf$6) refers to retarget.o(i.fputc) for fputc
    printf6.o(i.__0printf$6) refers to retarget.o(.data) for __stdout
    printf6.o(i.__0snprintf$6) refers to printf6.o(i._printf_core) for _printf_core
    printf6.o(i.__0snprintf$6) refers to printf6.o(i._snputc) for _snputc
    printf6.o(i.__0sprintf$6) refers to printf6.o(i._printf_core) for _printf_core
    printf6.o(i.__0sprintf$6) refers to printf6.o(i._sputc) for _sputc
    printf6.o(i.__0vfprintf$6) refers to printf6.o(i._printf_core) for _printf_core
    printf6.o(i.__0vfprintf$6) refers to retarget.o(i.fputc) for fputc
    printf6.o(i.__0vprintf$6) refers to printf6.o(i._printf_core) for _printf_core
    printf6.o(i.__0vprintf$6) refers to retarget.o(i.fputc) for fputc
    printf6.o(i.__0vprintf$6) refers to retarget.o(.data) for __stdout
    printf6.o(i.__0vsnprintf$6) refers to printf6.o(i._printf_core) for _printf_core
    printf6.o(i.__0vsnprintf$6) refers to printf6.o(i._snputc) for _snputc
    printf6.o(i.__0vsprintf$6) refers to printf6.o(i._printf_core) for _printf_core
    printf6.o(i.__0vsprintf$6) refers to printf6.o(i._sputc) for _sputc
    printf6.o(i._printf_core) refers to printf6.o(i._printf_pre_padding) for _printf_pre_padding
    printf6.o(i._printf_core) refers to printf6.o(i._printf_post_padding) for _printf_post_padding
    printf6.o(i._printf_core) refers to uidiv.o(.text) for __aeabi_uidivmod
    printf7.o(i.__0fprintf$7) refers to printf7.o(i._printf_core) for _printf_core
    printf7.o(i.__0fprintf$7) refers to retarget.o(i.fputc) for fputc
    printf7.o(i.__0printf$7) refers to printf7.o(i._printf_core) for _printf_core
    printf7.o(i.__0printf$7) refers to retarget.o(i.fputc) for fputc
    printf7.o(i.__0printf$7) refers to retarget.o(.data) for __stdout
    printf7.o(i.__0snprintf$7) refers to printf7.o(i._printf_core) for _printf_core
    printf7.o(i.__0snprintf$7) refers to printf7.o(i._snputc) for _snputc
    printf7.o(i.__0sprintf$7) refers to printf7.o(i._printf_core) for _printf_core
    printf7.o(i.__0sprintf$7) refers to printf7.o(i._sputc) for _sputc
    printf7.o(i.__0vfprintf$7) refers to printf7.o(i._printf_core) for _printf_core
    printf7.o(i.__0vfprintf$7) refers to retarget.o(i.fputc) for fputc
    printf7.o(i.__0vprintf$7) refers to printf7.o(i._printf_core) for _printf_core
    printf7.o(i.__0vprintf$7) refers to retarget.o(i.fputc) for fputc
    printf7.o(i.__0vprintf$7) refers to retarget.o(.data) for __stdout
    printf7.o(i.__0vsnprintf$7) refers to printf7.o(i._printf_core) for _printf_core
    printf7.o(i.__0vsnprintf$7) refers to printf7.o(i._snputc) for _snputc
    printf7.o(i.__0vsprintf$7) refers to printf7.o(i._printf_core) for _printf_core
    printf7.o(i.__0vsprintf$7) refers to printf7.o(i._sputc) for _sputc
    printf7.o(i._printf_core) refers to printf7.o(i._printf_pre_padding) for _printf_pre_padding
    printf7.o(i._printf_core) refers to printf7.o(i._printf_post_padding) for _printf_post_padding
    printf7.o(i._printf_core) refers to uldiv.o(.text) for __aeabi_uldivmod
    printf8.o(i.__0fprintf$8) refers to printf8.o(i._printf_core) for _printf_core
    printf8.o(i.__0fprintf$8) refers to retarget.o(i.fputc) for fputc
    printf8.o(i.__0printf$8) refers to printf8.o(i._printf_core) for _printf_core
    printf8.o(i.__0printf$8) refers to retarget.o(i.fputc) for fputc
    printf8.o(i.__0printf$8) refers to retarget.o(.data) for __stdout
    printf8.o(i.__0snprintf$8) refers to printf8.o(i._printf_core) for _printf_core
    printf8.o(i.__0snprintf$8) refers to printf8.o(i._snputc) for _snputc
    printf8.o(i.__0sprintf$8) refers to printf8.o(i._printf_core) for _printf_core
    printf8.o(i.__0sprintf$8) refers to printf8.o(i._sputc) for _sputc
    printf8.o(i.__0vfprintf$8) refers to printf8.o(i._printf_core) for _printf_core
    printf8.o(i.__0vfprintf$8) refers to retarget.o(i.fputc) for fputc
    printf8.o(i.__0vprintf$8) refers to printf8.o(i._printf_core) for _printf_core
    printf8.o(i.__0vprintf$8) refers to retarget.o(i.fputc) for fputc
    printf8.o(i.__0vprintf$8) refers to retarget.o(.data) for __stdout
    printf8.o(i.__0vsnprintf$8) refers to printf8.o(i._printf_core) for _printf_core
    printf8.o(i.__0vsnprintf$8) refers to printf8.o(i._snputc) for _snputc
    printf8.o(i.__0vsprintf$8) refers to printf8.o(i._printf_core) for _printf_core
    printf8.o(i.__0vsprintf$8) refers to printf8.o(i._sputc) for _sputc
    printf8.o(i._printf_core) refers to printf8.o(i._printf_pre_padding) for _printf_pre_padding
    printf8.o(i._printf_core) refers to printf8.o(i._printf_post_padding) for _printf_post_padding
    printf8.o(i._printf_core) refers to uldiv.o(.text) for __aeabi_uldivmod
    printfa.o(i.__0fprintf) refers (Special) to iusefp.o(.text) for __I$use$fp
    printfa.o(i.__0fprintf) refers to printfa.o(i._printf_core) for _printf_core
    printfa.o(i.__0fprintf) refers to retarget.o(i.fputc) for fputc
    printfa.o(i.__0printf) refers (Special) to iusefp.o(.text) for __I$use$fp
    printfa.o(i.__0printf) refers to printfa.o(i._printf_core) for _printf_core
    printfa.o(i.__0printf) refers to retarget.o(i.fputc) for fputc
    printfa.o(i.__0printf) refers to retarget.o(.data) for __stdout
    printfa.o(i.__0snprintf) refers (Special) to iusefp.o(.text) for __I$use$fp
    printfa.o(i.__0snprintf) refers to printfa.o(i._printf_core) for _printf_core
    printfa.o(i.__0snprintf) refers to printfa.o(i._snputc) for _snputc
    printfa.o(i.__0sprintf) refers (Special) to iusefp.o(.text) for __I$use$fp
    printfa.o(i.__0sprintf) refers to printfa.o(i._printf_core) for _printf_core
    printfa.o(i.__0sprintf) refers to printfa.o(i._sputc) for _sputc
    printfa.o(i.__0vfprintf) refers (Special) to iusefp.o(.text) for __I$use$fp
    printfa.o(i.__0vfprintf) refers to printfa.o(i._printf_core) for _printf_core
    printfa.o(i.__0vfprintf) refers to retarget.o(i.fputc) for fputc
    printfa.o(i.__0vprintf) refers (Special) to iusefp.o(.text) for __I$use$fp
    printfa.o(i.__0vprintf) refers to printfa.o(i._printf_core) for _printf_core
    printfa.o(i.__0vprintf) refers to retarget.o(i.fputc) for fputc
    printfa.o(i.__0vprintf) refers to retarget.o(.data) for __stdout
    printfa.o(i.__0vsnprintf) refers (Special) to iusefp.o(.text) for __I$use$fp
    printfa.o(i.__0vsnprintf) refers to printfa.o(i._printf_core) for _printf_core
    printfa.o(i.__0vsnprintf) refers to printfa.o(i._snputc) for _snputc
    printfa.o(i.__0vsprintf) refers (Special) to iusefp.o(.text) for __I$use$fp
    printfa.o(i.__0vsprintf) refers to printfa.o(i._printf_core) for _printf_core
    printfa.o(i.__0vsprintf) refers to printfa.o(i._sputc) for _sputc
    printfa.o(i._fp_digits) refers (Special) to iusefp.o(.text) for __I$use$fp
    printfa.o(i._fp_digits) refers to dmul.o(.text) for __aeabi_dmul
    printfa.o(i._fp_digits) refers to ddiv.o(.text) for __aeabi_ddiv
    printfa.o(i._fp_digits) refers to cdrcmple.o(.text) for __aeabi_cdrcmple
    printfa.o(i._fp_digits) refers to dadd.o(.text) for __aeabi_dadd
    printfa.o(i._fp_digits) refers to dfixul.o(.text) for __aeabi_d2ulz
    printfa.o(i._fp_digits) refers to uldiv.o(.text) for __aeabi_uldivmod
    printfa.o(i._printf_core) refers (Special) to iusefp.o(.text) for __I$use$fp
    printfa.o(i._printf_core) refers to printfa.o(i._printf_pre_padding) for _printf_pre_padding
    printfa.o(i._printf_core) refers to uldiv.o(.text) for __aeabi_uldivmod
    printfa.o(i._printf_core) refers to printfa.o(i._printf_post_padding) for _printf_post_padding
    printfa.o(i._printf_core) refers to printfa.o(i._fp_digits) for _fp_digits
    printfa.o(i._printf_core) refers to uidiv.o(.text) for __aeabi_uidivmod
    printfa.o(i._printf_post_padding) refers (Special) to iusefp.o(.text) for __I$use$fp
    printfa.o(i._printf_pre_padding) refers (Special) to iusefp.o(.text) for __I$use$fp
    printfa.o(i._snputc) refers (Special) to iusefp.o(.text) for __I$use$fp
    printfa.o(i._sputc) refers (Special) to iusefp.o(.text) for __I$use$fp
    entry2.o(.ARM.Collect$$$$00000001) refers to entry2.o(.ARM.Collect$$$$00002712) for __lit__00000000
    entry2.o(.ARM.Collect$$$$00002712) refers to arm_startup_nrf51.o(STACK) for __initial_sp
    entry2.o(__vectab_stack_and_reset_area) refers to arm_startup_nrf51.o(STACK) for __initial_sp
    entry2.o(__vectab_stack_and_reset_area) refers to entry.o(.ARM.Collect$$$$00000000) for __main
    entry5.o(.ARM.Collect$$$$00000004) refers to init.o(.text) for __scatterload
    entry9a.o(.ARM.Collect$$$$0000000B) refers to main.o(i.main) for main
    entry9b.o(.ARM.Collect$$$$0000000C) refers to main.o(i.main) for main
    uldiv.o(.text) refers to llushr.o(.text) for __aeabi_llsr
    uldiv.o(.text) refers to llshl.o(.text) for __aeabi_llsl
    dadd.o(.text) refers to llshl.o(.text) for __aeabi_llsl
    dadd.o(.text) refers to llsshr.o(.text) for __aeabi_lasr
    dadd.o(.text) refers to depilogue.o(.text) for _double_epilogue
    dmul.o(.text) refers to depilogue.o(.text) for _double_epilogue
    ddiv.o(.text) refers to depilogue.o(.text) for _double_round
    dfixul.o(.text) refers to llushr.o(.text) for __aeabi_llsr
    dfixul.o(.text) refers to llshl.o(.text) for __aeabi_llsl
    init.o(.text) refers to entry5.o(.ARM.Collect$$$$00000004) for __main_after_scatterload
    depilogue.o(.text) refers to depilogue.o(i.__ARM_clz) for __ARM_clz
    depilogue.o(.text) refers to llshl.o(.text) for __aeabi_llsl
    depilogue.o(.text) refers to llushr.o(.text) for __aeabi_llsr


==============================================================================

Removing Unused input sections from the image.

    Removing main.o(.rev16_text), (4 bytes).
    Removing main.o(.revsh_text), (4 bytes).
    Removing main.o(i.SX9324_read_whoami), (108 bytes).
    Removing boards.o(.rev16_text), (4 bytes).
    Removing boards.o(.revsh_text), (4 bytes).
    Removing boards.o(i.bsp_board_button_idx_to_pin), (12 bytes).
    Removing boards.o(i.bsp_board_button_state_get), (32 bytes).
    Removing boards.o(i.bsp_board_buttons_init), (36 bytes).
    Removing boards.o(i.bsp_board_led_idx_to_pin), (12 bytes).
    Removing boards.o(i.bsp_board_led_invert), (32 bytes).
    Removing boards.o(i.bsp_board_led_off), (20 bytes).
    Removing boards.o(i.bsp_board_led_on), (20 bytes).
    Removing boards.o(i.bsp_board_led_state_get), (32 bytes).
    Removing boards.o(i.bsp_board_leds_init), (40 bytes).
    Removing boards.o(i.bsp_board_leds_off), (18 bytes).
    Removing boards.o(i.bsp_board_leds_on), (18 bytes).
    Removing boards.o(i.bsp_board_pin_to_button_idx), (36 bytes).
    Removing boards.o(i.bsp_board_pin_to_led_idx), (36 bytes).
    Removing boards.o(i.nrf_gpio_cfg), (40 bytes).
    Removing boards.o(i.nrf_gpio_pin_write), (24 bytes).
    Removing boards.o(.constdata), (8 bytes).
    Removing nrf_drv_common.o(.rev16_text), (4 bytes).
    Removing nrf_drv_common.o(.revsh_text), (4 bytes).
    Removing nrf_drv_uart.o(.rev16_text), (4 bytes).
    Removing nrf_drv_uart.o(.revsh_text), (4 bytes).
    Removing nrf_drv_uart.o(i.nrf_drv_uart_errorsrc_get), (24 bytes).
    Removing nrf_drv_uart.o(i.nrf_drv_uart_rx_abort), (22 bytes).
    Removing nrf_drv_uart.o(i.nrf_drv_uart_rx_disable), (28 bytes).
    Removing nrf_drv_uart.o(i.nrf_drv_uart_tx_abort), (48 bytes).
    Removing nrf_drv_uart.o(.constdata), (18 bytes).
    Removing nrf_drv_uart.o(.constdata), (25 bytes).
    Removing nrf_drv_uart.o(.constdata), (16 bytes).
    Removing nrf_drv_uart.o(.constdata), (25 bytes).
    Removing nrf_drv_uart.o(.constdata), (16 bytes).
    Removing nrf_drv_twi.o(.rev16_text), (4 bytes).
    Removing nrf_drv_twi.o(.revsh_text), (4 bytes).
    Removing nrf_drv_twi.o(i.nrf_drv_twi_data_count_get), (20 bytes).
    Removing nrf_drv_twi.o(i.nrf_drv_twi_disable), (56 bytes).
    Removing nrf_drv_twi.o(i.nrf_drv_twi_start_task_get), (16 bytes).
    Removing nrf_drv_twi.o(i.nrf_drv_twi_stopped_event_get), (8 bytes).
    Removing nrf_drv_twi.o(i.nrf_drv_twi_uninit), (104 bytes).
    Removing nrf_drv_twi.o(.constdata), (17 bytes).
    Removing nrf_drv_twi.o(.constdata), (9 bytes).
    Removing nrf_drv_twi.o(.constdata), (17 bytes).
    Removing nrf_drv_timer.o(.rev16_text), (4 bytes).
    Removing nrf_drv_timer.o(.revsh_text), (4 bytes).
    Removing nrf_drv_timer.o(i.nrf_drv_timer_capture), (28 bytes).
    Removing nrf_drv_timer.o(i.nrf_drv_timer_clear), (8 bytes).
    Removing nrf_drv_timer.o(i.nrf_drv_timer_compare_int_disable), (18 bytes).
    Removing nrf_drv_timer.o(i.nrf_drv_timer_compare_int_enable), (34 bytes).
    Removing nrf_drv_timer.o(i.nrf_drv_timer_disable), (24 bytes).
    Removing nrf_drv_timer.o(i.nrf_drv_timer_increment), (8 bytes).
    Removing nrf_drv_timer.o(i.nrf_drv_timer_pause), (8 bytes).
    Removing nrf_drv_timer.o(i.nrf_drv_timer_resume), (8 bytes).
    Removing nrf_drv_timer.o(i.nrf_drv_timer_uninit), (88 bytes).
    Removing nrf_drv_timer.o(.constdata), (19 bytes).
    Removing nrf_drv_gpiote.o(.rev16_text), (4 bytes).
    Removing nrf_drv_gpiote.o(.revsh_text), (4 bytes).
    Removing nrf_drv_gpiote.o(i.channel_free), (28 bytes).
    Removing nrf_drv_gpiote.o(i.channel_port_alloc), (68 bytes).
    Removing nrf_drv_gpiote.o(i.nrf_drv_gpiote_in_event_addr_get), (40 bytes).
    Removing nrf_drv_gpiote.o(i.nrf_drv_gpiote_in_event_disable), (72 bytes).
    Removing nrf_drv_gpiote.o(i.nrf_drv_gpiote_in_event_enable), (152 bytes).
    Removing nrf_drv_gpiote.o(i.nrf_drv_gpiote_in_init), (168 bytes).
    Removing nrf_drv_gpiote.o(i.nrf_drv_gpiote_in_is_set), (20 bytes).
    Removing nrf_drv_gpiote.o(i.nrf_drv_gpiote_in_uninit), (72 bytes).
    Removing nrf_drv_gpiote.o(i.nrf_drv_gpiote_init), (92 bytes).
    Removing nrf_drv_gpiote.o(i.nrf_drv_gpiote_is_init), (16 bytes).
    Removing nrf_drv_gpiote.o(i.nrf_drv_gpiote_out_clear), (16 bytes).
    Removing nrf_drv_gpiote.o(i.nrf_drv_gpiote_out_init), (152 bytes).
    Removing nrf_drv_gpiote.o(i.nrf_drv_gpiote_out_set), (16 bytes).
    Removing nrf_drv_gpiote.o(i.nrf_drv_gpiote_out_task_addr_get), (20 bytes).
    Removing nrf_drv_gpiote.o(i.nrf_drv_gpiote_out_task_disable), (32 bytes).
    Removing nrf_drv_gpiote.o(i.nrf_drv_gpiote_out_task_enable), (48 bytes).
    Removing nrf_drv_gpiote.o(i.nrf_drv_gpiote_out_task_force), (44 bytes).
    Removing nrf_drv_gpiote.o(i.nrf_drv_gpiote_out_task_trigger), (24 bytes).
    Removing nrf_drv_gpiote.o(i.nrf_drv_gpiote_out_toggle), (24 bytes).
    Removing nrf_drv_gpiote.o(i.nrf_drv_gpiote_out_uninit), (68 bytes).
    Removing nrf_drv_gpiote.o(i.nrf_drv_gpiote_uninit), (56 bytes).
    Removing nrf_drv_gpiote.o(i.nrf_gpio_cfg), (40 bytes).
    Removing nrf_drv_gpiote.o(i.nrf_gpio_cfg_default), (18 bytes).
    Removing nrf_drv_gpiote.o(i.pin_in_use_by_port), (24 bytes).
    Removing nrf_drv_gpiote.o(i.pin_in_use_by_te), (24 bytes).
    Removing nrf_drv_gpiote.o(.constdata), (20 bytes).
    Removing nrf_drv_gpiote.o(.constdata), (24 bytes).
    Removing nrf_drv_gpiote.o(.constdata), (23 bytes).
    Removing app_error.o(.rev16_text), (4 bytes).
    Removing app_error.o(.revsh_text), (4 bytes).
    Removing app_error.o(i.app_error_handler), (28 bytes).
    Removing app_error.o(i.app_error_save_and_stop), (100 bytes).
    Removing app_error.o(.bss), (32 bytes).
    Removing app_error_weak.o(.rev16_text), (4 bytes).
    Removing app_error_weak.o(.revsh_text), (4 bytes).
    Removing app_fifo.o(.rev16_text), (4 bytes).
    Removing app_fifo.o(.revsh_text), (4 bytes).
    Removing app_fifo.o(i.app_fifo_flush), (8 bytes).
    Removing app_fifo.o(i.app_fifo_peek), (34 bytes).
    Removing app_fifo.o(i.app_fifo_read), (72 bytes).
    Removing app_fifo.o(i.app_fifo_write), (78 bytes).
    Removing app_uart_fifo.o(.rev16_text), (4 bytes).
    Removing app_uart_fifo.o(.revsh_text), (4 bytes).
    Removing app_uart_fifo.o(i.app_uart_close), (16 bytes).
    Removing app_uart_fifo.o(i.app_uart_flush), (28 bytes).
    Removing app_uart_fifo.o(i.app_uart_get), (56 bytes).
    Removing app_util_platform.o(.rev16_text), (4 bytes).
    Removing app_util_platform.o(.revsh_text), (4 bytes).
    Removing nrf_assert.o(.rev16_text), (4 bytes).
    Removing nrf_assert.o(.revsh_text), (4 bytes).
    Removing nrf_assert.o(i.assert_nrf_callback), (24 bytes).
    Removing retarget.o(.rev16_text), (4 bytes).
    Removing retarget.o(.revsh_text), (4 bytes).
    Removing retarget.o(i.fgetc), (18 bytes).
    Removing retarget.o(.data), (4 bytes).
    Removing sdk_errors.o(.conststring), (403 bytes).
    Removing sdk_errors.o(.conststring), (282 bytes).
    Removing sdk_errors.o(.conststring), (88 bytes).
    Removing sdk_errors.o(.data), (72 bytes).
    Removing sdk_errors.o(.data), (36 bytes).
    Removing sdk_errors.o(.data), (12 bytes).
    Removing nrf_log_backend_serial.o(.rev16_text), (4 bytes).
    Removing nrf_log_backend_serial.o(.revsh_text), (4 bytes).
    Removing nrf_log_backend_serial.o(i.buf_len_update), (18 bytes).
    Removing nrf_log_backend_serial.o(i.nrf_log_backend_getchar), (56 bytes).
    Removing nrf_log_backend_serial.o(i.nrf_log_backend_hexdump_handler_get), (8 bytes).
    Removing nrf_log_backend_serial.o(i.nrf_log_backend_serial_hexdump_handler), (306 bytes).
    Removing nrf_log_backend_serial.o(i.nrf_log_backend_serial_std_handler), (260 bytes).
    Removing nrf_log_backend_serial.o(i.nrf_log_backend_std_handler_get), (8 bytes).
    Removing nrf_log_backend_serial.o(i.serial_is_busy), (16 bytes).
    Removing nrf_log_backend_serial.o(i.serial_tx), (44 bytes).
    Removing nrf_log_backend_serial.o(i.timestamp_process), (52 bytes).
    Removing nrf_log_backend_serial.o(.bss), (256 bytes).
    Removing nrf_log_backend_serial.o(.constdata), (5 bytes).
    Removing nrf_log_frontend.o(.rev16_text), (4 bytes).
    Removing nrf_log_frontend.o(.revsh_text), (4 bytes).
    Removing nrf_log_frontend.o(i.cont_buf_prealloc), (108 bytes).
    Removing nrf_log_frontend.o(i.nrf_log_frontend_hexdump), (148 bytes).
    Removing nrf_log_frontend.o(i.nrf_log_frontend_init), (24 bytes).
    Removing nrf_log_frontend.o(i.nrf_log_frontend_std_1), (96 bytes).
    Removing nrf_log_frontend.o(i.nrf_log_frontend_std_2), (108 bytes).
    Removing nrf_log_frontend.o(i.nrf_log_frontend_std_3), (124 bytes).
    Removing nrf_log_frontend.o(i.nrf_log_frontend_std_4), (140 bytes).
    Removing nrf_log_frontend.o(i.nrf_log_frontend_std_5), (152 bytes).
    Removing nrf_log_frontend.o(i.nrf_log_frontend_std_6), (168 bytes).
    Removing nrf_log_frontend.o(i.nrf_log_getchar), (8 bytes).
    Removing nrf_log_frontend.o(i.nrf_log_handlers_set), (12 bytes).
    Removing nrf_log_frontend.o(i.nrf_log_init), (36 bytes).
    Removing nrf_log_frontend.o(i.nrf_log_push), (84 bytes).
    Removing segger_rtt.o(.rev16_text), (4 bytes).
    Removing segger_rtt.o(.revsh_text), (4 bytes).
    Removing segger_rtt.o(i.SEGGER_RTT_ConfigDownBuffer), (88 bytes).
    Removing segger_rtt.o(i.SEGGER_RTT_ConfigUpBuffer), (88 bytes).
    Removing segger_rtt.o(i.SEGGER_RTT_GetKey), (28 bytes).
    Removing segger_rtt.o(i.SEGGER_RTT_HasData), (20 bytes).
    Removing segger_rtt.o(i.SEGGER_RTT_HasKey), (36 bytes).
    Removing segger_rtt.o(i.SEGGER_RTT_Init), (20 bytes).
    Removing segger_rtt.o(i.SEGGER_RTT_Read), (38 bytes).
    Removing segger_rtt.o(i.SEGGER_RTT_ReadNoLock), (128 bytes).
    Removing segger_rtt.o(i.SEGGER_RTT_SetNameDownBuffer), (60 bytes).
    Removing segger_rtt.o(i.SEGGER_RTT_SetNameUpBuffer), (60 bytes).
    Removing segger_rtt.o(i.SEGGER_RTT_SetTerminal), (128 bytes).
    Removing segger_rtt.o(i.SEGGER_RTT_TerminalOut), (168 bytes).
    Removing segger_rtt.o(i.SEGGER_RTT_WaitKey), (12 bytes).
    Removing segger_rtt.o(i.SEGGER_RTT_Write), (56 bytes).
    Removing segger_rtt.o(i.SEGGER_RTT_WriteNoLock), (92 bytes).
    Removing segger_rtt.o(i.SEGGER_RTT_WriteSkipNoLock), (108 bytes).
    Removing segger_rtt.o(i.SEGGER_RTT_WriteString), (24 bytes).
    Removing segger_rtt.o(i._DoInit), (104 bytes).
    Removing segger_rtt.o(i._GetAvailWriteSpace), (22 bytes).
    Removing segger_rtt.o(i._PostTerminalSwitch), (32 bytes).
    Removing segger_rtt.o(i._WriteBlocking), (96 bytes).
    Removing segger_rtt.o(i._WriteNoCheck), (60 bytes).
    Removing segger_rtt.o(.bss), (200 bytes).
    Removing segger_rtt.o(.data), (17 bytes).
    Removing arm_startup_nrf51.o(HEAP), (2048 bytes).
    Removing system_nrf51.o(.rev16_text), (4 bytes).
    Removing system_nrf51.o(.revsh_text), (4 bytes).
    Removing system_nrf51.o(i.SystemCoreClockUpdate), (16 bytes).
    Removing dadd.o(.text), (356 bytes).
    Removing dmul.o(.text), (208 bytes).
    Removing ddiv.o(.text), (240 bytes).
    Removing dfixul.o(.text), (64 bytes).
    Removing cdrcmple.o(.text), (40 bytes).
    Removing depilogue.o(.text), (190 bytes).
    Removing nrf_log_backend_serial.o(i.__ARM_common_switch8), (26 bytes).
    Removing depilogue.o(i.__ARM_clz), (46 bytes).

185 unused section(s) (total 11328 bytes) removed from the image.

==============================================================================

Image Symbol Table

    Local Symbols

    Symbol Name                              Value     Ov Type        Size  Object(Section)

    RESET                                    0x00000000   Section      192  arm_startup_nrf51.o(RESET)
    ../clib/microlib/ctype/ctype.c           0x00000000   Number         0  isxdigit_o.o ABSOLUTE
    ../clib/microlib/ctype/ctype.c           0x00000000   Number         0  isspace_o.o ABSOLUTE
    ../clib/microlib/ctype/ctype.c           0x00000000   Number         0  isupper_o.o ABSOLUTE
    ../clib/microlib/ctype/ctype.c           0x00000000   Number         0  isprint_o.o ABSOLUTE
    ../clib/microlib/ctype/ctype.c           0x00000000   Number         0  isalpha_o.o ABSOLUTE
    ../clib/microlib/ctype/ctype.c           0x00000000   Number         0  ispunct_o.o ABSOLUTE
    ../clib/microlib/ctype/ctype.c           0x00000000   Number         0  ctype_o.o ABSOLUTE
    ../clib/microlib/ctype/ctype.c           0x00000000   Number         0  isalnum_o.o ABSOLUTE
    ../clib/microlib/ctype/ctype.c           0x00000000   Number         0  isblank_o.o ABSOLUTE
    ../clib/microlib/ctype/ctype.c           0x00000000   Number         0  iscntrl_o.o ABSOLUTE
    ../clib/microlib/ctype/ctype.c           0x00000000   Number         0  isdigit_o.o ABSOLUTE
    ../clib/microlib/ctype/ctype.c           0x00000000   Number         0  isgraph_o.o ABSOLUTE
    ../clib/microlib/ctype/ctype.c           0x00000000   Number         0  islower_o.o ABSOLUTE
    ../clib/microlib/division.c              0x00000000   Number         0  uldiv.o ABSOLUTE
    ../clib/microlib/division.c              0x00000000   Number         0  uidiv.o ABSOLUTE
    ../clib/microlib/init/entry.s            0x00000000   Number         0  entry9b.o ABSOLUTE
    ../clib/microlib/init/entry.s            0x00000000   Number         0  entry7a.o ABSOLUTE
    ../clib/microlib/init/entry.s            0x00000000   Number         0  entry2.o ABSOLUTE
    ../clib/microlib/init/entry.s            0x00000000   Number         0  entry9a.o ABSOLUTE
    ../clib/microlib/init/entry.s            0x00000000   Number         0  entry8b.o ABSOLUTE
    ../clib/microlib/init/entry.s            0x00000000   Number         0  entry8a.o ABSOLUTE
    ../clib/microlib/init/entry.s            0x00000000   Number         0  entry10b.o ABSOLUTE
    ../clib/microlib/init/entry.s            0x00000000   Number         0  entry11a.o ABSOLUTE
    ../clib/microlib/init/entry.s            0x00000000   Number         0  entry10a.o ABSOLUTE
    ../clib/microlib/init/entry.s            0x00000000   Number         0  entry11b.o ABSOLUTE
    ../clib/microlib/init/entry.s            0x00000000   Number         0  entry7b.o ABSOLUTE
    ../clib/microlib/init/entry.s            0x00000000   Number         0  entry5.o ABSOLUTE
    ../clib/microlib/init/entry.s            0x00000000   Number         0  entry.o ABSOLUTE
    ../clib/microlib/longlong.c              0x00000000   Number         0  llsshr.o ABSOLUTE
    ../clib/microlib/longlong.c              0x00000000   Number         0  llshl.o ABSOLUTE
    ../clib/microlib/longlong.c              0x00000000   Number         0  llushr.o ABSOLUTE
    ../clib/microlib/printf/printf.c         0x00000000   Number         0  printfa.o ABSOLUTE
    ../clib/microlib/printf/printf.c         0x00000000   Number         0  printf7.o ABSOLUTE
    ../clib/microlib/printf/printf.c         0x00000000   Number         0  printfb.o ABSOLUTE
    ../clib/microlib/printf/printf.c         0x00000000   Number         0  printf0.o ABSOLUTE
    ../clib/microlib/printf/printf.c         0x00000000   Number         0  printf1.o ABSOLUTE
    ../clib/microlib/printf/printf.c         0x00000000   Number         0  printf2.o ABSOLUTE
    ../clib/microlib/printf/printf.c         0x00000000   Number         0  printf3.o ABSOLUTE
    ../clib/microlib/printf/printf.c         0x00000000   Number         0  printf4.o ABSOLUTE
    ../clib/microlib/printf/printf.c         0x00000000   Number         0  printf8.o ABSOLUTE
    ../clib/microlib/printf/printf.c         0x00000000   Number         0  printf5.o ABSOLUTE
    ../clib/microlib/printf/printf.c         0x00000000   Number         0  printf6.o ABSOLUTE
    ../clib/microlib/printf/stubs.s          0x00000000   Number         0  stubs.o ABSOLUTE
    ../clib/microlib/string/memcpy.c         0x00000000   Number         0  memcpya.o ABSOLUTE
    ../clib/microlib/string/memcpy.c         0x00000000   Number         0  memcpyb.o ABSOLUTE
    ../clib/microlib/string/strcpy.c         0x00000000   Number         0  strcpy.o ABSOLUTE
    ../clib/microlib/string/strlen.c         0x00000000   Number         0  strlen.o ABSOLUTE
    ../clib/microlib/stubs.s                 0x00000000   Number         0  iusefp.o ABSOLUTE
    ../fplib/microlib/fpadd.c                0x00000000   Number         0  dadd.o ABSOLUTE
    ../fplib/microlib/fpdiv.c                0x00000000   Number         0  ddiv.o ABSOLUTE
    ../fplib/microlib/fpepilogue.c           0x00000000   Number         0  depilogue.o ABSOLUTE
    ../fplib/microlib/fpfix.c                0x00000000   Number         0  dfixul.o ABSOLUTE
    ../fplib/microlib/fpmul.c                0x00000000   Number         0  dmul.o ABSOLUTE
    ..\..\..\..\..\..\components\boards\boards.c 0x00000000   Number         0  boards.o ABSOLUTE
    ..\..\..\..\..\..\components\drivers_nrf\common\nrf_drv_common.c 0x00000000   Number         0  nrf_drv_common.o ABSOLUTE
    ..\..\..\..\..\..\components\drivers_nrf\gpiote\nrf_drv_gpiote.c 0x00000000   Number         0  nrf_drv_gpiote.o ABSOLUTE
    ..\..\..\..\..\..\components\drivers_nrf\timer\nrf_drv_timer.c 0x00000000   Number         0  nrf_drv_timer.o ABSOLUTE
    ..\..\..\..\..\..\components\drivers_nrf\twi_master\nrf_drv_twi.c 0x00000000   Number         0  nrf_drv_twi.o ABSOLUTE
    ..\..\..\..\..\..\components\drivers_nrf\uart\nrf_drv_uart.c 0x00000000   Number         0  nrf_drv_uart.o ABSOLUTE
    ..\..\..\..\..\..\components\libraries\fifo\app_fifo.c 0x00000000   Number         0  app_fifo.o ABSOLUTE
    ..\..\..\..\..\..\components\libraries\log\src\nrf_log_backend_serial.c 0x00000000   Number         0  nrf_log_backend_serial.o ABSOLUTE
    ..\..\..\..\..\..\components\libraries\log\src\nrf_log_frontend.c 0x00000000   Number         0  nrf_log_frontend.o ABSOLUTE
    ..\..\..\..\..\..\components\libraries\uart\app_uart_fifo.c 0x00000000   Number         0  app_uart_fifo.o ABSOLUTE
    ..\..\..\..\..\..\components\libraries\uart\retarget.c 0x00000000   Number         0  retarget.o ABSOLUTE
    ..\..\..\..\..\..\components\libraries\util\app_error.c 0x00000000   Number         0  app_error.o ABSOLUTE
    ..\..\..\..\..\..\components\libraries\util\app_error_weak.c 0x00000000   Number         0  app_error_weak.o ABSOLUTE
    ..\..\..\..\..\..\components\libraries\util\app_util_platform.c 0x00000000   Number         0  app_util_platform.o ABSOLUTE
    ..\..\..\..\..\..\components\libraries\util\nrf_assert.c 0x00000000   Number         0  nrf_assert.o ABSOLUTE
    ..\..\..\..\..\..\components\libraries\util\sdk_errors.c 0x00000000   Number         0  sdk_errors.o ABSOLUTE
    ..\..\..\..\..\..\external\segger_rtt\RTT_Syscalls_KEIL.c 0x00000000   Number         0  rtt_syscalls_keil.o ABSOLUTE
    ..\..\..\..\..\..\external\segger_rtt\SEGGER_RTT.c 0x00000000   Number         0  segger_rtt.o ABSOLUTE
    ..\..\..\..\..\..\external\segger_rtt\SEGGER_RTT_printf.c 0x00000000   Number         0  segger_rtt_printf.o ABSOLUTE
    ..\..\..\main.c                          0x00000000   Number         0  main.o ABSOLUTE
    ..\\..\\..\\..\\..\\..\\components\\boards\\boards.c 0x00000000   Number         0  boards.o ABSOLUTE
    ..\\..\\..\\..\\..\\..\\components\\drivers_nrf\\common\\nrf_drv_common.c 0x00000000   Number         0  nrf_drv_common.o ABSOLUTE
    ..\\..\\..\\..\\..\\..\\components\\drivers_nrf\\gpiote\\nrf_drv_gpiote.c 0x00000000   Number         0  nrf_drv_gpiote.o ABSOLUTE
    ..\\..\\..\\..\\..\\..\\components\\drivers_nrf\\timer\\nrf_drv_timer.c 0x00000000   Number         0  nrf_drv_timer.o ABSOLUTE
    ..\\..\\..\\..\\..\\..\\components\\drivers_nrf\\twi_master\\nrf_drv_twi.c 0x00000000   Number         0  nrf_drv_twi.o ABSOLUTE
    ..\\..\\..\\..\\..\\..\\components\\drivers_nrf\\uart\\nrf_drv_uart.c 0x00000000   Number         0  nrf_drv_uart.o ABSOLUTE
    ..\\..\\..\\..\\..\\..\\components\\libraries\\fifo\\app_fifo.c 0x00000000   Number         0  app_fifo.o ABSOLUTE
    ..\\..\\..\\..\\..\\..\\components\\libraries\\log\\src\\nrf_log_backend_serial.c 0x00000000   Number         0  nrf_log_backend_serial.o ABSOLUTE
    ..\\..\\..\\..\\..\\..\\components\\libraries\\log\\src\\nrf_log_frontend.c 0x00000000   Number         0  nrf_log_frontend.o ABSOLUTE
    ..\\..\\..\\..\\..\\..\\components\\libraries\\uart\\app_uart_fifo.c 0x00000000   Number         0  app_uart_fifo.o ABSOLUTE
    ..\\..\\..\\..\\..\\..\\components\\libraries\\uart\\retarget.c 0x00000000   Number         0  retarget.o ABSOLUTE
    ..\\..\\..\\..\\..\\..\\components\\libraries\\util\\app_error.c 0x00000000   Number         0  app_error.o ABSOLUTE
    ..\\..\\..\\..\\..\\..\\components\\libraries\\util\\app_error_weak.c 0x00000000   Number         0  app_error_weak.o ABSOLUTE
    ..\\..\\..\\..\\..\\..\\components\\libraries\\util\\app_util_platform.c 0x00000000   Number         0  app_util_platform.o ABSOLUTE
    ..\\..\\..\\..\\..\\..\\components\\libraries\\util\\nrf_assert.c 0x00000000   Number         0  nrf_assert.o ABSOLUTE
    ..\\..\\..\\..\\..\\..\\external\\segger_rtt\\SEGGER_RTT.c 0x00000000   Number         0  segger_rtt.o ABSOLUTE
    ..\\..\\..\\main.c                       0x00000000   Number         0  main.o ABSOLUTE
    RTE\Device\nRF51422_xxAC\arm_startup_nrf51.s 0x00000000   Number         0  arm_startup_nrf51.o ABSOLUTE
    RTE\Device\nRF51422_xxAC\system_nrf51.c  0x00000000   Number         0  system_nrf51.o ABSOLUTE
    RTE\\Device\\nRF51422_xxAC\\system_nrf51.c 0x00000000   Number         0  system_nrf51.o ABSOLUTE
    cdrcmple.s                               0x00000000   Number         0  cdrcmple.o ABSOLUTE
    dc.s                                     0x00000000   Number         0  dc.o ABSOLUTE
    handlers.s                               0x00000000   Number         0  handlers.o ABSOLUTE
    init.s                                   0x00000000   Number         0  init.o ABSOLUTE
    .ARM.Collect$$$$00000000                 0x000000c0   Section        0  entry.o(.ARM.Collect$$$$00000000)
    .ARM.Collect$$$$00000001                 0x000000c0   Section        4  entry2.o(.ARM.Collect$$$$00000001)
    .ARM.Collect$$$$00000004                 0x000000c4   Section        4  entry5.o(.ARM.Collect$$$$00000004)
    .ARM.Collect$$$$00000008                 0x000000c8   Section        0  entry7b.o(.ARM.Collect$$$$00000008)
    .ARM.Collect$$$$0000000A                 0x000000c8   Section        0  entry8b.o(.ARM.Collect$$$$0000000A)
    .ARM.Collect$$$$0000000B                 0x000000c8   Section        8  entry9a.o(.ARM.Collect$$$$0000000B)
    .ARM.Collect$$$$0000000D                 0x000000d0   Section        0  entry10a.o(.ARM.Collect$$$$0000000D)
    .ARM.Collect$$$$0000000F                 0x000000d0   Section        0  entry11a.o(.ARM.Collect$$$$0000000F)
    .ARM.Collect$$$$00002712                 0x000000d0   Section        4  entry2.o(.ARM.Collect$$$$00002712)
    __lit__00000000                          0x000000d0   Data           4  entry2.o(.ARM.Collect$$$$00002712)
    .text                                    0x000000d4   Section       56  arm_startup_nrf51.o(.text)
    .text                                    0x0000010c   Section        0  memcpya.o(.text)
    .text                                    0x00000130   Section        0  uldiv.o(.text)
    .text                                    0x00000190   Section       36  init.o(.text)
    .text                                    0x000001b4   Section        0  llshl.o(.text)
    .text                                    0x000001d4   Section        0  llushr.o(.text)
    i.GPIOTE_IRQHandler                      0x000001f8   Section        0  nrf_drv_gpiote.o(i.GPIOTE_IRQHandler)
    i.SPI0_TWI0_IRQHandler                   0x00000360   Section        0  nrf_drv_twi.o(i.SPI0_TWI0_IRQHandler)
    i.SX9324_init                            0x00000374   Section        0  main.o(i.SX9324_init)
    i.SX9324_read_DiffValue                  0x00000430   Section        0  main.o(i.SX9324_read_DiffValue)
    i.SX9324_read_RegIrqSrc                  0x000004a8   Section        0  main.o(i.SX9324_read_RegIrqSrc)
    i.SystemInit                             0x00000514   Section        0  system_nrf51.o(i.SystemInit)
    i.TIMER0_IRQHandler                      0x000005b4   Section        0  nrf_drv_timer.o(i.TIMER0_IRQHandler)
    i.UART0_IRQHandler                       0x000005f8   Section        0  nrf_drv_uart.o(i.UART0_IRQHandler)
    i.__0printf$8                            0x0000060c   Section        0  printf8.o(i.__0printf$8)
    i.__scatterload_copy                     0x0000062c   Section       14  handlers.o(i.__scatterload_copy)
    i.__scatterload_null                     0x0000063a   Section        2  handlers.o(i.__scatterload_null)
    i.__scatterload_zeroinit                 0x0000063c   Section       14  handlers.o(i.__scatterload_zeroinit)
    i._printf_core                           0x0000064c   Section        0  printf8.o(i._printf_core)
    _printf_core                             0x0000064d   Thumb Code  1020  printf8.o(i._printf_core)
    i._printf_post_padding                   0x00000a74   Section        0  printf8.o(i._printf_post_padding)
    _printf_post_padding                     0x00000a75   Thumb Code    32  printf8.o(i._printf_post_padding)
    i._printf_pre_padding                    0x00000a94   Section        0  printf8.o(i._printf_pre_padding)
    _printf_pre_padding                      0x00000a95   Thumb Code    44  printf8.o(i._printf_pre_padding)
    i.app_error_fault_handler                0x00000ac0   Section        0  app_error_weak.o(i.app_error_fault_handler)
    i.app_error_handler_bare                 0x00000b08   Section        0  app_error.o(i.app_error_handler_bare)
    i.app_fifo_get                           0x00000b20   Section        0  app_fifo.o(i.app_fifo_get)
    i.app_fifo_init                          0x00000b36   Section        0  app_fifo.o(i.app_fifo_init)
    i.app_fifo_put                           0x00000b5a   Section        0  app_fifo.o(i.app_fifo_put)
    i.app_uart_init                          0x00000b74   Section        0  app_uart_fifo.o(i.app_uart_init)
    i.app_uart_put                           0x00000c24   Section        0  app_uart_fifo.o(i.app_uart_put)
    i.app_util_critical_region_enter         0x00000c64   Section        0  app_util_platform.o(i.app_util_critical_region_enter)
    i.app_util_critical_region_exit          0x00000c6c   Section        0  app_util_platform.o(i.app_util_critical_region_exit)
    i.app_util_disable_irq                   0x00000c74   Section        0  app_util_platform.o(i.app_util_disable_irq)
    i.app_util_enable_irq                    0x00000c84   Section        0  app_util_platform.o(i.app_util_enable_irq)
    i.apply_config                           0x00000c98   Section        0  nrf_drv_uart.o(i.apply_config)
    apply_config                             0x00000c99   Thumb Code   128  nrf_drv_uart.o(i.apply_config)
    i.buf_prealloc                           0x00000d1c   Section        0  nrf_log_frontend.o(i.buf_prealloc)
    buf_prealloc                             0x00000d1d   Thumb Code    90  nrf_log_frontend.o(i.buf_prealloc)
    i.buffer_is_empty                        0x00000d84   Section        0  nrf_log_frontend.o(i.buffer_is_empty)
    i.channel_port_get                       0x00000d98   Section        0  nrf_drv_gpiote.o(i.channel_port_get)
    channel_port_get                         0x00000d99   Thumb Code    10  nrf_drv_gpiote.o(i.channel_port_get)
    i.fifo_get                               0x00000da8   Section        0  app_fifo.o(i.fifo_get)
    fifo_get                                 0x00000da9   Thumb Code    20  app_fifo.o(i.fifo_get)
    i.fifo_put                               0x00000dbc   Section        0  app_fifo.o(i.fifo_put)
    fifo_put                                 0x00000dbd   Thumb Code    18  app_fifo.o(i.fifo_put)
    i.fputc                                  0x00000dce   Section        0  retarget.o(i.fputc)
    i.irq_handler_twi                        0x00000ddc   Section        0  nrf_drv_twi.o(i.irq_handler_twi)
    irq_handler_twi                          0x00000ddd   Thumb Code   172  nrf_drv_twi.o(i.irq_handler_twi)
    i.is_manual_peripheral_setup_needed      0x00000e88   Section        0  system_nrf51.o(i.is_manual_peripheral_setup_needed)
    is_manual_peripheral_setup_needed        0x00000e89   Thumb Code    66  system_nrf51.o(i.is_manual_peripheral_setup_needed)
    i.main                                   0x00000ed0   Section        0  main.o(i.main)
    i.nrf_bitmask_bit_is_set                 0x00000f68   Section        0  nrf_drv_gpiote.o(i.nrf_bitmask_bit_is_set)
    nrf_bitmask_bit_is_set                   0x00000f69   Thumb Code    16  nrf_drv_gpiote.o(i.nrf_bitmask_bit_is_set)
    i.nrf_delay_us                           0x00000f78   Section        0  main.o(i.nrf_delay_us)
    nrf_delay_us                             0x00000f79   Thumb Code    38  main.o(i.nrf_delay_us)
    i.nrf_delay_us                           0x00000fa8   Section        0  nrf_drv_twi.o(i.nrf_delay_us)
    nrf_delay_us                             0x00000fa9   Thumb Code    38  nrf_drv_twi.o(i.nrf_delay_us)
    i.nrf_drv_common_irq_enable              0x00000fd8   Section        0  nrf_drv_common.o(i.nrf_drv_common_irq_enable)
    i.nrf_drv_timer_compare                  0x00001038   Section        0  nrf_drv_timer.o(i.nrf_drv_timer_compare)
    i.nrf_drv_timer_enable                   0x00001064   Section        0  nrf_drv_timer.o(i.nrf_drv_timer_enable)
    i.nrf_drv_timer_extended_compare         0x00001080   Section        0  nrf_drv_timer.o(i.nrf_drv_timer_extended_compare)
    i.nrf_drv_timer_init                     0x000010b0   Section        0  nrf_drv_timer.o(i.nrf_drv_timer_init)
    i.nrf_drv_twi_enable                     0x0000114c   Section        0  nrf_drv_twi.o(i.nrf_drv_twi_enable)
    i.nrf_drv_twi_init                       0x0000116c   Section        0  nrf_drv_twi.o(i.nrf_drv_twi_init)
    i.nrf_drv_twi_rx                         0x000011f4   Section        0  nrf_drv_twi.o(i.nrf_drv_twi_rx)
    i.nrf_drv_twi_tx                         0x00001218   Section        0  nrf_drv_twi.o(i.nrf_drv_twi_tx)
    i.nrf_drv_twi_xfer                       0x0000123c   Section        0  nrf_drv_twi.o(i.nrf_drv_twi_xfer)
    i.nrf_drv_uart_init                      0x00001264   Section        0  nrf_drv_uart.o(i.nrf_drv_uart_init)
    i.nrf_drv_uart_rx                        0x000012e4   Section        0  nrf_drv_uart.o(i.nrf_drv_uart_rx)
    i.nrf_drv_uart_rx_enable                 0x00001340   Section        0  nrf_drv_uart.o(i.nrf_drv_uart_rx_enable)
    i.nrf_drv_uart_rx_for_uart               0x0000136c   Section        0  nrf_drv_uart.o(i.nrf_drv_uart_rx_for_uart)
    nrf_drv_uart_rx_for_uart                 0x0000136d   Thumb Code   164  nrf_drv_uart.o(i.nrf_drv_uart_rx_for_uart)
    i.nrf_drv_uart_tx                        0x00001414   Section        0  nrf_drv_uart.o(i.nrf_drv_uart_tx)
    i.nrf_drv_uart_tx_for_uart               0x00001448   Section        0  nrf_drv_uart.o(i.nrf_drv_uart_tx_for_uart)
    nrf_drv_uart_tx_for_uart                 0x00001449   Thumb Code   134  nrf_drv_uart.o(i.nrf_drv_uart_tx_for_uart)
    i.nrf_drv_uart_tx_in_progress            0x000014d4   Section        0  nrf_drv_uart.o(i.nrf_drv_uart_tx_in_progress)
    i.nrf_drv_uart_uninit                    0x000014ec   Section        0  nrf_drv_uart.o(i.nrf_drv_uart_uninit)
    i.nrf_gpio_cfg                           0x00001584   Section        0  nrf_drv_uart.o(i.nrf_gpio_cfg)
    nrf_gpio_cfg                             0x00001585   Thumb Code    40  nrf_drv_uart.o(i.nrf_gpio_cfg)
    i.nrf_gpio_cfg_default                   0x000015ac   Section        0  nrf_drv_uart.o(i.nrf_gpio_cfg_default)
    nrf_gpio_cfg_default                     0x000015ad   Thumb Code    18  nrf_drv_uart.o(i.nrf_gpio_cfg_default)
    i.nrf_gpio_cfg_input                     0x000015be   Section        0  nrf_drv_uart.o(i.nrf_gpio_cfg_input)
    nrf_gpio_cfg_input                       0x000015bf   Thumb Code    18  nrf_drv_uart.o(i.nrf_gpio_cfg_input)
    i.nrf_gpio_cfg_output                    0x000015d0   Section        0  main.o(i.nrf_gpio_cfg_output)
    nrf_gpio_cfg_output                      0x000015d1   Thumb Code    20  main.o(i.nrf_gpio_cfg_output)
    i.nrf_gpio_cfg_output                    0x000015e4   Section        0  nrf_drv_uart.o(i.nrf_gpio_cfg_output)
    nrf_gpio_cfg_output                      0x000015e5   Thumb Code    20  nrf_drv_uart.o(i.nrf_gpio_cfg_output)
    i.nrf_gpio_cfg_sense_set                 0x000015f8   Section        0  nrf_drv_gpiote.o(i.nrf_gpio_cfg_sense_set)
    nrf_gpio_cfg_sense_set                   0x000015f9   Thumb Code    34  nrf_drv_gpiote.o(i.nrf_gpio_cfg_sense_set)
    i.nrf_gpio_pin_set                       0x0000161c   Section        0  nrf_drv_twi.o(i.nrf_gpio_pin_set)
    nrf_gpio_pin_set                         0x0000161d   Thumb Code    10  nrf_drv_twi.o(i.nrf_gpio_pin_set)
    i.nrf_gpio_pin_toggle                    0x0000162c   Section        0  main.o(i.nrf_gpio_pin_toggle)
    nrf_gpio_pin_toggle                      0x0000162d   Thumb Code    20  main.o(i.nrf_gpio_pin_toggle)
    i.nrf_gpio_ports_read                    0x00001644   Section        0  nrf_drv_gpiote.o(i.nrf_gpio_ports_read)
    nrf_gpio_ports_read                      0x00001645   Thumb Code    36  nrf_drv_gpiote.o(i.nrf_gpio_ports_read)
    i.nrf_gpiote_event_clear                 0x0000166c   Section        0  nrf_drv_gpiote.o(i.nrf_gpiote_event_clear)
    nrf_gpiote_event_clear                   0x0000166d   Thumb Code    10  nrf_drv_gpiote.o(i.nrf_gpiote_event_clear)
    i.nrf_gpiote_event_is_set                0x0000167c   Section        0  nrf_drv_gpiote.o(i.nrf_gpiote_event_is_set)
    nrf_gpiote_event_is_set                  0x0000167d   Thumb Code    14  nrf_drv_gpiote.o(i.nrf_gpiote_event_is_set)
    i.nrf_log_backend_init                   0x00001690   Section        0  nrf_log_backend_serial.o(i.nrf_log_backend_init)
    i.nrf_log_blocking_backend_set           0x00001708   Section        0  nrf_log_frontend.o(i.nrf_log_blocking_backend_set)
    i.nrf_log_frontend_dequeue               0x00001714   Section        0  nrf_log_frontend.o(i.nrf_log_frontend_dequeue)
    i.nrf_log_frontend_std_0                 0x00001860   Section        0  nrf_log_frontend.o(i.nrf_log_frontend_std_0)
    i.nrf_twi_event_check                    0x000018ac   Section        0  nrf_drv_twi.o(i.nrf_twi_event_check)
    nrf_twi_event_check                      0x000018ad   Thumb Code    10  nrf_drv_twi.o(i.nrf_twi_event_check)
    i.nrf_uart_event_check                   0x000018b6   Section        0  nrf_drv_uart.o(i.nrf_uart_event_check)
    nrf_uart_event_check                     0x000018b7   Thumb Code    10  nrf_drv_uart.o(i.nrf_uart_event_check)
    i.nrf_uart_int_enable_check              0x000018c0   Section        0  nrf_drv_uart.o(i.nrf_uart_int_enable_check)
    nrf_uart_int_enable_check                0x000018c1   Thumb Code    16  nrf_drv_uart.o(i.nrf_uart_int_enable_check)
    i.rx_byte                                0x000018d0   Section        0  nrf_drv_uart.o(i.rx_byte)
    rx_byte                                  0x000018d1   Thumb Code    38  nrf_drv_uart.o(i.rx_byte)
    i.rx_done_event                          0x000018f6   Section        0  nrf_drv_uart.o(i.rx_done_event)
    rx_done_event                            0x000018f7   Thumb Code    20  nrf_drv_uart.o(i.rx_done_event)
    i.rx_enable                              0x0000190a   Section        0  nrf_drv_uart.o(i.rx_enable)
    rx_enable                                0x0000190b   Thumb Code    26  nrf_drv_uart.o(i.rx_enable)
    i.timer_event_handler                    0x00001924   Section        0  main.o(i.timer_event_handler)
    i.timer_init                             0x00001940   Section        0  main.o(i.timer_init)
    i.twi_clear_bus                          0x000019b8   Section        0  nrf_drv_twi.o(i.twi_clear_bus)
    twi_clear_bus                            0x000019b9   Thumb Code   138  nrf_drv_twi.o(i.twi_clear_bus)
    i.twi_handler                            0x00001a50   Section        0  main.o(i.twi_handler)
    i.twi_init                               0x00001aa4   Section        0  main.o(i.twi_init)
    i.twi_process_error                      0x00001af0   Section        0  nrf_drv_twi.o(i.twi_process_error)
    twi_process_error                        0x00001af1   Thumb Code    28  nrf_drv_twi.o(i.twi_process_error)
    i.twi_rx_start_transfer                  0x00001b10   Section        0  nrf_drv_twi.o(i.twi_rx_start_transfer)
    twi_rx_start_transfer                    0x00001b11   Thumb Code   154  nrf_drv_twi.o(i.twi_rx_start_transfer)
    i.twi_send_byte                          0x00001bb0   Section        0  nrf_drv_twi.o(i.twi_send_byte)
    twi_send_byte                            0x00001bb1   Thumb Code    46  nrf_drv_twi.o(i.twi_send_byte)
    i.twi_transfer                           0x00001bde   Section        0  nrf_drv_twi.o(i.twi_transfer)
    twi_transfer                             0x00001bdf   Thumb Code   264  nrf_drv_twi.o(i.twi_transfer)
    i.twi_tx_start_transfer                  0x00001ce8   Section        0  nrf_drv_twi.o(i.twi_tx_start_transfer)
    twi_tx_start_transfer                    0x00001ce9   Thumb Code   152  nrf_drv_twi.o(i.twi_tx_start_transfer)
    i.twi_xfer                               0x00001d84   Section        0  nrf_drv_twi.o(i.twi_xfer)
    twi_xfer                                 0x00001d85   Thumb Code   140  nrf_drv_twi.o(i.twi_xfer)
    i.tx_byte                                0x00001e10   Section        0  nrf_drv_uart.o(i.tx_byte)
    tx_byte                                  0x00001e11   Thumb Code    30  nrf_drv_uart.o(i.tx_byte)
    i.tx_done_event                          0x00001e2e   Section        0  nrf_drv_uart.o(i.tx_done_event)
    tx_done_event                            0x00001e2f   Thumb Code    24  nrf_drv_uart.o(i.tx_done_event)
    i.uart_error_handle                      0x00001e46   Section        0  main.o(i.uart_error_handle)
    i.uart_event_handler                     0x00001e5c   Section        0  app_uart_fifo.o(i.uart_event_handler)
    uart_event_handler                       0x00001e5d   Thumb Code   158  app_uart_fifo.o(i.uart_event_handler)
    i.uart_event_handler                     0x00001f04   Section        0  nrf_log_backend_serial.o(i.uart_event_handler)
    uart_event_handler                       0x00001f05   Thumb Code    12  nrf_log_backend_serial.o(i.uart_event_handler)
    i.uart_init                              0x00001f14   Section        0  main.o(i.uart_init)
    i.uart_irq_handler                       0x00001f74   Section        0  nrf_drv_uart.o(i.uart_irq_handler)
    uart_irq_handler                         0x00001f75   Thumb Code   296  nrf_drv_uart.o(i.uart_irq_handler)
    .constdata                               0x0000209c   Section       64  main.o(.constdata)
    m_twi                                    0x0000209c   Data           8  main.o(.constdata)
    Sensor_Timer                             0x000020a4   Data           8  main.o(.constdata)
    .constdata                               0x000020dc   Section       12  nrf_drv_twi.o(.constdata)
    .constdata                               0x000020e8   Section        4  nrf_drv_gpiote.o(.constdata)
    .constdata                               0x000020ec   Section       32  app_uart_fifo.o(.constdata)
    .constdata                               0x0000210c   Section       32  nrf_log_backend_serial.o(.constdata)
    .constdata                               0x0000212c   Section       36  nrf_log_frontend.o(.constdata)
    .conststring                             0x00002150   Section       11  nrf_log_frontend.o(.conststring)
    .data                                    0x20000000   Section      105  main.o(.data)
    m_xfer_done                              0x20000000   Data           1  main.o(.data)
    m_sample                                 0x20000001   Data           2  main.o(.data)
    .data                                    0x2000006c   Section       16  app_uart_fifo.o(.data)
    tx_buffer                                0x2000006c   Data           1  app_uart_fifo.o(.data)
    rx_buffer                                0x2000006d   Data           1  app_uart_fifo.o(.data)
    m_rx_ovf                                 0x2000006e   Data           1  app_uart_fifo.o(.data)
    m_event_handler                          0x20000070   Data           4  app_uart_fifo.o(.data)
    app_uart_inst                            0x20000074   Data           8  app_uart_fifo.o(.data)
    .data                                    0x2000007c   Section        4  app_util_platform.o(.data)
    m_in_critical_region                     0x2000007c   Data           4  app_util_platform.o(.data)
    .data                                    0x20000080   Section        4  retarget.o(.data)
    .data                                    0x20000084   Section       12  nrf_log_backend_serial.o(.data)
    m_initialized                            0x20000084   Data           1  nrf_log_backend_serial.o(.data)
    m_blocking_mode                          0x20000085   Data           1  nrf_log_backend_serial.o(.data)
    m_rx_done                                0x20000086   Data           1  nrf_log_backend_serial.o(.data)
    m_uart                                   0x20000088   Data           8  nrf_log_backend_serial.o(.data)
    .data                                    0x20000090   Section        4  nrf_log_frontend.o(.data)
    m_overflow_info                          0x20000090   Data           4  nrf_log_frontend.o(.data)
    .data                                    0x20000094   Section        4  system_nrf51.o(.data)
    __tagsym$$used                           0x20000094   Number         0  system_nrf51.o(.data)
    .bss                                     0x20000098   Section      512  main.o(.bss)
    rx_buf                                   0x20000098   Data         256  main.o(.bss)
    tx_buf                                   0x20000198   Data         256  main.o(.bss)
    .bss                                     0x20000298   Section       28  nrf_drv_uart.o(.bss)
    m_cb                                     0x20000298   Data          28  nrf_drv_uart.o(.bss)
    .bss                                     0x200002b4   Section       40  nrf_drv_twi.o(.bss)
    m_cb                                     0x200002b4   Data          40  nrf_drv_twi.o(.bss)
    .bss                                     0x200002dc   Section       12  nrf_drv_timer.o(.bss)
    m_cb                                     0x200002dc   Data          12  nrf_drv_timer.o(.bss)
    .bss                                     0x200002e8   Section       56  nrf_drv_gpiote.o(.bss)
    m_cb                                     0x200002e8   Data          56  nrf_drv_gpiote.o(.bss)
    .bss                                     0x20000320   Section       32  app_uart_fifo.o(.bss)
    m_rx_fifo                                0x20000320   Data          16  app_uart_fifo.o(.bss)
    m_tx_fifo                                0x20000330   Data          16  app_uart_fifo.o(.bss)
    .bss                                     0x20000340   Section     1048  nrf_log_frontend.o(.bss)
    m_log_data                               0x20000340   Data        1048  nrf_log_frontend.o(.bss)
    STACK                                    0x20000758   Section     2048  arm_startup_nrf51.o(STACK)

    Global Symbols

    Symbol Name                              Value     Ov Type        Size  Object(Section)

    BuildAttributes$$THM_ISAv3M$S$PE$A:L22$X:L11$S22$IEEE1$IW$USESV6$~STKCKD$USESV7$~SHL$OSPACE$ROPI$EBA8$MICROLIB$REQ8$PRES8$EABIv2 0x00000000   Number         0  anon$$obj.o ABSOLUTE
    __ARM_use_no_argv                        0x00000000   Number         0  main.o ABSOLUTE
    __Vectors                                0x00000000   Data           4  arm_startup_nrf51.o(RESET)
    _printf_a                                0x00000000   Number         0  stubs.o ABSOLUTE
    _printf_c                                0x00000000   Number         0  stubs.o ABSOLUTE
    _printf_charcount                        0x00000000   Number         0  stubs.o ABSOLUTE
    _printf_d                                0x00000000   Number         0  stubs.o ABSOLUTE
    _printf_e                                0x00000000   Number         0  stubs.o ABSOLUTE
    _printf_f                                0x00000000   Number         0  stubs.o ABSOLUTE
    _printf_flags                            0x00000000   Number         0  stubs.o ABSOLUTE
    _printf_fp_dec                           0x00000000   Number         0  stubs.o ABSOLUTE
    _printf_fp_hex                           0x00000000   Number         0  stubs.o ABSOLUTE
    _printf_g                                0x00000000   Number         0  stubs.o ABSOLUTE
    _printf_i                                0x00000000   Number         0  stubs.o ABSOLUTE
    _printf_int_dec                          0x00000000   Number         0  stubs.o ABSOLUTE
    _printf_l                                0x00000000   Number         0  stubs.o ABSOLUTE
    _printf_lc                               0x00000000   Number         0  stubs.o ABSOLUTE
    _printf_ll                               0x00000000   Number         0  stubs.o ABSOLUTE
    _printf_lld                              0x00000000   Number         0  stubs.o ABSOLUTE
    _printf_lli                              0x00000000   Number         0  stubs.o ABSOLUTE
    _printf_llo                              0x00000000   Number         0  stubs.o ABSOLUTE
    _printf_llu                              0x00000000   Number         0  stubs.o ABSOLUTE
    _printf_llx                              0x00000000   Number         0  stubs.o ABSOLUTE
    _printf_longlong_dec                     0x00000000   Number         0  stubs.o ABSOLUTE
    _printf_longlong_hex                     0x00000000   Number         0  stubs.o ABSOLUTE
    _printf_longlong_oct                     0x00000000   Number         0  stubs.o ABSOLUTE
    _printf_ls                               0x00000000   Number         0  stubs.o ABSOLUTE
    _printf_mbtowc                           0x00000000   Number         0  stubs.o ABSOLUTE
    _printf_n                                0x00000000   Number         0  stubs.o ABSOLUTE
    _printf_o                                0x00000000   Number         0  stubs.o ABSOLUTE
    _printf_p                                0x00000000   Number         0  stubs.o ABSOLUTE
    _printf_percent                          0x00000000   Number         0  stubs.o ABSOLUTE
    _printf_pre_padding                      0x00000000   Number         0  stubs.o ABSOLUTE
    _printf_return_value                     0x00000000   Number         0  stubs.o ABSOLUTE
    _printf_s                                0x00000000   Number         0  stubs.o ABSOLUTE
    _printf_sizespec                         0x00000000   Number         0  stubs.o ABSOLUTE
    _printf_str                              0x00000000   Number         0  stubs.o ABSOLUTE
    _printf_truncate_signed                  0x00000000   Number         0  stubs.o ABSOLUTE
    _printf_truncate_unsigned                0x00000000   Number         0  stubs.o ABSOLUTE
    _printf_u                                0x00000000   Number         0  stubs.o ABSOLUTE
    _printf_wc                               0x00000000   Number         0  stubs.o ABSOLUTE
    _printf_wctomb                           0x00000000   Number         0  stubs.o ABSOLUTE
    _printf_widthprec                        0x00000000   Number         0  stubs.o ABSOLUTE
    _printf_x                                0x00000000   Number         0  stubs.o ABSOLUTE
    __cpp_initialize__aeabi_                  - Undefined Weak Reference
    __cxa_finalize                            - Undefined Weak Reference
    __decompress                              - Undefined Weak Reference
    _clock_init                               - Undefined Weak Reference
    _microlib_exit                            - Undefined Weak Reference
    __Vectors_End                            0x000000c0   Data           0  arm_startup_nrf51.o(RESET)
    __Vectors_Size                           0x000000c0   Number         0  arm_startup_nrf51.o ABSOLUTE
    __main                                   0x000000c1   Thumb Code     0  entry.o(.ARM.Collect$$$$00000000)
    _main_stk                                0x000000c1   Thumb Code     0  entry2.o(.ARM.Collect$$$$00000001)
    _main_scatterload                        0x000000c5   Thumb Code     0  entry5.o(.ARM.Collect$$$$00000004)
    __main_after_scatterload                 0x000000c9   Thumb Code     0  entry5.o(.ARM.Collect$$$$00000004)
    _main_clock                              0x000000c9   Thumb Code     0  entry7b.o(.ARM.Collect$$$$00000008)
    _main_cpp_init                           0x000000c9   Thumb Code     0  entry8b.o(.ARM.Collect$$$$0000000A)
    _main_init                               0x000000c9   Thumb Code     0  entry9a.o(.ARM.Collect$$$$0000000B)
    __rt_final_cpp                           0x000000d1   Thumb Code     0  entry10a.o(.ARM.Collect$$$$0000000D)
    __rt_final_exit                          0x000000d1   Thumb Code     0  entry11a.o(.ARM.Collect$$$$0000000F)
    Reset_Handler                            0x000000d5   Thumb Code    26  arm_startup_nrf51.o(.text)
    NMI_Handler                              0x000000ef   Thumb Code     2  arm_startup_nrf51.o(.text)
    HardFault_Handler                        0x000000f1   Thumb Code     2  arm_startup_nrf51.o(.text)
    SVC_Handler                              0x000000f3   Thumb Code     2  arm_startup_nrf51.o(.text)
    PendSV_Handler                           0x000000f5   Thumb Code     2  arm_startup_nrf51.o(.text)
    SysTick_Handler                          0x000000f7   Thumb Code     2  arm_startup_nrf51.o(.text)
    ADC_IRQHandler                           0x000000f9   Thumb Code     0  arm_startup_nrf51.o(.text)
    CCM_AAR_IRQHandler                       0x000000f9   Thumb Code     0  arm_startup_nrf51.o(.text)
    ECB_IRQHandler                           0x000000f9   Thumb Code     0  arm_startup_nrf51.o(.text)
    LPCOMP_IRQHandler                        0x000000f9   Thumb Code     0  arm_startup_nrf51.o(.text)
    POWER_CLOCK_IRQHandler                   0x000000f9   Thumb Code     0  arm_startup_nrf51.o(.text)
    QDEC_IRQHandler                          0x000000f9   Thumb Code     0  arm_startup_nrf51.o(.text)
    RADIO_IRQHandler                         0x000000f9   Thumb Code     0  arm_startup_nrf51.o(.text)
    RNG_IRQHandler                           0x000000f9   Thumb Code     0  arm_startup_nrf51.o(.text)
    RTC0_IRQHandler                          0x000000f9   Thumb Code     0  arm_startup_nrf51.o(.text)
    RTC1_IRQHandler                          0x000000f9   Thumb Code     0  arm_startup_nrf51.o(.text)
    SPI1_TWI1_IRQHandler                     0x000000f9   Thumb Code     0  arm_startup_nrf51.o(.text)
    SWI0_IRQHandler                          0x000000f9   Thumb Code     0  arm_startup_nrf51.o(.text)
    SWI1_IRQHandler                          0x000000f9   Thumb Code     0  arm_startup_nrf51.o(.text)
    SWI2_IRQHandler                          0x000000f9   Thumb Code     0  arm_startup_nrf51.o(.text)
    SWI3_IRQHandler                          0x000000f9   Thumb Code     0  arm_startup_nrf51.o(.text)
    SWI4_IRQHandler                          0x000000f9   Thumb Code     0  arm_startup_nrf51.o(.text)
    SWI5_IRQHandler                          0x000000f9   Thumb Code     0  arm_startup_nrf51.o(.text)
    TEMP_IRQHandler                          0x000000f9   Thumb Code     0  arm_startup_nrf51.o(.text)
    TIMER1_IRQHandler                        0x000000f9   Thumb Code     0  arm_startup_nrf51.o(.text)
    TIMER2_IRQHandler                        0x000000f9   Thumb Code     0  arm_startup_nrf51.o(.text)
    WDT_IRQHandler                           0x000000f9   Thumb Code     0  arm_startup_nrf51.o(.text)
    __aeabi_memcpy                           0x0000010d   Thumb Code    36  memcpya.o(.text)
    __aeabi_memcpy4                          0x0000010d   Thumb Code     0  memcpya.o(.text)
    __aeabi_memcpy8                          0x0000010d   Thumb Code     0  memcpya.o(.text)
    __aeabi_uldivmod                         0x00000131   Thumb Code    96  uldiv.o(.text)
    __scatterload                            0x00000191   Thumb Code    28  init.o(.text)
    __scatterload_rt2                        0x00000191   Thumb Code     0  init.o(.text)
    __aeabi_llsl                             0x000001b5   Thumb Code    32  llshl.o(.text)
    _ll_shift_l                              0x000001b5   Thumb Code     0  llshl.o(.text)
    __aeabi_llsr                             0x000001d5   Thumb Code    34  llushr.o(.text)
    _ll_ushift_r                             0x000001d5   Thumb Code     0  llushr.o(.text)
    GPIOTE_IRQHandler                        0x000001f9   Thumb Code   346  nrf_drv_gpiote.o(i.GPIOTE_IRQHandler)
    SPI0_TWI0_IRQHandler                     0x00000361   Thumb Code    12  nrf_drv_twi.o(i.SPI0_TWI0_IRQHandler)
    SX9324_init                              0x00000375   Thumb Code   120  main.o(i.SX9324_init)
    SX9324_read_DiffValue                    0x00000431   Thumb Code    78  main.o(i.SX9324_read_DiffValue)
    SX9324_read_RegIrqSrc                    0x000004a9   Thumb Code    76  main.o(i.SX9324_read_RegIrqSrc)
    SystemInit                               0x00000515   Thumb Code   130  system_nrf51.o(i.SystemInit)
    TIMER0_IRQHandler                        0x000005b5   Thumb Code    60  nrf_drv_timer.o(i.TIMER0_IRQHandler)
    UART0_IRQHandler                         0x000005f9   Thumb Code    12  nrf_drv_uart.o(i.UART0_IRQHandler)
    __0printf$8                              0x0000060d   Thumb Code    24  printf8.o(i.__0printf$8)
    __1printf$8                              0x0000060d   Thumb Code     0  printf8.o(i.__0printf$8)
    __2printf                                0x0000060d   Thumb Code     0  printf8.o(i.__0printf$8)
    __scatterload_copy                       0x0000062d   Thumb Code    14  handlers.o(i.__scatterload_copy)
    __scatterload_null                       0x0000063b   Thumb Code     2  handlers.o(i.__scatterload_null)
    __scatterload_zeroinit                   0x0000063d   Thumb Code    14  handlers.o(i.__scatterload_zeroinit)
    app_error_fault_handler                  0x00000ac1   Thumb Code    38  app_error_weak.o(i.app_error_fault_handler)
    app_error_handler_bare                   0x00000b09   Thumb Code    20  app_error.o(i.app_error_handler_bare)
    app_fifo_get                             0x00000b21   Thumb Code    22  app_fifo.o(i.app_fifo_get)
    app_fifo_init                            0x00000b37   Thumb Code    36  app_fifo.o(i.app_fifo_init)
    app_fifo_put                             0x00000b5b   Thumb Code    26  app_fifo.o(i.app_fifo_put)
    app_uart_init                            0x00000b75   Thumb Code   160  app_uart_fifo.o(i.app_uart_init)
    app_uart_put                             0x00000c25   Thumb Code    56  app_uart_fifo.o(i.app_uart_put)
    app_util_critical_region_enter           0x00000c65   Thumb Code     8  app_util_platform.o(i.app_util_critical_region_enter)
    app_util_critical_region_exit            0x00000c6d   Thumb Code     8  app_util_platform.o(i.app_util_critical_region_exit)
    app_util_disable_irq                     0x00000c75   Thumb Code    12  app_util_platform.o(i.app_util_disable_irq)
    app_util_enable_irq                      0x00000c85   Thumb Code    14  app_util_platform.o(i.app_util_enable_irq)
    buffer_is_empty                          0x00000d85   Thumb Code    16  nrf_log_frontend.o(i.buffer_is_empty)
    fputc                                    0x00000dcf   Thumb Code    14  retarget.o(i.fputc)
    main                                     0x00000ed1   Thumb Code   106  main.o(i.main)
    nrf_drv_common_irq_enable                0x00000fd9   Thumb Code    78  nrf_drv_common.o(i.nrf_drv_common_irq_enable)
    nrf_drv_timer_compare                    0x00001039   Thumb Code    42  nrf_drv_timer.o(i.nrf_drv_timer_compare)
    nrf_drv_timer_enable                     0x00001065   Thumb Code    22  nrf_drv_timer.o(i.nrf_drv_timer_enable)
    nrf_drv_timer_extended_compare           0x00001081   Thumb Code    46  nrf_drv_timer.o(i.nrf_drv_timer_extended_compare)
    nrf_drv_timer_init                       0x000010b1   Thumb Code   150  nrf_drv_timer.o(i.nrf_drv_timer_init)
    nrf_drv_twi_enable                       0x0000114d   Thumb Code    28  nrf_drv_twi.o(i.nrf_drv_twi_enable)
    nrf_drv_twi_init                         0x0000116d   Thumb Code   124  nrf_drv_twi.o(i.nrf_drv_twi_init)
    nrf_drv_twi_rx                           0x000011f5   Thumb Code    30  nrf_drv_twi.o(i.nrf_drv_twi_rx)
    nrf_drv_twi_tx                           0x00001219   Thumb Code    36  nrf_drv_twi.o(i.nrf_drv_twi_tx)
    nrf_drv_twi_xfer                         0x0000123d   Thumb Code    36  nrf_drv_twi.o(i.nrf_drv_twi_xfer)
    nrf_drv_uart_init                        0x00001265   Thumb Code   118  nrf_drv_uart.o(i.nrf_drv_uart_init)
    nrf_drv_uart_rx                          0x000012e5   Thumb Code    86  nrf_drv_uart.o(i.nrf_drv_uart_rx)
    nrf_drv_uart_rx_enable                   0x00001341   Thumb Code    40  nrf_drv_uart.o(i.nrf_drv_uart_rx_enable)
    nrf_drv_uart_tx                          0x00001415   Thumb Code    46  nrf_drv_uart.o(i.nrf_drv_uart_tx)
    nrf_drv_uart_tx_in_progress              0x000014d5   Thumb Code    20  nrf_drv_uart.o(i.nrf_drv_uart_tx_in_progress)
    nrf_drv_uart_uninit                      0x000014ed   Thumb Code   140  nrf_drv_uart.o(i.nrf_drv_uart_uninit)
    nrf_log_backend_init                     0x00001691   Thumb Code   102  nrf_log_backend_serial.o(i.nrf_log_backend_init)
    nrf_log_blocking_backend_set             0x00001709   Thumb Code    10  nrf_log_frontend.o(i.nrf_log_blocking_backend_set)
    nrf_log_frontend_dequeue                 0x00001715   Thumb Code   318  nrf_log_frontend.o(i.nrf_log_frontend_dequeue)
    nrf_log_frontend_std_0                   0x00001861   Thumb Code    68  nrf_log_frontend.o(i.nrf_log_frontend_std_0)
    timer_event_handler                      0x00001925   Thumb Code    22  main.o(i.timer_event_handler)
    timer_init                               0x00001941   Thumb Code    82  main.o(i.timer_init)
    twi_handler                              0x00001a51   Thumb Code    66  main.o(i.twi_handler)
    twi_init                                 0x00001aa5   Thumb Code    48  main.o(i.twi_init)
    uart_error_handle                        0x00001e47   Thumb Code    20  main.o(i.uart_error_handle)
    uart_init                                0x00001f15   Thumb Code    60  main.o(i.uart_init)
    Region$$Table$$Base                      0x0000215c   Number         0  anon$$obj.o(Region$$Table)
    Region$$Table$$Limit                     0x0000217c   Number         0  anon$$obj.o(Region$$Table)
    PSENSOR_INIT_REGISTERS                   0x20000003   Data         102  main.o(.data)
    __stdout                                 0x20000080   Data           4  retarget.o(.data)
    SystemCoreClock                          0x20000094   Data           4  system_nrf51.o(.data)
    __initial_sp                             0x20000f58   Data           0  arm_startup_nrf51.o(STACK)



==============================================================================

Memory Map of the image

  Image Entry point : 0x000000c1

  Load Region LR_IROM1 (Base: 0x00000000, Size: 0x00002214, Max: 0x00040000, ABSOLUTE)

    Execution Region ER_IROM1 (Exec base: 0x00000000, Load base: 0x00000000, Size: 0x0000217c, Max: 0x00040000, ABSOLUTE)

    Exec Addr    Load Addr    Size         Type   Attr      Idx    E Section Name        Object

    0x00000000   0x00000000   0x000000c0   Data   RO         1734    RESET               arm_startup_nrf51.o
    0x000000c0   0x000000c0   0x00000000   Code   RO         1776  * .ARM.Collect$$$$00000000  mc_p.l(entry.o)
    0x000000c0   0x000000c0   0x00000004   Code   RO         2076    .ARM.Collect$$$$00000001  mc_p.l(entry2.o)
    0x000000c4   0x000000c4   0x00000004   Code   RO         2079    .ARM.Collect$$$$00000004  mc_p.l(entry5.o)
    0x000000c8   0x000000c8   0x00000000   Code   RO         2081    .ARM.Collect$$$$00000008  mc_p.l(entry7b.o)
    0x000000c8   0x000000c8   0x00000000   Code   RO         2083    .ARM.Collect$$$$0000000A  mc_p.l(entry8b.o)
    0x000000c8   0x000000c8   0x00000008   Code   RO         2084    .ARM.Collect$$$$0000000B  mc_p.l(entry9a.o)
    0x000000d0   0x000000d0   0x00000000   Code   RO         2086    .ARM.Collect$$$$0000000D  mc_p.l(entry10a.o)
    0x000000d0   0x000000d0   0x00000000   Code   RO         2088    .ARM.Collect$$$$0000000F  mc_p.l(entry11a.o)
    0x000000d0   0x000000d0   0x00000004   Code   RO         2077    .ARM.Collect$$$$00002712  mc_p.l(entry2.o)
    0x000000d4   0x000000d4   0x00000038   Code   RO         1735    .text               arm_startup_nrf51.o
    0x0000010c   0x0000010c   0x00000024   Code   RO         1807    .text               mc_p.l(memcpya.o)
    0x00000130   0x00000130   0x00000060   Code   RO         2092    .text               mc_p.l(uldiv.o)
    0x00000190   0x00000190   0x00000024   Code   RO         2105    .text               mc_p.l(init.o)
    0x000001b4   0x000001b4   0x00000020   Code   RO         2107    .text               mc_p.l(llshl.o)
    0x000001d4   0x000001d4   0x00000022   Code   RO         2109    .text               mc_p.l(llushr.o)
    0x000001f6   0x000001f6   0x00000002   PAD
    0x000001f8   0x000001f8   0x00000168   Code   RO          841    i.GPIOTE_IRQHandler  nrf_drv_gpiote.o
    0x00000360   0x00000360   0x00000014   Code   RO          582    i.SPI0_TWI0_IRQHandler  nrf_drv_twi.o
    0x00000374   0x00000374   0x000000bc   Code   RO            3    i.SX9324_init       main.o
    0x00000430   0x00000430   0x00000078   Code   RO            4    i.SX9324_read_DiffValue  main.o
    0x000004a8   0x000004a8   0x0000006c   Code   RO            5    i.SX9324_read_RegIrqSrc  main.o
    0x00000514   0x00000514   0x000000a0   Code   RO         1742    i.SystemInit        system_nrf51.o
    0x000005b4   0x000005b4   0x00000044   Code   RO          735    i.TIMER0_IRQHandler  nrf_drv_timer.o
    0x000005f8   0x000005f8   0x00000014   Code   RO          389    i.UART0_IRQHandler  nrf_drv_uart.o
    0x0000060c   0x0000060c   0x00000020   Code   RO         2022    i.__0printf$8       mc_p.l(printf8.o)
    0x0000062c   0x0000062c   0x0000000e   Code   RO         2119    i.__scatterload_copy  mc_p.l(handlers.o)
    0x0000063a   0x0000063a   0x00000002   Code   RO         2120    i.__scatterload_null  mc_p.l(handlers.o)
    0x0000063c   0x0000063c   0x0000000e   Code   RO         2121    i.__scatterload_zeroinit  mc_p.l(handlers.o)
    0x0000064a   0x0000064a   0x00000002   PAD
    0x0000064c   0x0000064c   0x00000428   Code   RO         2029    i._printf_core      mc_p.l(printf8.o)
    0x00000a74   0x00000a74   0x00000020   Code   RO         2030    i._printf_post_padding  mc_p.l(printf8.o)
    0x00000a94   0x00000a94   0x0000002c   Code   RO         2031    i._printf_pre_padding  mc_p.l(printf8.o)
    0x00000ac0   0x00000ac0   0x00000048   Code   RO         1092    i.app_error_fault_handler  app_error_weak.o
    0x00000b08   0x00000b08   0x00000018   Code   RO         1054    i.app_error_handler_bare  app_error.o
    0x00000b20   0x00000b20   0x00000016   Code   RO         1116    i.app_fifo_get      app_fifo.o
    0x00000b36   0x00000b36   0x00000024   Code   RO         1117    i.app_fifo_init     app_fifo.o
    0x00000b5a   0x00000b5a   0x0000001a   Code   RO         1119    i.app_fifo_put      app_fifo.o
    0x00000b74   0x00000b74   0x000000b0   Code   RO         1190    i.app_uart_init     app_uart_fifo.o
    0x00000c24   0x00000c24   0x00000040   Code   RO         1191    i.app_uart_put      app_uart_fifo.o
    0x00000c64   0x00000c64   0x00000008   Code   RO         1249    i.app_util_critical_region_enter  app_util_platform.o
    0x00000c6c   0x00000c6c   0x00000008   Code   RO         1250    i.app_util_critical_region_exit  app_util_platform.o
    0x00000c74   0x00000c74   0x00000010   Code   RO         1251    i.app_util_disable_irq  app_util_platform.o
    0x00000c84   0x00000c84   0x00000014   Code   RO         1252    i.app_util_enable_irq  app_util_platform.o
    0x00000c98   0x00000c98   0x00000084   Code   RO          390    i.apply_config      nrf_drv_uart.o
    0x00000d1c   0x00000d1c   0x00000068   Code   RO         1455    i.buf_prealloc      nrf_log_frontend.o
    0x00000d84   0x00000d84   0x00000014   Code   RO         1456    i.buffer_is_empty   nrf_log_frontend.o
    0x00000d98   0x00000d98   0x00000010   Code   RO          844    i.channel_port_get  nrf_drv_gpiote.o
    0x00000da8   0x00000da8   0x00000014   Code   RO         1122    i.fifo_get          app_fifo.o
    0x00000dbc   0x00000dbc   0x00000012   Code   RO         1123    i.fifo_put          app_fifo.o
    0x00000dce   0x00000dce   0x0000000e   Code   RO         1312    i.fputc             retarget.o
    0x00000ddc   0x00000ddc   0x000000ac   Code   RO          583    i.irq_handler_twi   nrf_drv_twi.o
    0x00000e88   0x00000e88   0x00000048   Code   RO         1743    i.is_manual_peripheral_setup_needed  system_nrf51.o
    0x00000ed0   0x00000ed0   0x00000098   Code   RO            7    i.main              main.o
    0x00000f68   0x00000f68   0x00000010   Code   RO          845    i.nrf_bitmask_bit_is_set  nrf_drv_gpiote.o
    0x00000f78   0x00000f78   0x00000030   Code   RO            8    i.nrf_delay_us      main.o
    0x00000fa8   0x00000fa8   0x00000030   Code   RO          584    i.nrf_delay_us      nrf_drv_twi.o
    0x00000fd8   0x00000fd8   0x00000060   Code   RO          353    i.nrf_drv_common_irq_enable  nrf_drv_common.o
    0x00001038   0x00001038   0x0000002a   Code   RO          738    i.nrf_drv_timer_compare  nrf_drv_timer.o
    0x00001062   0x00001062   0x00000002   PAD
    0x00001064   0x00001064   0x0000001c   Code   RO          742    i.nrf_drv_timer_enable  nrf_drv_timer.o
    0x00001080   0x00001080   0x0000002e   Code   RO          743    i.nrf_drv_timer_extended_compare  nrf_drv_timer.o
    0x000010ae   0x000010ae   0x00000002   PAD
    0x000010b0   0x000010b0   0x0000009c   Code   RO          745    i.nrf_drv_timer_init  nrf_drv_timer.o
    0x0000114c   0x0000114c   0x00000020   Code   RO          587    i.nrf_drv_twi_enable  nrf_drv_twi.o
    0x0000116c   0x0000116c   0x00000088   Code   RO          588    i.nrf_drv_twi_init  nrf_drv_twi.o
    0x000011f4   0x000011f4   0x00000024   Code   RO          589    i.nrf_drv_twi_rx    nrf_drv_twi.o
    0x00001218   0x00001218   0x00000024   Code   RO          592    i.nrf_drv_twi_tx    nrf_drv_twi.o
    0x0000123c   0x0000123c   0x00000028   Code   RO          594    i.nrf_drv_twi_xfer  nrf_drv_twi.o
    0x00001264   0x00001264   0x00000080   Code   RO          392    i.nrf_drv_uart_init  nrf_drv_uart.o
    0x000012e4   0x000012e4   0x0000005c   Code   RO          393    i.nrf_drv_uart_rx   nrf_drv_uart.o
    0x00001340   0x00001340   0x0000002c   Code   RO          396    i.nrf_drv_uart_rx_enable  nrf_drv_uart.o
    0x0000136c   0x0000136c   0x000000a8   Code   RO          397    i.nrf_drv_uart_rx_for_uart  nrf_drv_uart.o
    0x00001414   0x00001414   0x00000034   Code   RO          398    i.nrf_drv_uart_tx   nrf_drv_uart.o
    0x00001448   0x00001448   0x0000008c   Code   RO          400    i.nrf_drv_uart_tx_for_uart  nrf_drv_uart.o
    0x000014d4   0x000014d4   0x00000018   Code   RO          401    i.nrf_drv_uart_tx_in_progress  nrf_drv_uart.o
    0x000014ec   0x000014ec   0x00000098   Code   RO          402    i.nrf_drv_uart_uninit  nrf_drv_uart.o
    0x00001584   0x00001584   0x00000028   Code   RO          403    i.nrf_gpio_cfg      nrf_drv_uart.o
    0x000015ac   0x000015ac   0x00000012   Code   RO          404    i.nrf_gpio_cfg_default  nrf_drv_uart.o
    0x000015be   0x000015be   0x00000012   Code   RO          405    i.nrf_gpio_cfg_input  nrf_drv_uart.o
    0x000015d0   0x000015d0   0x00000014   Code   RO            9    i.nrf_gpio_cfg_output  main.o
    0x000015e4   0x000015e4   0x00000014   Code   RO          406    i.nrf_gpio_cfg_output  nrf_drv_uart.o
    0x000015f8   0x000015f8   0x00000022   Code   RO          867    i.nrf_gpio_cfg_sense_set  nrf_drv_gpiote.o
    0x0000161a   0x0000161a   0x00000002   PAD
    0x0000161c   0x0000161c   0x00000010   Code   RO          595    i.nrf_gpio_pin_set  nrf_drv_twi.o
    0x0000162c   0x0000162c   0x00000018   Code   RO           10    i.nrf_gpio_pin_toggle  main.o
    0x00001644   0x00001644   0x00000028   Code   RO          868    i.nrf_gpio_ports_read  nrf_drv_gpiote.o
    0x0000166c   0x0000166c   0x00000010   Code   RO          869    i.nrf_gpiote_event_clear  nrf_drv_gpiote.o
    0x0000167c   0x0000167c   0x00000014   Code   RO          870    i.nrf_gpiote_event_is_set  nrf_drv_gpiote.o
    0x00001690   0x00001690   0x00000078   Code   RO         1365    i.nrf_log_backend_init  nrf_log_backend_serial.o
    0x00001708   0x00001708   0x0000000a   Code   RO         1458    i.nrf_log_blocking_backend_set  nrf_log_frontend.o
    0x00001712   0x00001712   0x00000002   PAD
    0x00001714   0x00001714   0x0000014c   Code   RO         1459    i.nrf_log_frontend_dequeue  nrf_log_frontend.o
    0x00001860   0x00001860   0x0000004c   Code   RO         1462    i.nrf_log_frontend_std_0  nrf_log_frontend.o
    0x000018ac   0x000018ac   0x0000000a   Code   RO          596    i.nrf_twi_event_check  nrf_drv_twi.o
    0x000018b6   0x000018b6   0x0000000a   Code   RO          407    i.nrf_uart_event_check  nrf_drv_uart.o
    0x000018c0   0x000018c0   0x00000010   Code   RO          408    i.nrf_uart_int_enable_check  nrf_drv_uart.o
    0x000018d0   0x000018d0   0x00000026   Code   RO          409    i.rx_byte           nrf_drv_uart.o
    0x000018f6   0x000018f6   0x00000014   Code   RO          410    i.rx_done_event     nrf_drv_uart.o
    0x0000190a   0x0000190a   0x0000001a   Code   RO          411    i.rx_enable         nrf_drv_uart.o
    0x00001924   0x00001924   0x0000001c   Code   RO           11    i.timer_event_handler  main.o
    0x00001940   0x00001940   0x00000078   Code   RO           12    i.timer_init        main.o
    0x000019b8   0x000019b8   0x00000098   Code   RO          597    i.twi_clear_bus     nrf_drv_twi.o
    0x00001a50   0x00001a50   0x00000054   Code   RO           13    i.twi_handler       main.o
    0x00001aa4   0x00001aa4   0x0000004c   Code   RO           14    i.twi_init          main.o
    0x00001af0   0x00001af0   0x00000020   Code   RO          598    i.twi_process_error  nrf_drv_twi.o
    0x00001b10   0x00001b10   0x000000a0   Code   RO          599    i.twi_rx_start_transfer  nrf_drv_twi.o
    0x00001bb0   0x00001bb0   0x0000002e   Code   RO          600    i.twi_send_byte     nrf_drv_twi.o
    0x00001bde   0x00001bde   0x00000108   Code   RO          601    i.twi_transfer      nrf_drv_twi.o
    0x00001ce6   0x00001ce6   0x00000002   PAD
    0x00001ce8   0x00001ce8   0x0000009c   Code   RO          602    i.twi_tx_start_transfer  nrf_drv_twi.o
    0x00001d84   0x00001d84   0x0000008c   Code   RO          603    i.twi_xfer          nrf_drv_twi.o
    0x00001e10   0x00001e10   0x0000001e   Code   RO          412    i.tx_byte           nrf_drv_uart.o
    0x00001e2e   0x00001e2e   0x00000018   Code   RO          413    i.tx_done_event     nrf_drv_uart.o
    0x00001e46   0x00001e46   0x00000014   Code   RO           15    i.uart_error_handle  main.o
    0x00001e5a   0x00001e5a   0x00000002   PAD
    0x00001e5c   0x00001e5c   0x000000a8   Code   RO         1192    i.uart_event_handler  app_uart_fifo.o
    0x00001f04   0x00001f04   0x00000010   Code   RO         1372    i.uart_event_handler  nrf_log_backend_serial.o
    0x00001f14   0x00001f14   0x00000060   Code   RO           16    i.uart_init         main.o
    0x00001f74   0x00001f74   0x00000128   Code   RO          414    i.uart_irq_handler  nrf_drv_uart.o
    0x0000209c   0x0000209c   0x00000040   Data   RO           18    .constdata          main.o
    0x000020dc   0x000020dc   0x0000000c   Data   RO          608    .constdata          nrf_drv_twi.o
    0x000020e8   0x000020e8   0x00000004   Data   RO          874    .constdata          nrf_drv_gpiote.o
    0x000020ec   0x000020ec   0x00000020   Data   RO         1194    .constdata          app_uart_fifo.o
    0x0000210c   0x0000210c   0x00000020   Data   RO         1375    .constdata          nrf_log_backend_serial.o
    0x0000212c   0x0000212c   0x00000024   Data   RO         1474    .constdata          nrf_log_frontend.o
    0x00002150   0x00002150   0x0000000b   Data   RO         1475    .conststring        nrf_log_frontend.o
    0x0000215b   0x0000215b   0x00000001   PAD
    0x0000215c   0x0000215c   0x00000020   Data   RO         2117    Region$$Table       anon$$obj.o


    Execution Region RW_IRAM1 (Exec base: 0x20000000, Load base: 0x0000217c, Size: 0x00000f58, Max: 0x00008000, ABSOLUTE)

    Exec Addr    Load Addr    Size         Type   Attr      Idx    E Section Name        Object

    0x20000000   0x0000217c   0x00000069   Data   RW           19    .data               main.o
    0x20000069   0x000021e5   0x00000003   PAD
    0x2000006c   0x000021e8   0x00000010   Data   RW         1195    .data               app_uart_fifo.o
    0x2000007c   0x000021f8   0x00000004   Data   RW         1253    .data               app_util_platform.o
    0x20000080   0x000021fc   0x00000004   Data   RW         1313    .data               retarget.o
    0x20000084   0x00002200   0x0000000c   Data   RW         1376    .data               nrf_log_backend_serial.o
    0x20000090   0x0000220c   0x00000004   Data   RW         1476    .data               nrf_log_frontend.o
    0x20000094   0x00002210   0x00000004   Data   RW         1744    .data               system_nrf51.o
    0x20000098        -       0x00000200   Zero   RW           17    .bss                main.o
    0x20000298        -       0x0000001c   Zero   RW          415    .bss                nrf_drv_uart.o
    0x200002b4        -       0x00000028   Zero   RW          604    .bss                nrf_drv_twi.o
    0x200002dc        -       0x0000000c   Zero   RW          749    .bss                nrf_drv_timer.o
    0x200002e8        -       0x00000038   Zero   RW          873    .bss                nrf_drv_gpiote.o
    0x20000320        -       0x00000020   Zero   RW         1193    .bss                app_uart_fifo.o
    0x20000340        -       0x00000418   Zero   RW         1473    .bss                nrf_log_frontend.o
    0x20000758        -       0x00000800   Zero   RW         1732    STACK               arm_startup_nrf51.o


==============================================================================

Image component sizes


      Code (inc. data)   RO Data    RW Data    ZI Data      Debug   Object Name

        24          4          0          0          0       2185   app_error.o
        72         34          0          0          0       7146   app_error_weak.o
       122          0          0          0          0       4662   app_fifo.o
       408         34         32         16         32       9459   app_uart_fifo.o
        52         10          0          4          0       3084   app_util_platform.o
        56         18        192          0       2048        692   arm_startup_nrf51.o
      1084        328         64        105        512      54041   main.o
        96         18          0          0          0       8988   nrf_drv_common.o
       502         36          4          0         56      17136   nrf_drv_gpiote.o
       340         20          0          0         12      13711   nrf_drv_timer.o
      1496         78         12          0         40      29862   nrf_drv_twi.o
      1508         64          0          0         28      38252   nrf_drv_uart.o
       136         22         32         12          0       3443   nrf_log_backend_serial.o
       542         40         47          4       1048       7980   nrf_log_frontend.o
        14          0          0          4          0       2774   retarget.o
       232         36          0          4          0       2291   system_nrf51.o

    ----------------------------------------------------------------------
      6696        742        416        152       3776     205706   Object Totals
         0          0         32          0          0          0   (incl. Generated)
        12          0          1          3          0          0   (incl. Padding)

    ----------------------------------------------------------------------

      Code (inc. data)   RO Data    RW Data    ZI Data      Debug   Library Member Name

         0          0          0          0          0          0   entry.o
         0          0          0          0          0          0   entry10a.o
         0          0          0          0          0          0   entry11a.o
         8          4          0          0          0          0   entry2.o
         4          0          0          0          0          0   entry5.o
         0          0          0          0          0          0   entry7b.o
         0          0          0          0          0          0   entry8b.o
         8          4          0          0          0          0   entry9a.o
        30          0          0          0          0          0   handlers.o
        36          8          0          0          0         68   init.o
        32          0          0          0          0         68   llshl.o
        34          0          0          0          0         68   llushr.o
        36          0          0          0          0         60   memcpya.o
      1172         52          0          0          0        324   printf8.o
        96          0          0          0          0         84   uldiv.o

    ----------------------------------------------------------------------
      1460         68          0          0          0        672   Library Totals
         4          0          0          0          0          0   (incl. Padding)

    ----------------------------------------------------------------------

      Code (inc. data)   RO Data    RW Data    ZI Data      Debug   Library Name

      1456         68          0          0          0        672   mc_p.l

    ----------------------------------------------------------------------
      1460         68          0          0          0        672   Library Totals

    ----------------------------------------------------------------------

==============================================================================


      Code (inc. data)   RO Data    RW Data    ZI Data      Debug   

      8156        810        416        152       3776     202482   Grand Totals
      8156        810        416        152       3776     202482   ELF Image Totals
      8156        810        416        152          0          0   ROM Totals

==============================================================================

    Total RO  Size (Code + RO Data)                 8572 (   8.37kB)
    Total RW  Size (RW Data + ZI Data)              3928 (   3.84kB)
    Total ROM Size (Code + RO Data + RW Data)       8724 (   8.52kB)

==============================================================================

